01-20 10:20:16.317: D/ActivityThread(27776): SVC-SERVICE_ARGS handled : 0 / ServiceArgsData{token=android.os.BinderProxy@41978360 startId=1 args=Intent { act=com.google.android.music.leanback.APP_IN_USE cmp=com.google.android.music/.leanback.AutoCacheSchedulingService (has extras) }}
01-20 10:20:16.318: D/ActivityThread(27776): BDC-Calling onReceive: intent=Intent { act=com.google.android.music.START_DOWNLOAD_SCHEDULING flg=0x10 cmp=com.google.android.music/.wear.WearBroadcastReceiver }, ordered=true, receiver=com.google.android.music.wear.WearBroadcastReceiver@4187cd30
01-20 10:20:16.319: D/ActivityManager(361): getContentProviderImpl  return 6. result = android.app.IActivityManager$ContentProviderHolder@42788510
01-20 10:20:16.321: D/dalvikvm(27776): create interp thread : stack size=32KB
01-20 10:20:16.326: D/IPCThreadState(3804): [DN #5] BR_CLEAR_DEATH_NOTIFICATION_DONE cookie 0x5537ff80
01-20 10:20:16.344: D/dalvikvm(27776): create new thread
01-20 10:20:16.346: D/dalvikvm(27776): update thread list
01-20 10:20:16.347: D/dalvikvm(27776): threadid=17: interp stack at 0x53d30000
01-20 10:20:16.347: D/dalvikvm(27776): threadid=17: created from interp
01-20 10:20:16.347: D/dalvikvm(27776): start new thread
01-20 10:20:16.348: D/dalvikvm(27776): threadid=17: notify debugger
01-20 10:20:16.349: D/dalvikvm(27776): threadid=17 (SharedPreferencesImpl-load): calling run()
01-20 10:20:16.351: D/dalvikvm(27776): create interp thread : stack size=32KB
01-20 10:20:16.351: D/dalvikvm(27776): create new thread
01-20 10:20:16.352: D/dalvikvm(27776): update thread list
01-20 10:20:16.352: D/dalvikvm(27776): threadid=18: interp stack at 0x53e38000
01-20 10:20:16.352: D/dalvikvm(27776): threadid=18: created from interp
01-20 10:20:16.352: D/dalvikvm(27776): start new thread
01-20 10:20:16.353: D/dalvikvm(27776): threadid=18: notify debugger
01-20 10:20:16.354: D/dalvikvm(27776): threadid=18 (SharedPreferencesImpl-load): calling run()
01-20 10:20:16.354: D/dalvikvm(27776): threadid=18: exiting
01-20 10:20:16.355: D/dalvikvm(27776): threadid=18: bye!
01-20 10:20:16.367: D/dalvikvm(27776): threadid=17: exiting
01-20 10:20:16.368: D/dalvikvm(27776): threadid=17: bye!
01-20 10:20:16.379: D/ActivityThread(27776): BDC-RECEIVER handled : 0 / ReceiverData{intent=Intent { act=com.google.android.music.START_DOWNLOAD_SCHEDULING flg=0x10 cmp=com.google.android.music/.wear.WearBroadcastReceiver } packageName=com.google.android.music resultCode=0 resultData=null resultExtras=null}
01-20 10:20:16.380: D/ActivityThread(27776): SVC-Creating service: CreateServiceData{token=android.os.BinderProxy@419d7c38 className=com.google.android.music.download.TrackDownloadQueueService packageName=com.google.android.music intent=null}
01-20 10:20:16.401: D/IPCThreadState(3804): [DN #5] BR_CLEAR_DEATH_NOTIFICATION_DONE cookie 0x516d0ae0
01-20 10:20:16.460: I/GHttpClientFactory(27776): Using the GMSCore's GoogleHttpClient
01-20 10:20:16.477: D/dalvikvm(27776): create interp thread : stack size=32KB
01-20 10:20:16.477: D/dalvikvm(27776): create new thread
01-20 10:20:16.477: D/dalvikvm(27776): update thread list
01-20 10:20:16.478: D/dalvikvm(27776): threadid=17: interp stack at 0x53df0000
01-20 10:20:16.478: D/dalvikvm(27776): threadid=17: created from interp
01-20 10:20:16.479: D/dalvikvm(27776): start new thread
01-20 10:20:16.480: D/ActivityThread(27776): SVC-CREATE_SERVICE handled : 0 / CreateServiceData{token=android.os.BinderProxy@419d7c38 className=com.google.android.music.download.TrackDownloadQueueService packageName=com.google.android.music intent=null}
01-20 10:20:16.482: D/ActivityThread(27776): SVC-BIND_SERVICE handled : 0 / BindServiceData{token=android.os.BinderProxy@419d7c38 intent=Intent { cmp=com.google.android.music/.download.TrackDownloadQueueService }}
01-20 10:20:16.483: D/dalvikvm(27776): create interp thread : stack size=32KB
01-20 10:20:16.483: D/dalvikvm(27776): create new thread
01-20 10:20:16.484: D/dalvikvm(27776): update thread list
01-20 10:20:16.484: D/dalvikvm(27776): threadid=17: notify debugger
01-20 10:20:16.484: D/dalvikvm(27776): threadid=17 (DownloadThread): calling run()
01-20 10:20:16.484: D/dalvikvm(27776): threadid=18: interp stack at 0x53ef8000
01-20 10:20:16.484: D/dalvikvm(27776): threadid=18: created from interp
01-20 10:20:16.484: D/dalvikvm(27776): start new thread
01-20 10:20:16.485: D/dalvikvm(27776): threadid=18: notify debugger
01-20 10:20:16.485: D/dalvikvm(27776): threadid=18 (CacheService): calling run()
01-20 10:20:16.494: D/ActivityThread(27776): SVC-Creating service: CreateServiceData{token=android.os.BinderProxy@41884ef8 className=com.google.android.music.download.cache.TrackCacheService packageName=com.google.android.music intent=null}
01-20 10:20:16.496: D/IPCThreadState(361): [DN #5] BR_CLEAR_DEATH_NOTIFICATION_DONE cookie 0x559028a0
01-20 10:20:16.496: I/MusicLeanback(27776): Conditions not met for autocaching.
01-20 10:20:16.497: I/MusicLeanback(27776): Stop autocaching.
01-20 10:20:16.514: D/IPCThreadState(3804): [DN #5] BR_CLEAR_DEATH_NOTIFICATION_DONE cookie 0x55361ea8
01-20 10:20:16.519: D/IPCThreadState(3804): [DN #5] BR_CLEAR_DEATH_NOTIFICATION_DONE cookie 0x5685b3d0
01-20 10:20:16.521: D/ActivityThread(27776): SVC-CREATE_SERVICE handled : 0 / CreateServiceData{token=android.os.BinderProxy@41884ef8 className=com.google.android.music.download.cache.TrackCacheService packageName=com.google.android.music intent=null}
01-20 10:20:16.522: D/ActivityThread(27776): SVC-BIND_SERVICE handled : 0 / BindServiceData{token=android.os.BinderProxy@41884ef8 intent=Intent { cmp=com.google.android.music/.download.cache.TrackCacheService }}
01-20 10:20:16.525: D/ActivityThread(27776): SVC-Creating service: CreateServiceData{token=android.os.BinderProxy@41870bf0 className=com.google.android.music.wear.WearMetadataSyncService packageName=com.google.android.music intent=null}
01-20 10:20:16.525: D/dalvikvm(27776): create interp thread : stack size=32KB
01-20 10:20:16.526: D/dalvikvm(27776): create new thread
01-20 10:20:16.526: D/dalvikvm(27776): update thread list
01-20 10:20:16.526: D/dalvikvm(27776): threadid=19: interp stack at 0x54000000
01-20 10:20:16.526: D/dalvikvm(27776): threadid=19: created from interp
01-20 10:20:16.526: D/dalvikvm(27776): start new thread
01-20 10:20:16.526: D/dalvikvm(27776): threadid=19: notify debugger
01-20 10:20:16.526: D/dalvikvm(27776): threadid=19 (IntentService[WearMetadataSyncService]): calling run()
01-20 10:20:16.535: D/ActivityThread(27776): SVC-CREATE_SERVICE handled : 0 / CreateServiceData{token=android.os.BinderProxy@41870bf0 className=com.google.android.music.wear.WearMetadataSyncService packageName=com.google.android.music intent=null}
01-20 10:20:16.535: D/ActivityThread(27776): SVC-Calling onStartCommand: com.google.android.music.wear.WearMetadataSyncService@419f8210, flags=0, startId=1
01-20 10:20:16.536: D/ActivityThread(27776): SVC-SERVICE_ARGS handled : 0 / ServiceArgsData{token=android.os.BinderProxy@41870bf0 startId=1 args=Intent { cmp=com.google.android.music/.wear.WearMetadataSyncService }}
01-20 10:20:16.538: D/ActivityThread(27776): SVC-Destroying service: com.google.android.music.leanback.AutoCacheSchedulingService@419d6a20
01-20 10:20:16.538: D/dalvikvm(27776): threadid=16: exiting
01-20 10:20:16.539: D/dalvikvm(27776): threadid=16: bye!
01-20 10:20:16.541: D/ActivityThread(27776): SVC-STOP_SERVICE handled : 0 / android.os.BinderProxy@41978360
01-20 10:20:16.545: D/ActivityThread(27776): SVC-UNBIND_SERVICE handled : 0 / BindServiceData{token=android.os.BinderProxy@419d7c38 intent=Intent { cmp=com.google.android.music/.download.TrackDownloadQueueService }}
01-20 10:20:16.545: D/ActivityThread(27776): SVC-Destroying service: com.google.android.music.download.TrackDownloadQueueService@41936ad8
01-20 10:20:16.545: D/dalvikvm(27776): threadid=17: exiting
01-20 10:20:16.546: D/dalvikvm(27776): threadid=17: bye!
01-20 10:20:16.548: D/ActivityThread(27776): SVC-STOP_SERVICE handled : 0 / android.os.BinderProxy@419d7c38
01-20 10:20:16.550: D/ActivityThread(27776): SVC-UNBIND_SERVICE handled : 0 / BindServiceData{token=android.os.BinderProxy@41884ef8 intent=Intent { cmp=com.google.android.music/.download.cache.TrackCacheService }}
01-20 10:20:16.550: D/ActivityThread(27776): SVC-Destroying service: com.google.android.music.download.cache.TrackCacheService@41a27178
01-20 10:20:16.552: D/dalvikvm(27776): threadid=18: exiting
01-20 10:20:16.553: D/dalvikvm(27776): threadid=18: bye!
01-20 10:20:16.554: D/ActivityThread(27776): SVC-STOP_SERVICE handled : 0 / android.os.BinderProxy@41884ef8
01-20 10:20:16.584: E/ActivityThread(27776): Service com.google.android.music.download.TrackDownloadQueueService has leaked ServiceConnection com.google.android.gms.http.GoogleURLConnectionFactory$1@418f9248 that was originally bound here
01-20 10:20:16.584: E/ActivityThread(27776): android.app.ServiceConnectionLeaked: Service com.google.android.music.download.TrackDownloadQueueService has leaked ServiceConnection com.google.android.gms.http.GoogleURLConnectionFactory$1@418f9248 that was originally bound here
01-20 10:20:16.584: E/ActivityThread(27776): 	at android.app.LoadedApk$ServiceDispatcher.<init>(LoadedApk.java:995)
01-20 10:20:16.584: E/ActivityThread(27776): 	at android.app.LoadedApk.getServiceDispatcher(LoadedApk.java:889)
01-20 10:20:16.584: E/ActivityThread(27776): 	at android.app.ContextImpl.bindService(ContextImpl.java:1271)
01-20 10:20:16.584: E/ActivityThread(27776): 	at android.app.ContextImpl.bindService(ContextImpl.java:1263)
01-20 10:20:16.584: E/ActivityThread(27776): 	at android.content.ContextWrapper.bindService(ContextWrapper.java:394)
01-20 10:20:16.584: E/ActivityThread(27776): 	at com.google.android.gms.http.GoogleURLConnectionFactory.<init>(Unknown Source)
01-20 10:20:16.584: E/ActivityThread(27776): 	at com.google.android.gms.http.GoogleHttpClient.<init>(Unknown Source)
01-20 10:20:16.584: E/ActivityThread(27776): 	at com.google.android.gms.http.GoogleHttpClient.<init>(Unknown Source)
01-20 10:20:16.584: E/ActivityThread(27776): 	at com.google.android.gms.http.GoogleHttpClient.<init>(Unknown Source)
01-20 10:20:16.584: E/ActivityThread(27776): 	at com.google.android.music.GoogleHttpClientFactory.createGoogleHttpClient(GoogleHttpClientFactory.java:81)
01-20 10:20:16.584: E/ActivityThread(27776): 	at com.google.android.music.cloudclient.MusicRequest.createHttpClient(MusicRequest.java:110)
01-20 10:20:16.584: E/ActivityThread(27776): 	at com.google.android.music.cloudclient.MusicRequest.getSharedHttpClient(MusicRequest.java:100)
01-20 10:20:16.584: E/ActivityThread(27776): 	at com.google.android.music.download.BaseDownloadQueueManager.<init>(BaseDownloadQueueManager.java:110)
01-20 10:20:16.584: E/ActivityThread(27776): 	at com.google.android.music.download.TrackDownloadQueueManager.<init>(TrackDownloadQueueManager.java:10)
01-20 10:20:16.584: E/ActivityThread(27776): 	at com.google.android.music.download.TrackDownloadQueueService.onCreate(TrackDownloadQueueService.java:25)
01-20 10:20:16.584: E/ActivityThread(27776): 	at android.app.ActivityThread.handleCreateService(ActivityThread.java:2554)
01-20 10:20:16.584: E/ActivityThread(27776): 	at android.app.ActivityThread.access$1600(ActivityThread.java:181)
01-20 10:20:16.584: E/ActivityThread(27776): 	at android.app.ActivityThread$H.handleMessage(ActivityThread.java:1414)
01-20 10:20:16.584: E/ActivityThread(27776): 	at android.os.Handler.dispatchMessage(Handler.java:99)
01-20 10:20:16.584: E/ActivityThread(27776): 	at android.os.Looper.loop(Looper.java:153)
01-20 10:20:16.584: E/ActivityThread(27776): 	at android.app.ActivityThread.main(ActivityThread.java:5042)
01-20 10:20:16.584: E/ActivityThread(27776): 	at java.lang.reflect.Method.invokeNative(Native Method)
01-20 10:20:16.584: E/ActivityThread(27776): 	at java.lang.reflect.Method.invoke(Method.java:511)
01-20 10:20:16.584: E/ActivityThread(27776): 	at com.android.internal.os.ZygoteInit$MethodAndArgsCaller.run(ZygoteInit.java:821)
01-20 10:20:16.584: E/ActivityThread(27776): 	at com.android.internal.os.ZygoteInit.main(ZygoteInit.java:584)
01-20 10:20:16.584: E/ActivityThread(27776): 	at dalvik.system.NativeStart.main(Native Method)
01-20 10:20:16.585: D/IPCThreadState(27776): [DN #5] BR_CLEAR_DEATH_NOTIFICATION_DONE cookie 0x51fc2e68
01-20 10:20:16.737: D/SurfaceTexture(110): [StatusBar] onFrameAvailable
01-20 10:20:16.737: I/SurfaceTextureClient(461): [0x538e9340] frames:3, duration:2.004000, fps:1.496565
01-20 10:20:16.754: D/SurfaceTexture(110): [StatusBar] updateTexImage
01-20 10:20:16.754: I/SurfaceFlinger(110): [SurfaceFlinger] frames:1, duration:1.004000, fps:0.995179
01-20 10:20:16.944: D/PHONE/CallTime(529): [CallTime] PeriodicTimerCallback's run() is called
01-20 10:20:16.944: D/PHONE/CallTime(529): [CallTime] receive CALL_TIME_UPDATE message
01-20 10:20:16.945: D/PHONE/CallTime(529): [CallTime] periodicUpdateTimer() @ 91253133
01-20 10:20:17.239: D/SurfaceTexture(110): [StatusBar] onFrameAvailable
01-20 10:20:17.253: D/StateMachine(361): handleMessage: E msg.what=131155
01-20 10:20:17.253: D/StateMachine(361): processMsg: ConnectedState
01-20 10:20:17.254: D/WifiStateMachine(361): ConnectedState{ what=131155 when=-3ms arg1=498 target=Handler (com.android.internal.util.StateMachine$SmHandler) {41d86090} }
01-20 10:20:17.254: D/StateMachine(361): processMsg: L2ConnectedState
01-20 10:20:17.254: D/WifiStateMachine(361): L2ConnectedState{ what=131155 when=-3ms arg1=498 target=Handler (com.android.internal.util.StateMachine$SmHandler) {41d86090} }
01-20 10:20:17.255: D/WifiNative-wlan0(361): doString: SIGNAL_POLL
01-20 10:20:17.255: D/wpa_supplicant(16884): wpa_s 0x40feb6e8 cmd SIGNAL_POLL
01-20 10:20:17.256: D/SurfaceTexture(110): [StatusBar] updateTexImage
01-20 10:20:17.270: D/wpa_supplicant(16884): nl80211: survey data missing!
01-20 10:20:17.270: D/WifiCommon(361): [wlan0]SET "SIGNAL_POLL"
01-20 10:20:17.271: I/WifiStateMachine(361): fetchRssiAndLinkSpeedNative, newRssi=-64
01-20 10:20:17.273: D/StateMachine(361): handleMessage: X
01-20 10:20:17.742: D/SurfaceTexture(110): [StatusBar] onFrameAvailable
01-20 10:20:17.742: I/SurfaceTextureClient(461): [0x538e9340] frames:2, duration:1.005000, fps:1.989510
01-20 10:20:17.742: D/ADB_SERVICES(139): adb fdevent_process list (21) (14) (18) (22) 
01-20 10:20:17.758: D/SurfaceTexture(110): [StatusBar] updateTexImage
01-20 10:20:17.759: I/SurfaceFlinger(110): [SurfaceFlinger] frames:2, duration:1.004000, fps:1.990279
01-20 10:20:17.907: D/MtkAgps(121): agpsd poll timeout(600000)
01-20 10:20:17.944: D/PHONE/CallTime(529): [CallTime] PeriodicTimerCallback's run() is called
01-20 10:20:17.944: D/PHONE/CallTime(529): [CallTime] receive CALL_TIME_UPDATE message
01-20 10:20:17.945: D/PHONE/CallTime(529): [CallTime] periodicUpdateTimer() @ 91254133
01-20 10:20:18.707: V/Provider/Setting(361): from settings cache , name = sys_free_storage_log_interval value = null
01-20 10:20:18.707: V/Provider/Setting(361): from settings cache , name = disk_free_change_reporting_threshold value = null
01-20 10:20:18.746: D/SurfaceTexture(110): [StatusBar] onFrameAvailable
01-20 10:20:18.747: I/SurfaceTextureClient(461): [0x538e9340] frames:1, duration:1.004000, fps:0.995360
01-20 10:20:18.763: D/SurfaceTexture(110): [StatusBar] updateTexImage
01-20 10:20:18.764: I/SurfaceFlinger(110): [SurfaceFlinger] frames:1, duration:1.004000, fps:0.995137
01-20 10:20:18.944: D/PHONE/CallTime(529): [CallTime] PeriodicTimerCallback's run() is called
01-20 10:20:18.944: D/PHONE/CallTime(529): [CallTime] receive CALL_TIME_UPDATE message
01-20 10:20:18.945: D/PHONE/CallTime(529): [CallTime] periodicUpdateTimer() @ 91255133
01-20 10:20:19.249: D/SurfaceTexture(110): [StatusBar] onFrameAvailable
01-20 10:20:19.266: D/SurfaceTexture(110): [StatusBar] updateTexImage
01-20 10:20:19.386: W/ADB_SERVICES(139): create_local_service_socket() name=shell:ls -l /
01-20 10:20:19.387: D/ADB_SERVICES(139): Calling send_ready local=18776, remote=15243
01-20 10:20:19.388: W/ADB_SERVICES(27821): adb: unable to open /proc/27821/oom_adj
01-20 10:20:19.417: D/ConnectivityService(361): getActiveNetworkInfo:NetworkInfo: type: WIFI[], state: CONNECTED/CONNECTED, reason: (unspecified), extra: (none), roaming: false, failover: false, isAvailable: true, simId: 0/10140
01-20 10:20:19.418: D/ConnectivityService(361): getActiveNetworkInfo:NetworkInfo: type: WIFI[], state: CONNECTED/CONNECTED, reason: (unspecified), extra: (none), roaming: false, failover: false, isAvailable: true, simId: 0/10140
01-20 10:20:19.434: V/ActivityManager(361): Broadcast: Intent { act=UPDATE_NOTIFICATIONS_LIST flg=0x10 } ordered=false userid=0
01-20 10:20:19.460: D/IPCThreadState(361): [DN #5] BR_DEAD_BINDER cookie 0x5d676f90
01-20 10:20:19.460: V/ActivityManager(361): Death received in com.android.server.am.ActivityManagerService$AppDeathRecipient@42f5a560 for thread android.os.BinderProxy@42f903c0
01-20 10:20:19.460: I/ActivityManager(361): Process com.mapfactor.navigator (pid 26971) has died.
01-20 10:20:19.460: V/ActivityManager(361): Dying app: ProcessRecord{426f8ec8 26971:com.mapfactor.navigator/u0a140}, pid: 26971, thread: android.os.BinderProxy@42f903c0
01-20 10:20:19.464: V/ActivityManager(361): Removing app ProcessRecord{426f8ec8 0:com.mapfactor.navigator/u0a140} from list [ActivityRecord{41e7cfe8 com.android.phone/.InCallScreen}, ActivityRecord{41d26660 com.jrdcom.launcher/.Launcher}, ActivityRecord{41cd79e8 com.android.settings/.Settings}] with 3 entries
01-20 10:20:19.468: V/ActivityManager(361): Record #2 ActivityRecord{41cd79e8 com.android.settings/.Settings}: app=ProcessRecord{42a55ef0 25544:com.android.settings/1000}
01-20 10:20:19.468: V/ActivityManager(361): Record #1 ActivityRecord{41d26660 com.jrdcom.launcher/.Launcher}: app=ProcessRecord{427aa040 5520:com.jrdcom.launcher/u0a21}
01-20 10:20:19.468: V/ActivityManager(361): Record #0 ActivityRecord{41e7cfe8 com.android.phone/.InCallScreen}: app=ProcessRecord{41dbd048 529:com.android.phone/1001}
01-20 10:20:19.468: V/ActivityManager(361): Removing app ProcessRecord{426f8ec8 0:com.mapfactor.navigator/u0a140} from list [] with 0 entries
01-20 10:20:19.469: V/ActivityManager(361): Removing app ProcessRecord{426f8ec8 0:com.mapfactor.navigator/u0a140} from list [] with 0 entries
01-20 10:20:19.469: V/ActivityManager(361): Removing app ProcessRecord{426f8ec8 0:com.mapfactor.navigator/u0a140} from list [] with 0 entries
01-20 10:20:19.469: V/ActivityManager(361): Removing app ProcessRecord{426f8ec8 0:com.mapfactor.navigator/u0a140} from list [] with 0 entries
01-20 10:20:19.473: D/ActivityThread(3821): SVC-UNBIND_SERVICE handled : 0 / BindServiceData{token=android.os.BinderProxy@417e58a8 intent=Intent { act=com.google.android.gms.analytics.service.START cmp=com.google.android.gms/.analytics.service.AnalyticsService (has extras) }}
01-20 10:20:19.474: D/ActivityThread(3821): SVC-Destroying service: com.google.android.gms.analytics.service.AnalyticsService@41a2c6a8
01-20 10:20:19.480: D/dalvikvm(3821): threadid=18: exiting
01-20 10:20:19.481: D/dalvikvm(3821): threadid=18: bye!
01-20 10:20:19.482: D/ADB_SERVICES(139):  closing because is_eof=1 r=1 s->fde.force_eof=0
01-20 10:20:19.483: D/ActivityThread(3821): SVC-STOP_SERVICE handled : 0 / android.os.BinderProxy@417e58a8
01-20 10:20:19.484: D/IPCThreadState(361): [DN #5] BR_CLEAR_DEATH_NOTIFICATION_DONE cookie 0x5d676f90
01-20 10:20:19.497: W/ADB_SERVICES(139): create_local_service_socket() name=shell:ls -l -d /emmc@android/
01-20 10:20:19.498: D/ADB_SERVICES(139): Calling send_ready local=18777, remote=15244
01-20 10:20:19.499: W/ADB_SERVICES(27823): adb: unable to open /proc/27823/oom_adj
01-20 10:20:19.508: D/ADB_SERVICES(139):  closing because is_eof=1 r=1 s->fde.force_eof=0
01-20 10:20:19.531: W/ADB_SERVICES(139): create_local_service_socket() name=shell:ls -l -d /emmc@cache/
01-20 10:20:19.532: D/ADB_SERVICES(139): Calling send_ready local=18778, remote=15245
01-20 10:20:19.532: W/ADB_SERVICES(27825): adb: unable to open /proc/27825/oom_adj
01-20 10:20:19.541: D/ADB_SERVICES(139):  closing because is_eof=1 r=1 s->fde.force_eof=0
01-20 10:20:19.567: W/ADB_SERVICES(139): create_local_service_socket() name=shell:ls -l -d /emmc@custpack/
01-20 10:20:19.567: D/ADB_SERVICES(139): Calling send_ready local=18779, remote=15246
01-20 10:20:19.567: D/ADB_SERVICES(139): adb local_socket_ready list (18) (21) (22) 
01-20 10:20:19.568: D/ADB_SERVICES(139): adb socket read list (21) (18) (22) 
01-20 10:20:19.568: D/ADB_SERVICES(139): read_data=57706
01-20 10:20:19.568: D/ADB_SERVICES(139): max_read_time=0.000056 max_send_time=0.000053 
01-20 10:20:19.569: W/ADB_SERVICES(27827): adb: unable to open /proc/27827/oom_adj
01-20 10:20:19.577: D/ADB_SERVICES(139):  closing because is_eof=1 r=1 s->fde.force_eof=0
01-20 10:20:19.603: W/ADB_SERVICES(139): create_local_service_socket() name=shell:ls -l -d /emmc@ebr1/
01-20 10:20:19.604: D/ADB_SERVICES(139): Calling send_ready local=18780, remote=15247
01-20 10:20:19.605: W/ADB_SERVICES(27829): adb: unable to open /proc/27829/oom_adj
01-20 10:20:19.613: D/ADB_SERVICES(139):  closing because is_eof=1 r=1 s->fde.force_eof=0
01-20 10:20:19.637: W/ADB_SERVICES(139): create_local_service_socket() name=shell:ls -l -d /emmc@mobile_info/
01-20 10:20:19.637: D/ADB_SERVICES(139): Calling send_ready local=18781, remote=15248
01-20 10:20:19.638: W/ADB_SERVICES(27831): adb: unable to open /proc/27831/oom_adj
01-20 10:20:19.646: D/ADB_SERVICES(139):  closing because is_eof=1 r=1 s->fde.force_eof=0
01-20 10:20:19.671: W/ADB_SERVICES(139): create_local_service_socket() name=shell:ls -l -d /emmc@sec_ro/
01-20 10:20:19.672: D/ADB_SERVICES(139): Calling send_ready local=18782, remote=15249
01-20 10:20:19.673: W/ADB_SERVICES(27833): adb: unable to open /proc/27833/oom_adj
01-20 10:20:19.681: D/ADB_SERVICES(139):  closing because is_eof=1 r=1 s->fde.force_eof=0
01-20 10:20:19.707: W/ADB_SERVICES(139): create_local_service_socket() name=shell:ls -l -d /emmc@usrdata/
01-20 10:20:19.707: D/ADB_SERVICES(139): Calling send_ready local=18783, remote=15250
01-20 10:20:19.708: W/ADB_SERVICES(27835): adb: unable to open /proc/27835/oom_adj
01-20 10:20:19.731: D/ADB_SERVICES(139):  closing because is_eof=1 r=1 s->fde.force_eof=0
01-20 10:20:19.759: D/SurfaceTexture(110): [StatusBar] onFrameAvailable
01-20 10:20:19.759: I/SurfaceTextureClient(461): [0x538e9340] frames:2, duration:1.006000, fps:1.987310
01-20 10:20:19.768: D/SurfaceTexture(110): [StatusBar] updateTexImage
01-20 10:20:19.770: I/SurfaceFlinger(110): [SurfaceFlinger] frames:2, duration:1.005000, fps:1.988685
01-20 10:20:19.943: D/PHONE/CallTime(529): [CallTime] PeriodicTimerCallback's run() is called
01-20 10:20:19.944: D/PHONE/CallTime(529): [CallTime] receive CALL_TIME_UPDATE message
01-20 10:20:19.944: D/PHONE/CallTime(529): [CallTime] periodicUpdateTimer() @ 91256133
01-20 10:20:20.279: D/StateMachine(361): handleMessage: E msg.what=131155
01-20 10:20:20.283: D/StateMachine(361): processMsg: ConnectedState
01-20 10:20:20.284: D/WifiStateMachine(361): ConnectedState{ what=131155 when=-12ms arg1=498 target=Handler (com.android.internal.util.StateMachine$SmHandler) {41d86090} }
01-20 10:20:20.284: D/StateMachine(361): processMsg: L2ConnectedState
01-20 10:20:20.285: D/WifiStateMachine(361): L2ConnectedState{ what=131155 when=-13ms arg1=498 target=Handler (com.android.internal.util.StateMachine$SmHandler) {41d86090} }
01-20 10:20:20.285: D/WifiNative-wlan0(361): doString: SIGNAL_POLL
01-20 10:20:20.285: D/wpa_supplicant(16884): wpa_s 0x40feb6e8 cmd SIGNAL_POLL
01-20 10:20:20.286: D/wpa_supplicant(16884): nl80211: survey data missing!
01-20 10:20:20.286: D/WifiCommon(361): [wlan0]SET "SIGNAL_POLL"
01-20 10:20:20.287: I/WifiStateMachine(361): fetchRssiAndLinkSpeedNative, newRssi=-64
01-20 10:20:20.288: D/StateMachine(361): handleMessage: X
01-20 10:20:20.756: D/SurfaceTexture(110): [StatusBar] onFrameAvailable
01-20 10:20:20.757: I/SurfaceTextureClient(461): [0x538e9340] frames:1, duration:1.003000, fps:0.996744
01-20 10:20:20.773: D/SurfaceTexture(110): [StatusBar] updateTexImage
01-20 10:20:20.774: I/SurfaceFlinger(110): [SurfaceFlinger] frames:1, duration:1.004000, fps:0.995927
01-20 10:20:20.944: D/PHONE/CallTime(529): [CallTime] PeriodicTimerCallback's run() is called
01-20 10:20:20.944: D/PHONE/CallTime(529): [CallTime] receive CALL_TIME_UPDATE message
01-20 10:20:20.944: D/PHONE/CallTime(529): [CallTime] periodicUpdateTimer() @ 91257133
01-20 10:20:21.259: D/SurfaceTexture(110): [StatusBar] onFrameAvailable
01-20 10:20:21.276: D/SurfaceTexture(110): [StatusBar] updateTexImage
01-20 10:20:21.761: D/SurfaceTexture(110): [StatusBar] onFrameAvailable
01-20 10:20:21.761: I/SurfaceTextureClient(461): [0x538e9340] frames:2, duration:1.004000, fps:1.990093
01-20 10:20:21.778: D/SurfaceTexture(110): [StatusBar] updateTexImage
01-20 10:20:21.779: I/SurfaceFlinger(110): [SurfaceFlinger] frames:2, duration:1.004000, fps:1.990296
01-20 10:20:21.944: D/PHONE/CallTime(529): [CallTime] PeriodicTimerCallback's run() is called
01-20 10:20:21.944: D/PHONE/CallTime(529): [CallTime] receive CALL_TIME_UPDATE message
01-20 10:20:21.945: D/PHONE/CallTime(529): [CallTime] periodicUpdateTimer() @ 91258133
01-20 10:20:22.766: D/SurfaceTexture(110): [StatusBar] onFrameAvailable
01-20 10:20:22.766: I/SurfaceTextureClient(461): [0x538e9340] frames:1, duration:1.004000, fps:0.995132
01-20 10:20:22.767: D/ADB_SERVICES(139): adb fdevent_process list (21) (14) (18) (22) 
01-20 10:20:22.783: D/SurfaceTexture(110): [StatusBar] updateTexImage
01-20 10:20:22.783: I/SurfaceFlinger(110): [SurfaceFlinger] frames:1, duration:1.004000, fps:0.995138
01-20 10:20:22.944: D/PHONE/CallTime(529): [CallTime] PeriodicTimerCallback's run() is called
01-20 10:20:22.944: D/PHONE/CallTime(529): [CallTime] receive CALL_TIME_UPDATE message
01-20 10:20:22.945: D/PHONE/CallTime(529): [CallTime] periodicUpdateTimer() @ 91259133
01-20 10:20:23.268: D/SurfaceTexture(110): [StatusBar] onFrameAvailable
01-20 10:20:23.285: D/SurfaceTexture(110): [StatusBar] updateTexImage
01-20 10:20:23.289: D/StateMachine(361): handleMessage: E msg.what=131155
01-20 10:20:23.290: D/StateMachine(361): processMsg: ConnectedState
01-20 10:20:23.292: D/WifiStateMachine(361): ConnectedState{ what=131155 when=-3ms arg1=498 target=Handler (com.android.internal.util.StateMachine$SmHandler) {41d86090} }
01-20 10:20:23.292: D/StateMachine(361): processMsg: L2ConnectedState
01-20 10:20:23.293: D/WifiStateMachine(361): L2ConnectedState{ what=131155 when=-5ms arg1=498 target=Handler (com.android.internal.util.StateMachine$SmHandler) {41d86090} }
01-20 10:20:23.294: D/WifiNative-wlan0(361): doString: SIGNAL_POLL
01-20 10:20:23.295: D/wpa_supplicant(16884): wpa_s 0x40feb6e8 cmd SIGNAL_POLL
01-20 10:20:23.296: D/wpa_supplicant(16884): nl80211: survey data missing!
01-20 10:20:23.296: D/WifiCommon(361): [wlan0]SET "SIGNAL_POLL"
01-20 10:20:23.297: I/WifiStateMachine(361): fetchRssiAndLinkSpeedNative, newRssi=-64
01-20 10:20:23.298: D/StateMachine(361): handleMessage: X
01-20 10:20:23.771: D/SurfaceTexture(110): [StatusBar] onFrameAvailable
01-20 10:20:23.771: I/SurfaceTextureClient(461): [0x538e9340] frames:2, duration:1.004000, fps:1.990152
01-20 10:20:23.788: D/SurfaceTexture(110): [StatusBar] updateTexImage
01-20 10:20:23.788: I/SurfaceFlinger(110): [SurfaceFlinger] frames:2, duration:1.004000, fps:1.990270
01-20 10:20:23.944: D/PHONE/CallTime(529): [CallTime] PeriodicTimerCallback's run() is called
01-20 10:20:23.944: D/PHONE/CallTime(529): [CallTime] receive CALL_TIME_UPDATE message
01-20 10:20:23.945: D/PHONE/CallTime(529): [CallTime] periodicUpdateTimer() @ 91260133
01-20 10:20:24.385: W/ADB_SERVICES(139): create_local_service_socket() name=shell:ls -l /
01-20 10:20:24.386: D/ADB_SERVICES(139): Calling send_ready local=18784, remote=15251
01-20 10:20:24.386: W/ADB_SERVICES(27837): adb: unable to open /proc/27837/oom_adj
01-20 10:20:24.399: D/ADB_SERVICES(139):  closing because is_eof=1 r=-1 s->fde.force_eof=0
01-20 10:20:24.422: W/ADB_SERVICES(139): create_local_service_socket() name=shell:ls -l -d /emmc@android/
01-20 10:20:24.423: D/ADB_SERVICES(139): Calling send_ready local=18785, remote=15252
01-20 10:20:24.423: W/ADB_SERVICES(27839): adb: unable to open /proc/27839/oom_adj
01-20 10:20:24.432: D/ADB_SERVICES(139):  closing because is_eof=1 r=1 s->fde.force_eof=0
01-20 10:20:24.459: W/ADB_SERVICES(139): create_local_service_socket() name=shell:ls -l -d /emmc@cache/
01-20 10:20:24.460: D/ADB_SERVICES(139): Calling send_ready local=18786, remote=15253
01-20 10:20:24.461: W/ADB_SERVICES(27841): adb: unable to open /proc/27841/oom_adj
01-20 10:20:24.469: D/ADB_SERVICES(139):  closing because is_eof=1 r=1 s->fde.force_eof=0
01-20 10:20:24.492: W/ADB_SERVICES(139): create_local_service_socket() name=shell:ls -l -d /emmc@custpack/
01-20 10:20:24.492: D/ADB_SERVICES(139): Calling send_ready local=18787, remote=15254
01-20 10:20:24.493: W/ADB_SERVICES(27843): adb: unable to open /proc/27843/oom_adj
01-20 10:20:24.510: D/ADB_SERVICES(139):  closing because is_eof=1 r=1 s->fde.force_eof=0
01-20 10:20:24.527: W/ADB_SERVICES(139): create_local_service_socket() name=shell:ls -l -d /emmc@ebr1/
01-20 10:20:24.527: D/ADB_SERVICES(139): Calling send_ready local=18788, remote=15255
01-20 10:20:24.529: W/ADB_SERVICES(27845): adb: unable to open /proc/27845/oom_adj
01-20 10:20:24.537: D/ADB_SERVICES(139):  closing because is_eof=1 r=1 s->fde.force_eof=0
01-20 10:20:24.562: W/ADB_SERVICES(139): create_local_service_socket() name=shell:ls -l -d /emmc@mobile_info/
01-20 10:20:24.562: D/ADB_SERVICES(139): Calling send_ready local=18789, remote=15256
01-20 10:20:24.564: W/ADB_SERVICES(27847): adb: unable to open /proc/27847/oom_adj
01-20 10:20:24.569: D/ADB_SERVICES(139): adb socket read list (21) (18) (22) 
01-20 10:20:24.569: D/ADB_SERVICES(139): read_data=25478
01-20 10:20:24.569: D/ADB_SERVICES(139): max_read_time=0.000644 max_send_time=0.000046 
01-20 10:20:24.570: D/ADB_SERVICES(139): adb local_socket_ready list (18) (21) (22) 
01-20 10:20:24.572: D/ADB_SERVICES(139):  closing because is_eof=1 r=1 s->fde.force_eof=0
01-20 10:20:24.600: W/ADB_SERVICES(139): create_local_service_socket() name=shell:ls -l -d /emmc@sec_ro/
01-20 10:20:24.600: D/ADB_SERVICES(139): Calling send_ready local=18790, remote=15257
01-20 10:20:24.601: W/ADB_SERVICES(27849): adb: unable to open /proc/27849/oom_adj
01-20 10:20:24.609: D/ADB_SERVICES(139):  closing because is_eof=1 r=1 s->fde.force_eof=0
01-20 10:20:24.634: W/ADB_SERVICES(139): create_local_service_socket() name=shell:ls -l -d /emmc@usrdata/
01-20 10:20:24.634: D/ADB_SERVICES(139): Calling send_ready local=18791, remote=15258
01-20 10:20:24.635: W/ADB_SERVICES(27851): adb: unable to open /proc/27851/oom_adj
01-20 10:20:24.638: V/ActivityManager(361): Broadcast sticky: Intent { act=android.intent.action.SIG_STR flg=0x10 (has extras) } ordered=false userid=0
01-20 10:20:24.642: D/NetworkControllerGemini(461): PhoneStateListener:onSignalStrengthsChanged, sim1 before.
01-20 10:20:24.642: D/NetworkControllerGemini(461): PhoneStateListener:onSignalStrengthsChanged, signalStrength=3
01-20 10:20:24.642: D/NetworkControllerGemini(461): updateDataNetType(0), DataNetType=10.
01-20 10:20:24.643: D/Bluetooth HS/HF(529): [BT][HFG] [API] mStateReceiver.onReceive(android.intent.action.SIG_STR)
01-20 10:20:24.644: D/Bluetooth HS/HF(529): [BT][HFG] [API] mHandler.handleMessage(10)
01-20 10:20:24.652: D/ADB_SERVICES(139):  closing because is_eof=1 r=1 s->fde.force_eof=0
01-20 10:20:24.653: D/NetworkControllerGemini(461): updateDataNetType(0), simColorId=2
01-20 10:20:24.671: D/NetworkControllerGemini(461): updateDataNetType(0), DataNetType3G=Type_3G tempDataTypeIconId= 2130837709.
01-20 10:20:24.681: D/NetworkControllerGemini(461): isSimInserted(0), SimInserted=true
01-20 10:20:24.681: D/NetworkControllerGemini(461): updateTelephonySignalStrength(0), regState=1
01-20 10:20:24.681: D/NetworkControllerGemini(461): updateTelephonySignalStrength(0), hasService=true
01-20 10:20:24.681: D/NetworkControllerGemini(461): updateTelephonySignalStrength(0), isRoaming=false, mInetCondition=1
01-20 10:20:24.682: D/NetworkControllerGemini(461): updateTelephonySignalStrength(0), simColorId=2
01-20 10:20:24.682: D/NetworkControllerGemini(461): updateTelephonySignalStrength(0), tempDataNetType = Type_3G , simColorId=2  tempPhoneSignalIconId[0] = 2130837730  tempPhoneSignalIconId[1] = 0
01-20 10:20:24.682: D/NetworkControllerGemini(461):  updateTelephonySignalStrength(0) tempSIMCUSignVisible= true
01-20 10:20:24.682: D/NetworkControllerGemini(461): updateTelephonySignalStrength(0) mSIMCUSignVisible= true
01-20 10:20:24.682: D/NetworkControllerGemini(461): refreshViews(0), DataConnected=false
01-20 10:20:24.682: D/SignalClusterViewGemini(461): setDataConnected(0), dataConnected=false
01-20 10:20:24.682: D/SignalClusterViewGemini(461): setDataNetType3G(0), dataNetType=Type_3G
01-20 10:20:24.684: D/SignalClusterViewGemini(461): apply, mMobileVisible=true mMobileActivityId=0 mMobileTypeId=2130837709 mMobileStrengthId[0] = 2130837730 mMobileStrengthId[1] = 0
01-20 10:20:24.688: D/SignalClusterViewGemini(461): isSimInserted(0), SimInserted=true
01-20 10:20:24.688: D/SignalClusterViewGemini(461): mDataNetType =Type_3G resId= 0 simColorId = 2
01-20 10:20:24.689: D/SignalClusterViewGemini(461): apply, mMobileVisibleGemini=true mMobileActivityIdGemini=0 mMobileTypeIdGemini=2130837703 mMobileStrengthIdGemini[0] = 2130837735 mMobileStrengthIdGemini[1] = 0
01-20 10:20:24.691: D/SignalClusterViewGemini(461): isSimInserted(1), SimInserted=true
01-20 10:20:24.692: D/SignalClusterViewGemini(461): mDataNetTypeGemini =Type_G resId= 0 simColorId = 1
01-20 10:20:24.693: D/SignalClusterViewGemini(461): apply, mMobileVisible=true, mWifiVisible=true, mIsAirplaneMode=false
01-20 10:20:24.693: D/NetworkControllerGemini(461): PhoneStateListener:onSignalStrengthsChanged, sim1 after.
01-20 10:20:24.704: D/SurfaceTexture(110): [StatusBar] onFrameAvailable
01-20 10:20:24.718: D/SurfaceTexture(110): [StatusBar] updateTexImage
01-20 10:20:24.776: D/SurfaceTexture(110): [StatusBar] onFrameAvailable
01-20 10:20:24.776: I/SurfaceTextureClient(461): [0x538e9340] frames:2, duration:1.004000, fps:1.990432
01-20 10:20:24.793: D/SurfaceTexture(110): [StatusBar] updateTexImage
01-20 10:20:24.793: I/SurfaceFlinger(110): [SurfaceFlinger] frames:2, duration:1.004000, fps:1.990282
01-20 10:20:24.943: D/PHONE/CallTime(529): [CallTime] PeriodicTimerCallback's run() is called
01-20 10:20:24.944: D/PHONE/CallTime(529): [CallTime] receive CALL_TIME_UPDATE message
01-20 10:20:24.944: D/PHONE/CallTime(529): [CallTime] periodicUpdateTimer() @ 91261133
01-20 10:20:25.278: D/SurfaceTexture(110): [StatusBar] onFrameAvailable
01-20 10:20:25.295: D/SurfaceTexture(110): [StatusBar] updateTexImage
01-20 10:20:25.781: D/SurfaceTexture(110): [StatusBar] onFrameAvailable
01-20 10:20:25.781: I/SurfaceTextureClient(461): [0x538e9340] frames:2, duration:1.004000, fps:1.990188
01-20 10:20:25.798: D/SurfaceTexture(110): [StatusBar] updateTexImage
01-20 10:20:25.798: I/SurfaceFlinger(110): [SurfaceFlinger] frames:2, duration:1.004000, fps:1.990276
01-20 10:20:25.943: D/PHONE/CallTime(529): [CallTime] PeriodicTimerCallback's run() is called
01-20 10:20:25.944: D/PHONE/CallTime(529): [CallTime] receive CALL_TIME_UPDATE message
01-20 10:20:25.944: D/PHONE/CallTime(529): [CallTime] periodicUpdateTimer() @ 91262133
01-20 10:20:26.300: D/StateMachine(361): handleMessage: E msg.what=131155
01-20 10:20:26.300: D/StateMachine(361): processMsg: ConnectedState
01-20 10:20:26.301: D/WifiStateMachine(361): ConnectedState{ what=131155 when=-3ms arg1=498 target=Handler (com.android.internal.util.StateMachine$SmHandler) {41d86090} }
01-20 10:20:26.301: D/StateMachine(361): processMsg: L2ConnectedState
01-20 10:20:26.302: D/WifiStateMachine(361): L2ConnectedState{ what=131155 when=-4ms arg1=498 target=Handler (com.android.internal.util.StateMachine$SmHandler) {41d86090} }
01-20 10:20:26.302: D/WifiNative-wlan0(361): doString: SIGNAL_POLL
01-20 10:20:26.303: D/wpa_supplicant(16884): wpa_s 0x40feb6e8 cmd SIGNAL_POLL
01-20 10:20:26.304: D/wpa_supplicant(16884): nl80211: survey data missing!
01-20 10:20:26.304: D/WifiCommon(361): [wlan0]SET "SIGNAL_POLL"
01-20 10:20:26.305: I/WifiStateMachine(361): fetchRssiAndLinkSpeedNative, newRssi=-64
01-20 10:20:26.305: D/StateMachine(361): handleMessage: X
01-20 10:20:26.785: D/SurfaceTexture(110): [StatusBar] onFrameAvailable
01-20 10:20:26.786: I/SurfaceTextureClient(461): [0x538e9340] frames:1, duration:1.004000, fps:0.995152
01-20 10:20:26.802: D/SurfaceTexture(110): [StatusBar] updateTexImage
01-20 10:20:26.803: I/SurfaceFlinger(110): [SurfaceFlinger] frames:1, duration:1.004000, fps:0.995133
01-20 10:20:26.944: D/PHONE/CallTime(529): [CallTime] PeriodicTimerCallback's run() is called
01-20 10:20:26.944: D/PHONE/CallTime(529): [CallTime] receive CALL_TIME_UPDATE message
01-20 10:20:26.944: D/PHONE/CallTime(529): [CallTime] periodicUpdateTimer() @ 91263133
01-20 10:20:27.288: D/SurfaceTexture(110): [StatusBar] onFrameAvailable
01-20 10:20:27.305: D/SurfaceTexture(110): [StatusBar] updateTexImage
01-20 10:20:27.790: D/SurfaceTexture(110): [StatusBar] onFrameAvailable
01-20 10:20:27.791: I/SurfaceTextureClient(461): [0x538e9340] frames:2, duration:1.004000, fps:1.990163
01-20 10:20:27.791: D/ADB_SERVICES(139): adb fdevent_process list (21) (14) (18) (22) 
01-20 10:20:27.807: D/SurfaceTexture(110): [StatusBar] updateTexImage
01-20 10:20:27.808: I/SurfaceFlinger(110): [SurfaceFlinger] frames:2, duration:1.004000, fps:1.990240
01-20 10:20:27.944: D/PHONE/CallTime(529): [CallTime] PeriodicTimerCallback's run() is called
01-20 10:20:27.944: D/PHONE/CallTime(529): [CallTime] receive CALL_TIME_UPDATE message
01-20 10:20:27.944: D/PHONE/CallTime(529): [CallTime] periodicUpdateTimer() @ 91264133
01-20 10:20:28.795: D/SurfaceTexture(110): [StatusBar] onFrameAvailable
01-20 10:20:28.796: I/SurfaceTextureClient(461): [0x538e9340] frames:1, duration:1.004000, fps:0.995204
01-20 10:20:28.812: D/SurfaceTexture(110): [StatusBar] updateTexImage
01-20 10:20:28.813: I/SurfaceFlinger(110): [SurfaceFlinger] frames:1, duration:1.004000, fps:0.995161
01-20 10:20:28.944: D/PHONE/CallTime(529): [CallTime] PeriodicTimerCallback's run() is called
01-20 10:20:28.944: D/PHONE/CallTime(529): [CallTime] receive CALL_TIME_UPDATE message
01-20 10:20:28.945: D/PHONE/CallTime(529): [CallTime] periodicUpdateTimer() @ 91265133
01-20 10:20:29.298: D/SurfaceTexture(110): [StatusBar] onFrameAvailable
01-20 10:20:29.309: D/StateMachine(361): handleMessage: E msg.what=131155
01-20 10:20:29.309: D/StateMachine(361): processMsg: ConnectedState
01-20 10:20:29.310: D/WifiStateMachine(361): ConnectedState{ what=131155 when=-4ms arg1=498 target=Handler (com.android.internal.util.StateMachine$SmHandler) {41d86090} }
01-20 10:20:29.311: D/StateMachine(361): processMsg: L2ConnectedState
01-20 10:20:29.312: D/WifiStateMachine(361): L2ConnectedState{ what=131155 when=-6ms arg1=498 target=Handler (com.android.internal.util.StateMachine$SmHandler) {41d86090} }
01-20 10:20:29.312: D/WifiNative-wlan0(361): doString: SIGNAL_POLL
01-20 10:20:29.313: D/wpa_supplicant(16884): wpa_s 0x40feb6e8 cmd SIGNAL_POLL
01-20 10:20:29.315: D/SurfaceTexture(110): [StatusBar] updateTexImage
01-20 10:20:29.330: D/wpa_supplicant(16884): nl80211: survey data missing!
01-20 10:20:29.330: D/WifiCommon(361): [wlan0]SET "SIGNAL_POLL"
01-20 10:20:29.331: I/WifiStateMachine(361): fetchRssiAndLinkSpeedNative, newRssi=-64
01-20 10:20:29.331: D/StateMachine(361): handleMessage: X
01-20 10:20:29.385: W/ADB_SERVICES(139): create_local_service_socket() name=shell:ls -l /
01-20 10:20:29.386: D/ADB_SERVICES(139): Calling send_ready local=18792, remote=15259
01-20 10:20:29.387: W/ADB_SERVICES(27853): adb: unable to open /proc/27853/oom_adj
01-20 10:20:29.400: D/ADB_SERVICES(139):  closing because is_eof=1 r=1 s->fde.force_eof=0
01-20 10:20:29.420: W/ADB_SERVICES(139): create_local_service_socket() name=shell:ls -l -d /emmc@android/
01-20 10:20:29.421: D/ADB_SERVICES(139): Calling send_ready local=18793, remote=15260
01-20 10:20:29.422: W/ADB_SERVICES(27855): adb: unable to open /proc/27855/oom_adj
01-20 10:20:29.430: D/ADB_SERVICES(139):  closing because is_eof=1 r=1 s->fde.force_eof=0
01-20 10:20:29.455: W/ADB_SERVICES(139): create_local_service_socket() name=shell:ls -l -d /emmc@cache/
01-20 10:20:29.456: D/ADB_SERVICES(139): Calling send_ready local=18794, remote=15261
01-20 10:20:29.457: W/ADB_SERVICES(27857): adb: unable to open /proc/27857/oom_adj
01-20 10:20:29.465: D/ADB_SERVICES(139):  closing because is_eof=1 r=1 s->fde.force_eof=0
01-20 10:20:29.494: W/ADB_SERVICES(139): create_local_service_socket() name=shell:ls -l -d /emmc@custpack/
01-20 10:20:29.494: D/ADB_SERVICES(139): Calling send_ready local=18795, remote=15262
01-20 10:20:29.495: W/ADB_SERVICES(27859): adb: unable to open /proc/27859/oom_adj
01-20 10:20:29.503: D/ADB_SERVICES(139):  closing because is_eof=1 r=1 s->fde.force_eof=0
01-20 10:20:29.528: W/ADB_SERVICES(139): create_local_service_socket() name=shell:ls -l -d /emmc@ebr1/
01-20 10:20:29.529: D/ADB_SERVICES(139): Calling send_ready local=18796, remote=15263
01-20 10:20:29.530: W/ADB_SERVICES(27861): adb: unable to open /proc/27861/oom_adj
01-20 10:20:29.538: D/ADB_SERVICES(139):  closing because is_eof=1 r=1 s->fde.force_eof=0
01-20 10:20:29.563: W/ADB_SERVICES(139): create_local_service_socket() name=shell:ls -l -d /emmc@mobile_info/
01-20 10:20:29.564: D/ADB_SERVICES(139): Calling send_ready local=18797, remote=15264
01-20 10:20:29.565: W/ADB_SERVICES(27863): adb: unable to open /proc/27863/oom_adj
01-20 10:20:29.569: D/ADB_SERVICES(139): adb socket read list (21) (18) (22) 
01-20 10:20:29.569: D/ADB_SERVICES(139): read_data=30847
01-20 10:20:29.569: D/ADB_SERVICES(139): max_read_time=0.000044 max_send_time=0.000046 
01-20 10:20:29.570: D/ADB_SERVICES(139): adb local_socket_ready list (21) (18) (22) 
01-20 10:20:29.574: D/ADB_SERVICES(139):  closing because is_eof=1 r=1 s->fde.force_eof=0
01-20 10:20:29.599: W/ADB_SERVICES(139): create_local_service_socket() name=shell:ls -l -d /emmc@sec_ro/
01-20 10:20:29.599: D/ADB_SERVICES(139): Calling send_ready local=18798, remote=15265
01-20 10:20:29.600: W/ADB_SERVICES(27865): adb: unable to open /proc/27865/oom_adj
01-20 10:20:29.609: D/ADB_SERVICES(139):  closing because is_eof=1 r=1 s->fde.force_eof=0
01-20 10:20:29.633: W/ADB_SERVICES(139): create_local_service_socket() name=shell:ls -l -d /emmc@usrdata/
01-20 10:20:29.634: D/ADB_SERVICES(139): Calling send_ready local=18799, remote=15266
01-20 10:20:29.635: W/ADB_SERVICES(27867): adb: unable to open /proc/27867/oom_adj
01-20 10:20:29.643: D/ADB_SERVICES(139):  closing because is_eof=1 r=1 s->fde.force_eof=0
01-20 10:20:29.740: V/ActivityManager(361): Broadcast sticky: Intent { act=android.intent.action.SIG_STR flg=0x10 (has extras) } ordered=false userid=0
01-20 10:20:29.743: D/Bluetooth HS/HF(529): [BT][HFG] [API] mStateReceiver.onReceive(android.intent.action.SIG_STR)
01-20 10:20:29.743: D/Bluetooth HS/HF(529): [BT][HFG] [API] mHandler.handleMessage(10)
01-20 10:20:29.743: D/NetworkControllerGemini(461): PhoneStateListener:onSignalStrengthsChanged, sim1 before.
01-20 10:20:29.744: D/NetworkControllerGemini(461): PhoneStateListener:onSignalStrengthsChanged, signalStrength=3
01-20 10:20:29.744: D/NetworkControllerGemini(461): updateDataNetType(0), DataNetType=10.
01-20 10:20:29.744: D/NetworkControllerGemini(461): updateDataNetType(0), simColorId=2
01-20 10:20:29.744: D/NetworkControllerGemini(461): updateDataNetType(0), DataNetType3G=Type_3G tempDataTypeIconId= 2130837709.
01-20 10:20:29.744: D/NetworkControllerGemini(461): isSimInserted(0), SimInserted=true
01-20 10:20:29.745: D/NetworkControllerGemini(461): updateTelephonySignalStrength(0), regState=1
01-20 10:20:29.745: D/NetworkControllerGemini(461): updateTelephonySignalStrength(0), hasService=true
01-20 10:20:29.745: D/NetworkControllerGemini(461): updateTelephonySignalStrength(0), isRoaming=false, mInetCondition=1
01-20 10:20:29.745: D/NetworkControllerGemini(461): updateTelephonySignalStrength(0), simColorId=2
01-20 10:20:29.745: D/NetworkControllerGemini(461): updateTelephonySignalStrength(0), tempDataNetType = Type_3G , simColorId=2  tempPhoneSignalIconId[0] = 2130837730  tempPhoneSignalIconId[1] = 0
01-20 10:20:29.746: D/NetworkControllerGemini(461):  updateTelephonySignalStrength(0) tempSIMCUSignVisible= true
01-20 10:20:29.746: D/NetworkControllerGemini(461): updateTelephonySignalStrength(0) mSIMCUSignVisible= true
01-20 10:20:29.746: D/NetworkControllerGemini(461): refreshViews(0), DataConnected=false
01-20 10:20:29.746: D/SignalClusterViewGemini(461): setDataConnected(0), dataConnected=false
01-20 10:20:29.746: D/SignalClusterViewGemini(461): setDataNetType3G(0), dataNetType=Type_3G
01-20 10:20:29.747: D/SignalClusterViewGemini(461): apply, mMobileVisible=true mMobileActivityId=0 mMobileTypeId=2130837709 mMobileStrengthId[0] = 2130837730 mMobileStrengthId[1] = 0
01-20 10:20:29.748: D/SignalClusterViewGemini(461): isSimInserted(0), SimInserted=true
01-20 10:20:29.748: D/SignalClusterViewGemini(461): mDataNetType =Type_3G resId= 0 simColorId = 2
01-20 10:20:29.748: D/SignalClusterViewGemini(461): apply, mMobileVisibleGemini=true mMobileActivityIdGemini=0 mMobileTypeIdGemini=2130837703 mMobileStrengthIdGemini[0] = 2130837735 mMobileStrengthIdGemini[1] = 0
01-20 10:20:29.749: D/SignalClusterViewGemini(461): isSimInserted(1), SimInserted=true
01-20 10:20:29.749: D/SignalClusterViewGemini(461): mDataNetTypeGemini =Type_G resId= 0 simColorId = 1
01-20 10:20:29.749: D/SignalClusterViewGemini(461): apply, mMobileVisible=true, mWifiVisible=true, mIsAirplaneMode=false
01-20 10:20:29.750: D/NetworkControllerGemini(461): PhoneStateListener:onSignalStrengthsChanged, sim1 after.
01-20 10:20:29.766: D/SurfaceTexture(110): [StatusBar] onFrameAvailable
01-20 10:20:29.780: D/SurfaceTexture(110): [StatusBar] updateTexImage
01-20 10:20:29.801: D/SurfaceTexture(110): [StatusBar] onFrameAvailable
01-20 10:20:29.801: I/SurfaceTextureClient(461): [0x538e9340] frames:3, duration:1.004000, fps:2.985218
01-20 10:20:29.817: D/SurfaceTexture(110): [StatusBar] updateTexImage
01-20 10:20:29.818: I/SurfaceFlinger(110): [SurfaceFlinger] frames:3, duration:1.004000, fps:2.985405
01-20 10:20:29.944: D/PHONE/CallTime(529): [CallTime] PeriodicTimerCallback's run() is called
01-20 10:20:29.944: D/PHONE/CallTime(529): [CallTime] receive CALL_TIME_UPDATE message
01-20 10:20:29.945: D/PHONE/CallTime(529): [CallTime] periodicUpdateTimer() @ 91266133
01-20 10:20:30.565: I/AK__officetime(27729): AK_officetime 3.5.1
01-20 10:20:30.565: I/AK__officetime(27729): AK_officetime 3.1
01-20 10:20:30.566: I/AK__officetime(27729): AK_officetime 3.2
01-20 10:20:30.566: I/AK__officetime(27729): AK_officetime 3.3
01-20 10:20:30.566: I/AK__officetime(27729): AK_officetime 3.4
01-20 10:20:30.568: I/AK__officetime(27729): AK_officetime 3.5
01-20 10:20:30.805: D/SurfaceTexture(110): [StatusBar] onFrameAvailable
01-20 10:20:30.805: I/SurfaceTextureClient(461): [0x538e9340] frames:1, duration:1.004000, fps:0.995320
01-20 10:20:30.822: D/SurfaceTexture(110): [StatusBar] updateTexImage
01-20 10:20:30.823: I/SurfaceFlinger(110): [SurfaceFlinger] frames:1, duration:1.004000, fps:0.995125
01-20 10:20:30.943: D/PHONE/CallTime(529): [CallTime] PeriodicTimerCallback's run() is called
01-20 10:20:30.943: D/PHONE/CallTime(529): [CallTime] receive CALL_TIME_UPDATE message
01-20 10:20:30.944: D/PHONE/CallTime(529): [CallTime] periodicUpdateTimer() @ 91267133
01-20 10:20:31.307: D/SurfaceTexture(110): [StatusBar] onFrameAvailable
01-20 10:20:31.324: D/SurfaceTexture(110): [StatusBar] updateTexImage
01-20 10:20:31.810: D/SurfaceTexture(110): [StatusBar] onFrameAvailable
01-20 10:20:31.810: I/SurfaceTextureClient(461): [0x538e9340] frames:2, duration:1.004000, fps:1.990272
01-20 10:20:31.827: D/SurfaceTexture(110): [StatusBar] updateTexImage
01-20 10:20:31.827: I/SurfaceFlinger(110): [SurfaceFlinger] frames:2, duration:1.004000, fps:1.990294
01-20 10:20:31.943: D/PHONE/CallTime(529): [CallTime] PeriodicTimerCallback's run() is called
01-20 10:20:31.944: D/PHONE/CallTime(529): [CallTime] receive CALL_TIME_UPDATE message
01-20 10:20:31.944: D/PHONE/CallTime(529): [CallTime] periodicUpdateTimer() @ 91268133
01-20 10:20:32.335: D/StateMachine(361): handleMessage: E msg.what=131155
01-20 10:20:32.335: D/StateMachine(361): processMsg: ConnectedState
01-20 10:20:32.336: D/WifiStateMachine(361): ConnectedState{ what=131155 when=-4ms arg1=498 target=Handler (com.android.internal.util.StateMachine$SmHandler) {41d86090} }
01-20 10:20:32.336: D/StateMachine(361): processMsg: L2ConnectedState
01-20 10:20:32.336: D/WifiStateMachine(361): L2ConnectedState{ what=131155 when=-4ms arg1=498 target=Handler (com.android.internal.util.StateMachine$SmHandler) {41d86090} }
01-20 10:20:32.337: D/WifiNative-wlan0(361): doString: SIGNAL_POLL
01-20 10:20:32.337: D/wpa_supplicant(16884): wpa_s 0x40feb6e8 cmd SIGNAL_POLL
01-20 10:20:32.338: D/wpa_supplicant(16884): nl80211: survey data missing!
01-20 10:20:32.338: D/WifiCommon(361): [wlan0]SET "SIGNAL_POLL"
01-20 10:20:32.339: I/WifiStateMachine(361): fetchRssiAndLinkSpeedNative, newRssi=-64
01-20 10:20:32.340: D/StateMachine(361): handleMessage: X
01-20 10:20:32.815: D/SurfaceTexture(110): [StatusBar] onFrameAvailable
01-20 10:20:32.815: I/SurfaceTextureClient(461): [0x538e9340] frames:1, duration:1.004000, fps:0.995027
01-20 10:20:32.815: D/ADB_SERVICES(139): adb fdevent_process list (21) (14) (18) (22) 
01-20 10:20:32.832: D/SurfaceTexture(110): [StatusBar] updateTexImage
01-20 10:20:32.832: I/SurfaceFlinger(110): [SurfaceFlinger] frames:1, duration:1.004000, fps:0.995137
