01-20 10:20:09.604: D/ADB_SERVICES(139):  closing because is_eof=1 r=-1 s->fde.force_eof=0
01-20 10:20:09.632: W/ADB_SERVICES(139): create_local_service_socket() name=shell:ls -l -d /emmc@usrdata/
01-20 10:20:09.633: D/ADB_SERVICES(139): Calling send_ready local=18767, remote=15234
01-20 10:20:09.633: W/ADB_SERVICES(27774): adb: unable to open /proc/27774/oom_adj
01-20 10:20:09.642: D/ADB_SERVICES(139):  closing because is_eof=1 r=1 s->fde.force_eof=0
01-20 10:20:09.703: D/SurfaceTexture(110): [StatusBar] onFrameAvailable
01-20 10:20:09.703: I/SurfaceTextureClient(461): [0x538e9340] frames:4, duration:1.004000, fps:3.980556
01-20 10:20:09.719: D/SurfaceTexture(110): [StatusBar] updateTexImage
01-20 10:20:09.720: I/SurfaceFlinger(110): [SurfaceFlinger] frames:4, duration:1.004000, fps:3.980587
01-20 10:20:09.868: V/Provider/Setting(361): from settings cache , name = read_external_storage_enforced_default value = null
01-20 10:20:09.868: D/Zygote(111): SelectLoop : runOnce
01-20 10:20:09.868: D/Zygote(111): read arg list
01-20 10:20:09.869: D/Zygote(111): prepare new stderr
01-20 10:20:09.869: D/Zygote(111): parse args
01-20 10:20:09.869: D/Zygote(111): before fork
01-20 10:20:09.869: D/dalvikvm(111): threadid=2: exiting
01-20 10:20:09.869: D/dalvikvm(111): threadid=2: bye!
01-20 10:20:09.870: D/dalvikvm(111): threadid=3: exiting
01-20 10:20:09.870: D/dalvikvm(111): threadid=3: bye!
01-20 10:20:09.870: D/dalvikvm(111): threadid=4: exiting
01-20 10:20:09.870: D/dalvikvm(111): threadid=4: bye!
01-20 10:20:09.870: D/dalvikvm(111): pre gc
01-20 10:20:09.874: D/dalvikvm(111): zygote fork : 27776
01-20 10:20:09.874: D/dalvikvm(111): create interp thread : stack size=32KB
01-20 10:20:09.874: D/dalvikvm(111): create new thread
01-20 10:20:09.874: D/dalvikvm(111): update thread list
01-20 10:20:09.875: D/dalvikvm(111): threadid=2: interp stack at 0x4f0be000
01-20 10:20:09.876: D/dalvikvm(111): threadid=2: created from interp
01-20 10:20:09.876: D/dalvikvm(111): start new thread
01-20 10:20:09.876: D/dalvikvm(111): create interp thread : stack size=32KB
01-20 10:20:09.876: D/dalvikvm(111): create new thread
01-20 10:20:09.877: D/dalvikvm(111): update thread list
01-20 10:20:09.877: D/dalvikvm(27776): zygote fork : 0
01-20 10:20:09.877: D/dalvikvm(111): threadid=2: notify debugger
01-20 10:20:09.877: D/dalvikvm(111): threadid=2 (ReferenceQueueDaemon): calling run()
01-20 10:20:09.878: D/dalvikvm(27776): zygote get new systemTid : 27776
01-20 10:20:09.878: D/dalvikvm(27776): threadid=2: interp stack at 0x4f1be000
01-20 10:20:09.879: D/dalvikvm(27776): threadid=3: interp stack at 0x4f2c6000
01-20 10:20:09.880: D/dalvikvm(27776): Elevating priority from 0 to -8
01-20 10:20:09.881: D/dalvikvm(27776): threadid=4: interp stack at 0x4f3ce000
01-20 10:20:09.881: D/dalvikvm(27776): zygote get thread init done
01-20 10:20:09.882: D/dalvikvm(27776): create interp thread : stack size=32KB
01-20 10:20:09.882: D/dalvikvm(27776): create new thread
01-20 10:20:09.883: D/dalvikvm(27776): update thread list
01-20 10:20:09.883: D/dalvikvm(27776): threadid=5: interp stack at 0x52029000
01-20 10:20:09.883: D/dalvikvm(27776): threadid=5: created from interp
01-20 10:20:09.884: D/dalvikvm(27776): start new thread
01-20 10:20:09.884: D/dalvikvm(27776): create interp thread : stack size=32KB
01-20 10:20:09.884: D/dalvikvm(27776): create new thread
01-20 10:20:09.884: D/dalvikvm(27776): update thread list
01-20 10:20:09.885: D/dalvikvm(27776): threadid=5: notify debugger
01-20 10:20:09.885: D/dalvikvm(27776): threadid=5 (ReferenceQueueDaemon): calling run()
01-20 10:20:09.885: D/dalvikvm(27776): threadid=6: interp stack at 0x52131000
01-20 10:20:09.886: D/dalvikvm(27776): threadid=6: created from interp
01-20 10:20:09.886: D/dalvikvm(27776): start new thread
01-20 10:20:09.886: D/dalvikvm(27776): create interp thread : stack size=32KB
01-20 10:20:09.887: D/dalvikvm(27776): create new thread
01-20 10:20:09.887: D/dalvikvm(27776): update thread list
01-20 10:20:09.888: D/dalvikvm(27776): threadid=6: notify debugger
01-20 10:20:09.888: D/dalvikvm(27776): threadid=6 (FinalizerDaemon): calling run()
01-20 10:20:09.889: D/dalvikvm(27776): threadid=7: interp stack at 0x52239000
01-20 10:20:09.889: D/dalvikvm(27776): threadid=7: created from interp
01-20 10:20:09.890: D/dalvikvm(27776): start new thread
01-20 10:20:09.890: D/Zygote(27776): fork pid : 0
01-20 10:20:09.891: D/dalvikvm(111): threadid=3: interp stack at 0x4f1c6000
01-20 10:20:09.891: D/dalvikvm(111): threadid=3: created from interp
01-20 10:20:09.892: D/dalvikvm(111): start new thread
01-20 10:20:09.892: D/dalvikvm(111): create interp thread : stack size=32KB
01-20 10:20:09.892: D/dalvikvm(111): create new thread
01-20 10:20:09.892: D/dalvikvm(111): update thread list
01-20 10:20:09.893: D/dalvikvm(111): threadid=3: notify debugger
01-20 10:20:09.893: D/dalvikvm(111): threadid=3 (FinalizerDaemon): calling run()
01-20 10:20:09.896: D/dalvikvm(111): threadid=4: interp stack at 0x4f2ce000
01-20 10:20:09.896: D/dalvikvm(111): threadid=4: created from interp
01-20 10:20:09.897: D/dalvikvm(111): start new thread
01-20 10:20:09.897: D/Zygote(111): fork pid : 27776
01-20 10:20:09.898: D/dalvikvm(111): threadid=4: notify debugger
01-20 10:20:09.898: D/dalvikvm(111): threadid=4 (FinalizerWatchdogDaemon): calling run()
01-20 10:20:09.900: I/ActivityManager(361): Start proc com.google.android.music:main for service com.google.android.music/.wear.WearDataTransferConnectionService: pid=27776 uid=10029 gids={3003, 1015, 1028}
01-20 10:20:09.906: D/dalvikvm(27776): threadid=7: notify debugger
01-20 10:20:09.906: D/dalvikvm(27776): threadid=7 (FinalizerWatchdogDaemon): calling run()
01-20 10:20:09.908: D/dalvikvm(27776): threadid=8: interp stack at 0x5263f000
01-20 10:20:09.912: V/ActivityManager(361): Binding process pid 27776 to record ProcessRecord{42603470 27776:com.google.android.music:main/u0a29}
01-20 10:20:09.912: V/ActivityManager(361): New death recipient com.android.server.am.ActivityManagerService$AppDeathRecipient@42a3fdf0 for thread android.os.BinderProxy@42a3ffd0
01-20 10:20:09.913: V/ActivityManager(361): New app record ProcessRecord{42603470 27776:com.google.android.music:main/u0a29} thread=android.os.BinderProxy@42a3ffd0 pid=27776
01-20 10:20:09.919: E/Trace(27776): error opening trace file: No such file or directory (2)
01-20 10:20:09.924: D/dalvikvm(27776): threadid=9: interp stack at 0x52748000
01-20 10:20:09.943: D/PHONE/CallTime(529): [CallTime] PeriodicTimerCallback's run() is called
01-20 10:20:09.943: D/PHONE/CallTime(529): [CallTime] receive CALL_TIME_UPDATE message
01-20 10:20:09.943: D/PHONE/CallTime(529): [CallTime] periodicUpdateTimer() @ 91246133
01-20 10:20:10.092: D/dalvikvm(27776): open_cached_dex_file : /data/app/com.google.android.music-1.apk /data/dalvik-cache/data@app@com.google.android.music-1.apk@classes.dex
01-20 10:20:10.187: I/ActivityThread(27776): Pub com.google.android.music.ConfigContent: com.google.android.music.store.ConfigContentProvider
01-20 10:20:10.284: D/dalvikvm(27776): create interp thread : stack size=32KB
01-20 10:20:10.284: D/dalvikvm(27776): create new thread
01-20 10:20:10.285: D/dalvikvm(27776): update thread list
01-20 10:20:10.285: D/dalvikvm(27776): threadid=10: interp stack at 0x534f8000
01-20 10:20:10.285: D/dalvikvm(27776): threadid=10: created from interp
01-20 10:20:10.286: D/dalvikvm(27776): start new thread
01-20 10:20:10.286: D/dalvikvm(27776): threadid=10: notify debugger
01-20 10:20:10.287: D/dalvikvm(27776): threadid=10 (ConfigUtilsWorker): calling run()
01-20 10:20:10.295: I/ActivityThread(27776): Pub com.google.android.music.MusicContent: com.google.android.music.store.MusicContentProvider
01-20 10:20:10.316: D/dalvikvm(27776): create interp thread : stack size=32KB
01-20 10:20:10.316: D/dalvikvm(27776): create new thread
01-20 10:20:10.316: D/dalvikvm(27776): update thread list
01-20 10:20:10.317: D/dalvikvm(27776): threadid=11: interp stack at 0x53600000
01-20 10:20:10.317: D/dalvikvm(27776): threadid=11: created from interp
01-20 10:20:10.317: D/dalvikvm(27776): start new thread
01-20 10:20:10.317: D/dalvikvm(27776): threadid=11: notify debugger
01-20 10:20:10.318: D/dalvikvm(27776): threadid=11 (UIAsyncWorker): calling run()
01-20 10:20:10.324: D/dalvikvm(27776): create interp thread : stack size=32KB
01-20 10:20:10.324: D/dalvikvm(27776): create new thread
01-20 10:20:10.324: D/dalvikvm(27776): update thread list
01-20 10:20:10.325: D/dalvikvm(27776): threadid=12: interp stack at 0x53708000
01-20 10:20:10.325: D/dalvikvm(27776): threadid=12: created from interp
01-20 10:20:10.326: D/dalvikvm(27776): start new thread
01-20 10:20:10.326: D/dalvikvm(27776): threadid=12: notify debugger
01-20 10:20:10.327: D/dalvikvm(27776): threadid=12 (BGAsyncWorker): calling run()
01-20 10:20:10.336: D/dalvikvm(27776): create interp thread : stack size=32KB
01-20 10:20:10.336: D/dalvikvm(27776): create new thread
01-20 10:20:10.336: D/dalvikvm(27776): update thread list
01-20 10:20:10.337: D/dalvikvm(27776): threadid=13: interp stack at 0x53810000
01-20 10:20:10.337: D/dalvikvm(27776): threadid=13: created from interp
01-20 10:20:10.337: D/dalvikvm(27776): start new thread
01-20 10:20:10.338: D/dalvikvm(27776): threadid=13: notify debugger
01-20 10:20:10.339: D/dalvikvm(27776): threadid=13 (IcingNotificationHandlerThread): calling run()
01-20 10:20:10.345: I/MusicStore(27776): Database version: 104
01-20 10:20:10.360: D/dalvikvm(27776): create interp thread : stack size=32KB
01-20 10:20:10.360: D/dalvikvm(27776): create new thread
01-20 10:20:10.361: D/dalvikvm(27776): update thread list
01-20 10:20:10.361: D/dalvikvm(27776): threadid=14: interp stack at 0x53918000
01-20 10:20:10.362: D/dalvikvm(27776): threadid=14: created from interp
01-20 10:20:10.362: D/dalvikvm(27776): start new thread
01-20 10:20:10.362: D/dalvikvm(27776): threadid=14: notify debugger
01-20 10:20:10.362: D/dalvikvm(27776): threadid=14 (SharedPreferencesImpl-load): calling run()
01-20 10:20:10.367: D/dalvikvm(27776): threadid=14: exiting
01-20 10:20:10.368: D/dalvikvm(27776): threadid=14: bye!
01-20 10:20:10.377: I/ActivityThread(27776): Pub com.google.android.music.icing: com.google.android.music.icing.IcingContentProvider
01-20 10:20:10.392: D/dalvikvm(27776): create interp thread : stack size=32KB
01-20 10:20:10.392: D/dalvikvm(27776): create new thread
01-20 10:20:10.393: D/dalvikvm(27776): update thread list
01-20 10:20:10.393: D/dalvikvm(27776): threadid=14: interp stack at 0x53918000
01-20 10:20:10.393: D/dalvikvm(27776): threadid=14: created from interp
01-20 10:20:10.394: D/dalvikvm(27776): start new thread
01-20 10:20:10.394: D/dalvikvm(27776): threadid=14: notify debugger
01-20 10:20:10.394: D/dalvikvm(27776): threadid=14 (SharedPreferencesImpl-load): calling run()
01-20 10:20:10.411: I/ActivityThread(27776): Pub com.google.android.music.xdi: com.google.android.music.xdi.XdiContentProvider
01-20 10:20:10.411: D/dalvikvm(27776): threadid=14: exiting
01-20 10:20:10.411: D/dalvikvm(27776): threadid=14: bye!
01-20 10:20:10.422: I/dalvikvm(27776): Could not find method android.app.ActivityManager.isLowRamDevice, referenced from method com.google.android.music.utils.SystemUtils.isLowMemory
01-20 10:20:10.422: W/dalvikvm(27776): VFY: unable to resolve virtual method 309: Landroid/app/ActivityManager;.isLowRamDevice ()Z
01-20 10:20:10.423: D/dalvikvm(27776): VFY: replacing opcode 0x6e at 0x000e
01-20 10:20:10.446: D/dalvikvm(27776): create interp thread : stack size=32KB
01-20 10:20:10.446: D/dalvikvm(27776): create new thread
01-20 10:20:10.447: D/dalvikvm(27776): update thread list
01-20 10:20:10.447: D/dalvikvm(27776): threadid=14: interp stack at 0x53918000
01-20 10:20:10.447: D/dalvikvm(27776): threadid=14: created from interp
01-20 10:20:10.447: D/dalvikvm(27776): start new thread
01-20 10:20:10.450: D/ActivityManager(361): getContentProviderImpl  return 6. result = android.app.IActivityManager$ContentProviderHolder@42a50e88
01-20 10:20:10.452: D/dalvikvm(27776): threadid=14: notify debugger
01-20 10:20:10.453: D/dalvikvm(27776): threadid=14 (Gservices): calling run()
01-20 10:20:10.462: D/IPCThreadState(3804): [DN #5] BR_CLEAR_DEATH_NOTIFICATION_DONE cookie 0x56b806a0
01-20 10:20:10.504: D/dalvikvm(27776): GC_CONCURRENT freed 530K, 8% free 9146K/9847K, paused 11ms+2ms, total 29ms
01-20 10:20:10.504: D/dalvikvm(27776): WAIT_FOR_CONCURRENT_GC blocked 13ms
01-20 10:20:10.707: D/SurfaceTexture(110): [StatusBar] onFrameAvailable
01-20 10:20:10.708: I/SurfaceTextureClient(461): [0x538e9340] frames:1, duration:1.004000, fps:0.995205
01-20 10:20:10.724: D/SurfaceTexture(110): [StatusBar] updateTexImage
01-20 10:20:10.725: I/SurfaceFlinger(110): [SurfaceFlinger] frames:1, duration:1.004000, fps:0.995106
01-20 10:20:10.762: D/dalvikvm(27776): open_cached_dex_file : /data/app/com.google.android.gms-1.apk /data/dalvik-cache/data@app@com.google.android.gms-1.apk@classes.dex
01-20 10:20:10.807: D/dalvikvm(27776): Trying to load lib /data/data/com.google.android.gms/lib/libgmscore.so 0x418d1038
01-20 10:20:10.865: D/dalvikvm(27776): Added shared lib /data/data/com.google.android.gms/lib/libgmscore.so 0x418d1038
01-20 10:20:10.865: D/dalvikvm(27776): No JNI_OnLoad found in /data/data/com.google.android.gms/lib/libgmscore.so 0x418d1038, skipping init
01-20 10:20:10.876: E/dalvikvm(27776): Could not find class 'android.app.AppOpsManager', referenced from method com.google.android.gms.common.util.e.a
01-20 10:20:10.876: W/dalvikvm(27776): VFY: unable to resolve check-cast 35 (Landroid/app/AppOpsManager;) in Lcom/google/android/gms/common/util/e;
01-20 10:20:10.877: D/dalvikvm(27776): VFY: replacing opcode 0x1f at 0x0010
01-20 10:20:10.884: D/dalvikvm(27776): Trying to load lib /data/data/com.google.android.gms/lib/libconscrypt_gmscore_jni.so 0x418d1038
01-20 10:20:10.885: D/dalvikvm(27776): Added shared lib /data/data/com.google.android.gms/lib/libconscrypt_gmscore_jni.so 0x418d1038
01-20 10:20:10.886: V/JNIHelp(27776): Registering com/google/android/gms/org/conscrypt/NativeCrypto's 235 native methods...
01-20 10:20:10.933: D/dalvikvm(27776): Trying to load lib /data/data/com.google.android.gms/lib/libgmscore.so 0x418d1038
01-20 10:20:10.933: D/dalvikvm(27776): Shared lib '/data/data/com.google.android.gms/lib/libgmscore.so' already loaded in same CL 0x418d1038
01-20 10:20:10.934: D/dalvikvm(27776): Trying to load lib /data/data/com.google.android.gms/lib/libconscrypt_gmscore_jni.so 0x418d1038
01-20 10:20:10.934: D/dalvikvm(27776): Shared lib '/data/data/com.google.android.gms/lib/libconscrypt_gmscore_jni.so' already loaded in same CL 0x418d1038
01-20 10:20:10.944: D/PHONE/CallTime(529): [CallTime] PeriodicTimerCallback's run() is called
01-20 10:20:10.944: D/PHONE/CallTime(529): [CallTime] receive CALL_TIME_UPDATE message
01-20 10:20:10.945: D/PHONE/CallTime(529): [CallTime] periodicUpdateTimer() @ 91247133
01-20 10:20:10.964: I/ProviderInstaller(27776): Installed default security provider GmsCore_OpenSSL
01-20 10:20:10.964: D/AndroidMusic(27776): GMSCore installation verified
01-20 10:20:10.972: D/dalvikvm(27776): create interp thread : stack size=32KB
01-20 10:20:10.972: D/dalvikvm(27776): create new thread
01-20 10:20:10.973: D/dalvikvm(27776): update thread list
01-20 10:20:10.973: D/dalvikvm(27776): threadid=15: interp stack at 0x54f7e000
01-20 10:20:10.973: D/dalvikvm(27776): threadid=15: created from interp
01-20 10:20:10.974: D/dalvikvm(27776): start new thread
01-20 10:20:10.974: D/dalvikvm(27776): threadid=15: notify debugger
01-20 10:20:10.974: D/dalvikvm(27776): threadid=15 (SharedPreferencesImpl-load): calling run()
01-20 10:20:10.991: D/IPCThreadState(3804): [DN #5] BR_CLEAR_DEATH_NOTIFICATION_DONE cookie 0x551daeb0
01-20 10:20:10.992: I/ConfigStore(27776): Config Database version: 1
01-20 10:20:10.995: D/dalvikvm(27776): threadid=15: exiting
01-20 10:20:10.997: D/dalvikvm(27776): threadid=15: bye!
01-20 10:20:11.010: D/IPCThreadState(361): [DN #5] BR_CLEAR_DEATH_NOTIFICATION_DONE cookie 0x54a76b28
01-20 10:20:11.013: D/IPCThreadState(361): [DN #5] BR_CLEAR_DEATH_NOTIFICATION_DONE cookie 0x5706d9a0
01-20 10:20:11.017: D/IPCThreadState(3804): [DN #5] BR_CLEAR_DEATH_NOTIFICATION_DONE cookie 0x4f749cd8
01-20 10:20:11.021: D/IPCThreadState(3804): [DN #5] BR_CLEAR_DEATH_NOTIFICATION_DONE cookie 0x550d1cc8
01-20 10:20:11.024: D/TelephonyManager(27776): getDefaultSim is sim1
01-20 10:20:11.031: D/IPCThreadState(3804): [DN #5] BR_CLEAR_DEATH_NOTIFICATION_DONE cookie 0x5506ca90
01-20 10:20:11.044: I/dalvikvm(27776): Could not find method android.content.Context.getExternalFilesDirs, referenced from method com.google.android.music.download.cache.CacheLocationManager.deviceHasExternalStorage
01-20 10:20:11.044: W/dalvikvm(27776): VFY: unable to resolve virtual method 633: Landroid/content/Context;.getExternalFilesDirs (Ljava/lang/String;)[Ljava/io/File;
01-20 10:20:11.044: D/dalvikvm(27776): VFY: replacing opcode 0x6e at 0x008f
01-20 10:20:11.050: I/dalvikvm(27776): Could not find method android.content.Context.getExternalFilesDirs, referenced from method com.google.android.music.download.cache.StorageProbeUtils.getLocationsWithKitKatApis
01-20 10:20:11.050: W/dalvikvm(27776): VFY: unable to resolve virtual method 633: Landroid/content/Context;.getExternalFilesDirs (Ljava/lang/String;)[Ljava/io/File;
01-20 10:20:11.050: D/dalvikvm(27776): VFY: replacing opcode 0x6e at 0x0015
01-20 10:20:11.173: D/IPCThreadState(3804): [DN #5] BR_CLEAR_DEATH_NOTIFICATION_DONE cookie 0x56b6e518
01-20 10:20:11.190: D/dalvikvm(27776): GC_CONCURRENT freed 595K, 8% free 10005K/10807K, paused 11ms+13ms, total 57ms
01-20 10:20:11.210: D/SurfaceTexture(110): [StatusBar] onFrameAvailable
01-20 10:20:11.219: D/StateMachine(361): handleMessage: E msg.what=131155
01-20 10:20:11.219: D/StateMachine(361): processMsg: ConnectedState
01-20 10:20:11.220: D/WifiStateMachine(361): ConnectedState{ what=131155 when=-2ms arg1=498 target=Handler (com.android.internal.util.StateMachine$SmHandler) {41d86090} }
01-20 10:20:11.220: D/StateMachine(361): processMsg: L2ConnectedState
01-20 10:20:11.221: D/WifiStateMachine(361): L2ConnectedState{ what=131155 when=-3ms arg1=498 target=Handler (com.android.internal.util.StateMachine$SmHandler) {41d86090} }
01-20 10:20:11.222: D/WifiNative-wlan0(361): doString: SIGNAL_POLL
01-20 10:20:11.223: D/wpa_supplicant(16884): wpa_s 0x40feb6e8 cmd SIGNAL_POLL
01-20 10:20:11.225: I/MediaRouter(27776): Found default route: MediaRouter.RouteInfo{ uniqueId=android/.support.v7.media.SystemMediaRouteProvider:DEFAULT_ROUTE, name=Telefon, description=null, enabled=true, connecting=false, playbackType=0, playbackStream=3, volumeHandling=1, volume=3, volumeMax=13, presentationDisplayId=-1, extras=null, providerPackageName=android }
01-20 10:20:11.227: D/SurfaceTexture(110): [StatusBar] updateTexImage
01-20 10:20:11.240: D/wpa_supplicant(16884): nl80211: survey data missing!
01-20 10:20:11.240: D/WifiCommon(361): [wlan0]SET "SIGNAL_POLL"
01-20 10:20:11.241: I/WifiStateMachine(361): fetchRssiAndLinkSpeedNative, newRssi=-61
01-20 10:20:11.241: D/StateMachine(361): handleMessage: X
01-20 10:20:11.244: D/IPCThreadState(3804): [DN #5] BR_CLEAR_DEATH_NOTIFICATION_DONE cookie 0x5684a8a0
01-20 10:20:11.251: D/IPCThreadState(3804): [DN #5] BR_CLEAR_DEATH_NOTIFICATION_DONE cookie 0x5537fe50
01-20 10:20:11.252: D/ActivityThread(27776): BIND_APPLICATION handled : 0 / AppBindData{appInfo=ApplicationInfo{417e72e0 com.google.android.music}}
01-20 10:20:11.259: D/ActivityThread(27776): SVC-Creating service: CreateServiceData{token=android.os.BinderProxy@417e9ac0 className=com.google.android.music.wear.WearDataTransferConnectionService packageName=com.google.android.music intent=null}
01-20 10:20:11.273: D/ActivityThread(27776): SVC-CREATE_SERVICE handled : 0 / CreateServiceData{token=android.os.BinderProxy@417e9ac0 className=com.google.android.music.wear.WearDataTransferConnectionService packageName=com.google.android.music intent=null}
01-20 10:20:11.273: D/ActivityThread(27776): SVC-Calling onStartCommand: com.google.android.music.wear.WearDataTransferConnectionService@419e05b0, flags=0, startId=63
01-20 10:20:11.285: D/ActivityThread(27776): SVC-SERVICE_ARGS handled : 0 / ServiceArgsData{token=android.os.BinderProxy@417e9ac0 startId=63 args=null}
01-20 10:20:11.286: D/ActivityThread(27776): SVC-Creating service: CreateServiceData{token=android.os.BinderProxy@419104a0 className=com.google.android.music.net.NetworkMonitor packageName=com.google.android.music intent=null}
01-20 10:20:11.288: D/ConnectivityService(361): getActiveNetworkInfo:NetworkInfo: type: WIFI[], state: CONNECTED/CONNECTED, reason: (unspecified), extra: (none), roaming: false, failover: false, isAvailable: true, simId: 0/10029
01-20 10:20:11.289: I/NetworkMonitor(27776): type=WIFI subType= reason=null isConnected=true
01-20 10:20:11.294: D/TelephonyManager(27776): getDefaultSim is sim1
01-20 10:20:11.297: D/ActivityThread(27776): SVC-CREATE_SERVICE handled : 0 / CreateServiceData{token=android.os.BinderProxy@419104a0 className=com.google.android.music.net.NetworkMonitor packageName=com.google.android.music intent=null}
01-20 10:20:11.300: D/ActivityThread(27776): SVC-BIND_SERVICE handled : 0 / BindServiceData{token=android.os.BinderProxy@419104a0 intent=Intent { cmp=com.google.android.music/.net.NetworkMonitor }}
01-20 10:20:11.300: D/ActivityThread(27776): SVC-Creating service: CreateServiceData{token=android.os.BinderProxy@419fa268 className=com.google.android.music.preferences.MusicPreferenceService$MusicPreferenceServiceBinder packageName=com.google.android.music intent=null}
01-20 10:20:11.302: D/ActivityThread(27776): SVC-CREATE_SERVICE handled : 0 / CreateServiceData{token=android.os.BinderProxy@419fa268 className=com.google.android.music.preferences.MusicPreferenceService$MusicPreferenceServiceBinder packageName=com.google.android.music intent=null}
01-20 10:20:11.303: D/ActivityThread(27776): SVC-BIND_SERVICE handled : 0 / BindServiceData{token=android.os.BinderProxy@419fa268 intent=Intent { cmp=com.google.android.music/.preferences.MusicPreferenceService$MusicPreferenceServiceBinder }}
01-20 10:20:11.304: D/ActivityThread(27776): SVC-Creating service: CreateServiceData{token=android.os.BinderProxy@41a2e370 className=com.google.android.music.download.cache.StorageMigrationService packageName=com.google.android.music intent=null}
01-20 10:20:11.306: D/ActivityThread(27776): SVC-CREATE_SERVICE handled : 0 / CreateServiceData{token=android.os.BinderProxy@41a2e370 className=com.google.android.music.download.cache.StorageMigrationService packageName=com.google.android.music intent=null}
01-20 10:20:11.306: D/ActivityThread(27776): SVC-Calling onStartCommand: com.google.android.music.download.cache.StorageMigrationService@418ded70, flags=0, startId=1
01-20 10:20:11.310: D/dalvikvm(27776): create interp thread : stack size=32KB
01-20 10:20:11.310: D/dalvikvm(27776): create new thread
01-20 10:20:11.310: D/dalvikvm(27776): update thread list
01-20 10:20:11.310: D/dalvikvm(27776): threadid=15: interp stack at 0x53b20000
01-20 10:20:11.310: D/dalvikvm(27776): threadid=15: created from interp
01-20 10:20:11.310: D/dalvikvm(27776): start new thread
01-20 10:20:11.310: D/dalvikvm(27776): threadid=15: notify debugger
01-20 10:20:11.310: D/dalvikvm(27776): threadid=15 (SharedPreferencesImpl-load): calling run()
01-20 10:20:11.311: D/ActivityThread(27776): SVC-SERVICE_ARGS handled : 0 / ServiceArgsData{token=android.os.BinderProxy@41a2e370 startId=1 args=Intent { act=com.google.android.music.ResumeStorageMigration cmp=com.google.android.music/.download.cache.StorageMigrationService }}
01-20 10:20:11.321: I/NetworkMonitor(27776): type=WIFI subType= reason=null isConnected=true
01-20 10:20:11.322: D/TelephonyManager(27776): getDefaultSim is sim1
01-20 10:20:11.326: D/dalvikvm(27776): threadid=15: exiting
01-20 10:20:11.327: D/dalvikvm(27776): threadid=15: bye!
01-20 10:20:11.329: D/ConnectivityService(361): getActiveNetworkInfo:NetworkInfo: type: WIFI[], state: CONNECTED/CONNECTED, reason: (unspecified), extra: (none), roaming: false, failover: false, isAvailable: true, simId: 0/1000
01-20 10:20:11.330: D/SyncManager(361): setSyncAutomatically:  provider com.google.android.music.MusicContent, user 0 -> false
01-20 10:20:11.333: D/SyncManager(361): setSyncAutomatically: already set to false, doing nothing
01-20 10:20:11.334: D/SyncManager(361): setIsSyncable: Account {name=andrzej.kuciaba@gmail.com, type=com.google}, provider com.google.android.music.MusicContent, user 0 -> 0
01-20 10:20:11.334: D/SyncManager(361): setIsSyncable: already set to 0, doing nothing
01-20 10:20:11.336: D/ActivityThread(27776): SVC-Destroying service: com.google.android.music.download.cache.StorageMigrationService@418ded70
01-20 10:20:11.337: D/ActivityThread(27776): SVC-STOP_SERVICE handled : 0 / android.os.BinderProxy@41a2e370
01-20 10:20:11.339: D/ActivityManager(361): getContentProviderImpl  return 6. result = android.app.IActivityManager$ContentProviderHolder@42e1fc40
01-20 10:20:11.340: D/SyncManager(361): userId=0 auto=true mExt=com.mediatek.op.FwkExt@41cf6b80
01-20 10:20:11.343: E/FWKEXT(361): Enter GetCurrentOP
01-20 10:20:11.344: D/SyncManager(361): userId=0 auto=true mExt=com.mediatek.op.FwkExt@41cf6b80
01-20 10:20:11.344: E/FWKEXT(361): Enter GetCurrentOP
01-20 10:20:11.344: D/SyncManager(361): userId=0 auto=true mExt=com.mediatek.op.FwkExt@41cf6b80
01-20 10:20:11.345: E/FWKEXT(361): Enter GetCurrentOP
01-20 10:20:11.345: D/SyncManager(361): userId=0 auto=true mExt=com.mediatek.op.FwkExt@41cf6b80
01-20 10:20:11.345: E/FWKEXT(361): Enter GetCurrentOP
01-20 10:20:11.346: D/SyncManager(361): userId=0 auto=true mExt=com.mediatek.op.FwkExt@41cf6b80
01-20 10:20:11.347: E/FWKEXT(361): Enter GetCurrentOP
01-20 10:20:11.347: D/SyncManager(361): userId=0 auto=true mExt=com.mediatek.op.FwkExt@41cf6b80
01-20 10:20:11.347: D/IPCThreadState(3804): [DN #5] BR_CLEAR_DEATH_NOTIFICATION_DONE cookie 0x55321078
01-20 10:20:11.347: E/FWKEXT(361): Enter GetCurrentOP
01-20 10:20:11.348: D/SyncManager(361): userId=0 auto=true mExt=com.mediatek.op.FwkExt@41cf6b80
01-20 10:20:11.349: E/FWKEXT(361): Enter GetCurrentOP
01-20 10:20:11.349: D/SyncManager(361): userId=0 auto=true mExt=com.mediatek.op.FwkExt@41cf6b80
01-20 10:20:11.351: E/FWKEXT(361): Enter GetCurrentOP
01-20 10:20:11.351: D/SyncManager(361): userId=0 auto=true mExt=com.mediatek.op.FwkExt@41cf6b80
01-20 10:20:11.351: E/FWKEXT(361): Enter GetCurrentOP
01-20 10:20:11.352: D/SyncManager(361): userId=0 auto=true mExt=com.mediatek.op.FwkExt@41cf6b80
01-20 10:20:11.352: D/dalvikvm(27776): create interp thread : stack size=32KB
01-20 10:20:11.352: E/FWKEXT(361): Enter GetCurrentOP
01-20 10:20:11.353: D/SyncManager(361): userId=0 auto=true mExt=com.mediatek.op.FwkExt@41cf6b80
01-20 10:20:11.353: E/FWKEXT(361): Enter GetCurrentOP
01-20 10:20:11.353: D/dalvikvm(27776): create new thread
01-20 10:20:11.353: D/SyncManager(361): userId=0 auto=true mExt=com.mediatek.op.FwkExt@41cf6b80
01-20 10:20:11.353: D/dalvikvm(27776): update thread list
01-20 10:20:11.353: E/FWKEXT(361): Enter GetCurrentOP
01-20 10:20:11.354: D/SyncManager(361): userId=0 auto=true mExt=com.mediatek.op.FwkExt@41cf6b80
01-20 10:20:11.354: E/FWKEXT(361): Enter GetCurrentOP
01-20 10:20:11.355: D/SyncManager(361): userId=0 auto=true mExt=com.mediatek.op.FwkExt@41cf6b80
01-20 10:20:11.355: E/FWKEXT(361): Enter GetCurrentOP
01-20 10:20:11.355: D/SyncManager(361): userId=0 auto=true mExt=com.mediatek.op.FwkExt@41cf6b80
01-20 10:20:11.355: E/FWKEXT(361): Enter GetCurrentOP
01-20 10:20:11.356: D/SyncManager(361): userId=0 auto=true mExt=com.mediatek.op.FwkExt@41cf6b80
01-20 10:20:11.356: E/FWKEXT(361): Enter GetCurrentOP
01-20 10:20:11.356: D/SyncManager(361): userId=0 auto=true mExt=com.mediatek.op.FwkExt@41cf6b80
01-20 10:20:11.356: E/FWKEXT(361): Enter GetCurrentOP
01-20 10:20:11.356: D/SyncManager(361): userId=0 auto=true mExt=com.mediatek.op.FwkExt@41cf6b80
01-20 10:20:11.356: E/FWKEXT(361): Enter GetCurrentOP
01-20 10:20:11.356: D/SyncManager(361): userId=0 auto=true mExt=com.mediatek.op.FwkExt@41cf6b80
01-20 10:20:11.357: E/FWKEXT(361): Enter GetCurrentOP
01-20 10:20:11.357: D/SyncManager(361): userId=0 auto=true mExt=com.mediatek.op.FwkExt@41cf6b80
01-20 10:20:11.357: E/FWKEXT(361): Enter GetCurrentOP
01-20 10:20:11.358: D/SyncManager(361): userId=0 auto=true mExt=com.mediatek.op.FwkExt@41cf6b80
01-20 10:20:11.358: E/FWKEXT(361): Enter GetCurrentOP
01-20 10:20:11.358: D/SyncManager(361): userId=0 auto=true mExt=com.mediatek.op.FwkExt@41cf6b80
01-20 10:20:11.358: E/FWKEXT(361): Enter GetCurrentOP
01-20 10:20:11.358: D/SyncManager(361): userId=0 auto=true mExt=com.mediatek.op.FwkExt@41cf6b80
01-20 10:20:11.358: E/FWKEXT(361): Enter GetCurrentOP
01-20 10:20:11.358: D/SyncManager(361): userId=0 auto=true mExt=com.mediatek.op.FwkExt@41cf6b80
01-20 10:20:11.359: E/FWKEXT(361): Enter GetCurrentOP
01-20 10:20:11.359: D/SyncManager(361): userId=0 auto=true mExt=com.mediatek.op.FwkExt@41cf6b80
01-20 10:20:11.359: E/FWKEXT(361): Enter GetCurrentOP
01-20 10:20:11.359: D/SyncManager(361): userId=0 auto=true mExt=com.mediatek.op.FwkExt@41cf6b80
01-20 10:20:11.360: E/FWKEXT(361): Enter GetCurrentOP
01-20 10:20:11.360: D/SyncManager(361): userId=0 auto=true mExt=com.mediatek.op.FwkExt@41cf6b80
01-20 10:20:11.360: E/FWKEXT(361): Enter GetCurrentOP
01-20 10:20:11.360: D/SyncManager(361): userId=0 auto=true mExt=com.mediatek.op.FwkExt@41cf6b80
01-20 10:20:11.360: D/dalvikvm(27776): threadid=15: interp stack at 0x53b20000
01-20 10:20:11.360: D/dalvikvm(27776): threadid=15: created from interp
01-20 10:20:11.361: D/dalvikvm(27776): start new thread
01-20 10:20:11.362: D/dalvikvm(27776): threadid=15: notify debugger
01-20 10:20:11.362: E/FWKEXT(361): Enter GetCurrentOP
01-20 10:20:11.362: D/dalvikvm(27776): threadid=15 (pool-4-thread-1): calling run()
01-20 10:20:11.363: D/SyncManager(361): userId=0 auto=true mExt=com.mediatek.op.FwkExt@41cf6b80
01-20 10:20:11.364: E/FWKEXT(361): Enter GetCurrentOP
01-20 10:20:11.364: D/SyncManager(361): userId=0 auto=true mExt=com.mediatek.op.FwkExt@41cf6b80
01-20 10:20:11.364: E/FWKEXT(361): Enter GetCurrentOP
01-20 10:20:11.365: D/SyncManager(361): userId=0 auto=true mExt=com.mediatek.op.FwkExt@41cf6b80
01-20 10:20:11.365: E/FWKEXT(361): Enter GetCurrentOP
01-20 10:20:11.365: D/SyncManager(361): userId=0 auto=true mExt=com.mediatek.op.FwkExt@41cf6b80
01-20 10:20:11.365: E/FWKEXT(361): Enter GetCurrentOP
01-20 10:20:11.365: D/SyncManager(361): userId=0 auto=true mExt=com.mediatek.op.FwkExt@41cf6b80
01-20 10:20:11.365: E/FWKEXT(361): Enter GetCurrentOP
01-20 10:20:11.365: D/SyncManager(361): userId=0 auto=true mExt=com.mediatek.op.FwkExt@41cf6b80
01-20 10:20:11.365: E/FWKEXT(361): Enter GetCurrentOP
01-20 10:20:11.712: D/SurfaceTexture(110): [StatusBar] onFrameAvailable
01-20 10:20:11.713: I/SurfaceTextureClient(461): [0x538e9340] frames:2, duration:1.004000, fps:1.990366
01-20 10:20:11.729: D/SurfaceTexture(110): [StatusBar] updateTexImage
01-20 10:20:11.730: I/SurfaceFlinger(110): [SurfaceFlinger] frames:2, duration:1.004000, fps:1.990305
01-20 10:20:11.944: D/PHONE/CallTime(529): [CallTime] PeriodicTimerCallback's run() is called
01-20 10:20:11.944: D/PHONE/CallTime(529): [CallTime] receive CALL_TIME_UPDATE message
01-20 10:20:11.944: D/PHONE/CallTime(529): [CallTime] periodicUpdateTimer() @ 91248133
01-20 10:20:12.453: D/NetworkControllerGemini(461): refreshViews(0), DataConnected=false
01-20 10:20:12.453: D/NetworkControllerGemini(461): refreshViews(0), set parameters to signal cluster view.
01-20 10:20:12.454: D/NetworkControllerGemini(461): refreshViews(0), tempPhoneSignalIconId.0 = 2130837730  tempPhoneSignalIconId.1 = 0  tempMobileActivityIconId= 0  tempDataTypeIconId= 2130837709
01-20 10:20:12.454: D/SignalClusterViewGemini(461): setMobileDataIndicators(0), visible=true, strengthIcon[0] ~ [1] 2130837730 ~ 0
01-20 10:20:12.454: D/SignalClusterViewGemini(461): setDataConnected(0), dataConnected=false
01-20 10:20:12.454: D/SignalClusterViewGemini(461): setDataNetType3G(0), dataNetType=Type_3G
01-20 10:20:12.455: D/SignalClusterViewGemini(461): apply, mMobileVisible=true mMobileActivityId=0 mMobileTypeId=2130837709 mMobileStrengthId[0] = 2130837730 mMobileStrengthId[1] = 0
01-20 10:20:12.457: D/SignalClusterViewGemini(461): isSimInserted(0), SimInserted=true
01-20 10:20:12.457: D/SignalClusterViewGemini(461): mDataNetType =Type_3G resId= 0 simColorId = 2
01-20 10:20:12.457: D/SignalClusterViewGemini(461): apply, mMobileVisibleGemini=true mMobileActivityIdGemini=0 mMobileTypeIdGemini=2130837703 mMobileStrengthIdGemini[0] = 2130837735 mMobileStrengthIdGemini[1] = 0
01-20 10:20:12.458: D/SignalClusterViewGemini(461): isSimInserted(1), SimInserted=true
01-20 10:20:12.458: D/SignalClusterViewGemini(461): mDataNetTypeGemini =Type_G resId= 0 simColorId = 1
01-20 10:20:12.459: D/SignalClusterViewGemini(461): apply, mMobileVisible=true, mWifiVisible=true, mIsAirplaneMode=false
01-20 10:20:12.459: D/NetworkControllerGemini(461): refreshViews(1), DataConnected=false
01-20 10:20:12.460: D/SignalClusterViewGemini(461): setDataConnected(1), dataConnected=false
01-20 10:20:12.460: D/SignalClusterViewGemini(461): setDataNetType3G(1), dataNetType=Type_G
01-20 10:20:12.461: D/SignalClusterViewGemini(461): apply, mMobileVisible=true mMobileActivityId=0 mMobileTypeId=2130837709 mMobileStrengthId[0] = 2130837730 mMobileStrengthId[1] = 0
01-20 10:20:12.463: D/SignalClusterViewGemini(461): isSimInserted(0), SimInserted=true
01-20 10:20:12.464: D/SignalClusterViewGemini(461): mDataNetType =Type_3G resId= 0 simColorId = 2
01-20 10:20:12.464: D/SignalClusterViewGemini(461): apply, mMobileVisibleGemini=true mMobileActivityIdGemini=0 mMobileTypeIdGemini=2130837703 mMobileStrengthIdGemini[0] = 2130837735 mMobileStrengthIdGemini[1] = 0
01-20 10:20:12.466: D/SignalClusterViewGemini(461): isSimInserted(1), SimInserted=true
01-20 10:20:12.467: D/SignalClusterViewGemini(461): mDataNetTypeGemini =Type_G resId= 0 simColorId = 1
01-20 10:20:12.468: D/SignalClusterViewGemini(461): apply, mMobileVisible=true, mWifiVisible=true, mIsAirplaneMode=false
01-20 10:20:12.478: D/SurfaceTexture(110): [StatusBar] onFrameAvailable
01-20 10:20:12.492: D/SurfaceTexture(110): [StatusBar] updateTexImage
01-20 10:20:12.718: D/SurfaceTexture(110): [StatusBar] onFrameAvailable
01-20 10:20:12.718: I/SurfaceTextureClient(461): [0x538e9340] frames:2, duration:1.004000, fps:1.990053
01-20 10:20:12.718: D/ADB_SERVICES(139): adb fdevent_process list (21) (14) (18) (22) 
01-20 10:20:12.734: D/SurfaceTexture(110): [StatusBar] updateTexImage
01-20 10:20:12.735: I/SurfaceFlinger(110): [SurfaceFlinger] frames:2, duration:1.004000, fps:1.990342
01-20 10:20:12.944: D/PHONE/CallTime(529): [CallTime] PeriodicTimerCallback's run() is called
01-20 10:20:12.944: D/PHONE/CallTime(529): [CallTime] receive CALL_TIME_UPDATE message
01-20 10:20:12.944: D/PHONE/CallTime(529): [CallTime] periodicUpdateTimer() @ 91249133
01-20 10:20:13.220: D/SurfaceTexture(110): [StatusBar] onFrameAvailable
01-20 10:20:13.236: D/SurfaceTexture(110): [StatusBar] updateTexImage
01-20 10:20:13.454: D/NetworkControllerGemini(461): refreshViews(0), DataConnected=false
01-20 10:20:13.455: D/NetworkControllerGemini(461): refreshViews(0), set parameters to signal cluster view.
01-20 10:20:13.455: D/NetworkControllerGemini(461): refreshViews(0), tempPhoneSignalIconId.0 = 2130837730  tempPhoneSignalIconId.1 = 0  tempMobileActivityIconId= 0  tempDataTypeIconId= 2130837709
01-20 10:20:13.455: D/SignalClusterViewGemini(461): setMobileDataIndicators(0), visible=true, strengthIcon[0] ~ [1] 2130837730 ~ 0
01-20 10:20:13.456: D/SignalClusterViewGemini(461): setDataConnected(0), dataConnected=false
01-20 10:20:13.456: D/SignalClusterViewGemini(461): setDataNetType3G(0), dataNetType=Type_3G
01-20 10:20:13.458: D/SignalClusterViewGemini(461): apply, mMobileVisible=true mMobileActivityId=0 mMobileTypeId=2130837709 mMobileStrengthId[0] = 2130837730 mMobileStrengthId[1] = 0
01-20 10:20:13.460: D/SignalClusterViewGemini(461): isSimInserted(0), SimInserted=true
01-20 10:20:13.461: D/SignalClusterViewGemini(461): mDataNetType =Type_3G resId= 0 simColorId = 2
01-20 10:20:13.461: D/SignalClusterViewGemini(461): apply, mMobileVisibleGemini=true mMobileActivityIdGemini=0 mMobileTypeIdGemini=2130837703 mMobileStrengthIdGemini[0] = 2130837735 mMobileStrengthIdGemini[1] = 0
01-20 10:20:13.463: D/SignalClusterViewGemini(461): isSimInserted(1), SimInserted=true
01-20 10:20:13.464: D/SignalClusterViewGemini(461): mDataNetTypeGemini =Type_G resId= 0 simColorId = 1
01-20 10:20:13.464: D/SignalClusterViewGemini(461): apply, mMobileVisible=true, mWifiVisible=true, mIsAirplaneMode=false
01-20 10:20:13.465: D/NetworkControllerGemini(461): refreshViews(1), DataConnected=false
01-20 10:20:13.465: D/SignalClusterViewGemini(461): setDataConnected(1), dataConnected=false
01-20 10:20:13.466: D/SignalClusterViewGemini(461): setDataNetType3G(1), dataNetType=Type_G
01-20 10:20:13.467: D/SignalClusterViewGemini(461): apply, mMobileVisible=true mMobileActivityId=0 mMobileTypeId=2130837709 mMobileStrengthId[0] = 2130837730 mMobileStrengthId[1] = 0
01-20 10:20:13.469: D/SignalClusterViewGemini(461): isSimInserted(0), SimInserted=true
01-20 10:20:13.470: D/SignalClusterViewGemini(461): mDataNetType =Type_3G resId= 0 simColorId = 2
01-20 10:20:13.470: D/SignalClusterViewGemini(461): apply, mMobileVisibleGemini=true mMobileActivityIdGemini=0 mMobileTypeIdGemini=2130837703 mMobileStrengthIdGemini[0] = 2130837735 mMobileStrengthIdGemini[1] = 0
01-20 10:20:13.472: D/SignalClusterViewGemini(461): isSimInserted(1), SimInserted=true
01-20 10:20:13.473: D/SignalClusterViewGemini(461): mDataNetTypeGemini =Type_G resId= 0 simColorId = 1
01-20 10:20:13.473: D/SignalClusterViewGemini(461): apply, mMobileVisible=true, mWifiVisible=true, mIsAirplaneMode=false
01-20 10:20:13.479: D/SurfaceTexture(110): [StatusBar] onFrameAvailable
01-20 10:20:13.497: D/SurfaceTexture(110): [StatusBar] updateTexImage
01-20 10:20:13.722: D/SurfaceTexture(110): [StatusBar] onFrameAvailable
01-20 10:20:13.723: I/SurfaceTextureClient(461): [0x538e9340] frames:3, duration:1.004000, fps:2.985431
01-20 10:20:13.739: D/SurfaceTexture(110): [StatusBar] updateTexImage
01-20 10:20:13.739: I/SurfaceFlinger(110): [SurfaceFlinger] frames:3, duration:1.004000, fps:2.985294
01-20 10:20:13.943: D/PHONE/CallTime(529): [CallTime] PeriodicTimerCallback's run() is called
01-20 10:20:13.944: D/PHONE/CallTime(529): [CallTime] receive CALL_TIME_UPDATE message
01-20 10:20:13.944: D/PHONE/CallTime(529): [CallTime] periodicUpdateTimer() @ 91250133
01-20 10:20:14.245: D/StateMachine(361): handleMessage: E msg.what=131155
01-20 10:20:14.245: D/StateMachine(361): processMsg: ConnectedState
01-20 10:20:14.246: D/WifiStateMachine(361): ConnectedState{ what=131155 when=-4ms arg1=498 target=Handler (com.android.internal.util.StateMachine$SmHandler) {41d86090} }
01-20 10:20:14.246: D/StateMachine(361): processMsg: L2ConnectedState
01-20 10:20:14.247: D/WifiStateMachine(361): L2ConnectedState{ what=131155 when=-5ms arg1=498 target=Handler (com.android.internal.util.StateMachine$SmHandler) {41d86090} }
01-20 10:20:14.248: D/WifiNative-wlan0(361): doString: SIGNAL_POLL
01-20 10:20:14.248: D/wpa_supplicant(16884): wpa_s 0x40feb6e8 cmd SIGNAL_POLL
01-20 10:20:14.249: D/wpa_supplicant(16884): nl80211: survey data missing!
01-20 10:20:14.249: D/WifiCommon(361): [wlan0]SET "SIGNAL_POLL"
01-20 10:20:14.250: I/WifiStateMachine(361): fetchRssiAndLinkSpeedNative, newRssi=-61
01-20 10:20:14.251: D/StateMachine(361): handleMessage: X
01-20 10:20:14.377: V/ActivityManager(361): Broadcast sticky: Intent { act=android.intent.action.SIG_STR flg=0x10 (has extras) } ordered=false userid=0
01-20 10:20:14.380: D/Bluetooth HS/HF(529): [BT][HFG] [API] mStateReceiver.onReceive(android.intent.action.SIG_STR)
01-20 10:20:14.381: D/Bluetooth HS/HF(529): [BT][HFG] [API] mHandler.handleMessage(10)
01-20 10:20:14.381: D/NetworkControllerGemini(461): PhoneStateListener:onSignalStrengthsChanged, sim1 before.
01-20 10:20:14.381: D/NetworkControllerGemini(461): PhoneStateListener:onSignalStrengthsChanged, signalStrength=3
01-20 10:20:14.381: D/NetworkControllerGemini(461): updateDataNetType(0), DataNetType=10.
01-20 10:20:14.381: D/NetworkControllerGemini(461): updateDataNetType(0), simColorId=2
01-20 10:20:14.381: D/NetworkControllerGemini(461): updateDataNetType(0), DataNetType3G=Type_3G tempDataTypeIconId= 2130837709.
01-20 10:20:14.382: D/NetworkControllerGemini(461): isSimInserted(0), SimInserted=true
01-20 10:20:14.382: D/NetworkControllerGemini(461): updateTelephonySignalStrength(0), regState=1
01-20 10:20:14.382: D/NetworkControllerGemini(461): updateTelephonySignalStrength(0), hasService=true
01-20 10:20:14.382: D/NetworkControllerGemini(461): updateTelephonySignalStrength(0), isRoaming=false, mInetCondition=1
01-20 10:20:14.382: D/NetworkControllerGemini(461): updateTelephonySignalStrength(0), simColorId=2
01-20 10:20:14.382: D/NetworkControllerGemini(461): updateTelephonySignalStrength(0), tempDataNetType = Type_3G , simColorId=2  tempPhoneSignalIconId[0] = 2130837730  tempPhoneSignalIconId[1] = 0
01-20 10:20:14.383: D/NetworkControllerGemini(461):  updateTelephonySignalStrength(0) tempSIMCUSignVisible= true
01-20 10:20:14.383: D/NetworkControllerGemini(461): updateTelephonySignalStrength(0) mSIMCUSignVisible= true
01-20 10:20:14.383: D/NetworkControllerGemini(461): refreshViews(0), DataConnected=false
01-20 10:20:14.383: D/SignalClusterViewGemini(461): setDataConnected(0), dataConnected=false
01-20 10:20:14.383: D/SignalClusterViewGemini(461): setDataNetType3G(0), dataNetType=Type_3G
01-20 10:20:14.384: D/SignalClusterViewGemini(461): apply, mMobileVisible=true mMobileActivityId=0 mMobileTypeId=2130837709 mMobileStrengthId[0] = 2130837730 mMobileStrengthId[1] = 0
01-20 10:20:14.384: W/ADB_SERVICES(139): create_local_service_socket() name=shell:ls -l /
01-20 10:20:14.396: D/ADB_SERVICES(139): Calling send_ready local=18768, remote=15235
01-20 10:20:14.399: D/SignalClusterViewGemini(461): isSimInserted(0), SimInserted=true
01-20 10:20:14.400: W/ADB_SERVICES(27798): adb: unable to open /proc/27798/oom_adj
01-20 10:20:14.401: D/SignalClusterViewGemini(461): mDataNetType =Type_3G resId= 0 simColorId = 2
01-20 10:20:14.401: D/SignalClusterViewGemini(461): apply, mMobileVisibleGemini=true mMobileActivityIdGemini=0 mMobileTypeIdGemini=2130837703 mMobileStrengthIdGemini[0] = 2130837735 mMobileStrengthIdGemini[1] = 0
01-20 10:20:14.406: D/SignalClusterViewGemini(461): isSimInserted(1), SimInserted=true
01-20 10:20:14.407: D/SignalClusterViewGemini(461): mDataNetTypeGemini =Type_G resId= 0 simColorId = 1
01-20 10:20:14.407: D/SignalClusterViewGemini(461): apply, mMobileVisible=true, mWifiVisible=true, mIsAirplaneMode=false
01-20 10:20:14.408: D/NetworkControllerGemini(461): PhoneStateListener:onSignalStrengthsChanged, sim1 after.
01-20 10:20:14.416: D/SurfaceTexture(110): [StatusBar] onFrameAvailable
01-20 10:20:14.427: D/SurfaceTexture(110): [StatusBar] updateTexImage
01-20 10:20:14.439: D/ADB_SERVICES(139):  closing because is_eof=1 r=1 s->fde.force_eof=0
01-20 10:20:14.456: W/ADB_SERVICES(139): create_local_service_socket() name=shell:ls -l -d /emmc@android/
01-20 10:20:14.456: D/ADB_SERVICES(139): Calling send_ready local=18769, remote=15236
01-20 10:20:14.457: W/ADB_SERVICES(27800): adb: unable to open /proc/27800/oom_adj
01-20 10:20:14.480: D/ADB_SERVICES(139):  closing because is_eof=1 r=1 s->fde.force_eof=0
01-20 10:20:14.490: W/ADB_SERVICES(139): create_local_service_socket() name=shell:ls -l -d /emmc@cache/
01-20 10:20:14.491: D/ADB_SERVICES(139): Calling send_ready local=18770, remote=15237
01-20 10:20:14.492: W/ADB_SERVICES(27803): adb: unable to open /proc/27803/oom_adj
01-20 10:20:14.500: D/ADB_SERVICES(139):  closing because is_eof=1 r=1 s->fde.force_eof=0
01-20 10:20:14.527: W/ADB_SERVICES(139): create_local_service_socket() name=shell:ls -l -d /emmc@custpack/
01-20 10:20:14.529: D/ADB_SERVICES(139): Calling send_ready local=18771, remote=15238
01-20 10:20:14.530: W/ADB_SERVICES(27805): adb: unable to open /proc/27805/oom_adj
01-20 10:20:14.538: D/ADB_SERVICES(139):  closing because is_eof=1 r=1 s->fde.force_eof=0
01-20 10:20:14.563: W/ADB_SERVICES(139): create_local_service_socket() name=shell:ls -l -d /emmc@ebr1/
01-20 10:20:14.564: D/ADB_SERVICES(139): Calling send_ready local=18772, remote=15239
01-20 10:20:14.564: D/ADB_SERVICES(139): adb local_socket_ready list (18) (21) (22) 
01-20 10:20:14.564: D/ADB_SERVICES(139): adb socket read list (21) (18) (22) 
01-20 10:20:14.565: D/ADB_SERVICES(139): read_data=106711
01-20 10:20:14.565: D/ADB_SERVICES(139): max_read_time=0.000131 max_send_time=0.000631 
01-20 10:20:14.565: W/ADB_SERVICES(27807): adb: unable to open /proc/27807/oom_adj
01-20 10:20:14.577: D/ADB_SERVICES(139):  closing because is_eof=1 r=1 s->fde.force_eof=0
01-20 10:20:14.599: W/ADB_SERVICES(139): create_local_service_socket() name=shell:ls -l -d /emmc@mobile_info/
01-20 10:20:14.600: D/ADB_SERVICES(139): Calling send_ready local=18773, remote=15240
01-20 10:20:14.601: W/ADB_SERVICES(27809): adb: unable to open /proc/27809/oom_adj
01-20 10:20:14.610: D/ADB_SERVICES(139):  closing because is_eof=1 r=1 s->fde.force_eof=0
01-20 10:20:14.639: W/ADB_SERVICES(139): create_local_service_socket() name=shell:ls -l -d /emmc@sec_ro/
01-20 10:20:14.639: D/ADB_SERVICES(139): Calling send_ready local=18774, remote=15241
01-20 10:20:14.640: W/ADB_SERVICES(27811): adb: unable to open /proc/27811/oom_adj
01-20 10:20:14.649: D/ADB_SERVICES(139):  closing because is_eof=1 r=1 s->fde.force_eof=0
01-20 10:20:14.678: W/ADB_SERVICES(139): create_local_service_socket() name=shell:ls -l -d /emmc@usrdata/
01-20 10:20:14.679: D/ADB_SERVICES(139): Calling send_ready local=18775, remote=15242
01-20 10:20:14.680: W/ADB_SERVICES(27813): adb: unable to open /proc/27813/oom_adj
01-20 10:20:14.689: D/ADB_SERVICES(139):  closing because is_eof=1 r=1 s->fde.force_eof=0
01-20 10:20:14.734: D/SurfaceTexture(110): [StatusBar] onFrameAvailable
01-20 10:20:14.735: I/SurfaceTextureClient(461): [0x538e9340] frames:2, duration:1.009000, fps:1.980339
01-20 10:20:14.744: D/SurfaceTexture(110): [StatusBar] updateTexImage
01-20 10:20:14.744: I/SurfaceFlinger(110): [SurfaceFlinger] frames:2, duration:1.004000, fps:1.990268
01-20 10:20:14.946: D/PHONE/CallTime(529): [CallTime] PeriodicTimerCallback's run() is called
01-20 10:20:14.946: D/PHONE/CallTime(529): [CallTime] receive CALL_TIME_UPDATE message
01-20 10:20:14.946: D/PHONE/CallTime(529): [CallTime] periodicUpdateTimer() @ 91251133
01-20 10:20:15.229: D/SurfaceTexture(110): [StatusBar] onFrameAvailable
01-20 10:20:15.246: D/SurfaceTexture(110): [StatusBar] updateTexImage
01-20 10:20:15.560: I/AK__officetime(27729): AK_officetime 3.5.1
01-20 10:20:15.560: I/AK__officetime(27729): AK_officetime 3.1
01-20 10:20:15.562: I/AK__officetime(27729): AK_officetime 3.2
01-20 10:20:15.562: I/AK__officetime(27729): AK_officetime 3.3
01-20 10:20:15.562: I/AK__officetime(27729): AK_officetime 3.4
01-20 10:20:15.564: I/AK__officetime(27729): AK_officetime 3.5
01-20 10:20:15.732: D/SurfaceTexture(110): [StatusBar] onFrameAvailable
01-20 10:20:15.749: D/SurfaceTexture(110): [StatusBar] updateTexImage
01-20 10:20:15.749: I/SurfaceFlinger(110): [SurfaceFlinger] frames:2, duration:1.004000, fps:1.990271
01-20 10:20:15.944: D/PHONE/CallTime(529): [CallTime] PeriodicTimerCallback's run() is called
01-20 10:20:15.944: D/PHONE/CallTime(529): [CallTime] receive CALL_TIME_UPDATE message
01-20 10:20:15.945: D/PHONE/CallTime(529): [CallTime] periodicUpdateTimer() @ 91252133
01-20 10:20:16.187: V/ActivityManager(361): Broadcast: Intent { act=com.google.android.music.START_DOWNLOAD_SCHEDULING flg=0x10 } ordered=false userid=0
01-20 10:20:16.241: D/ActivityThread(27776): BDC-Calling onReceive: intent=Intent { act=com.google.android.music.START_DOWNLOAD_SCHEDULING flg=0x10 cmp=com.google.android.music/.leanback.AutoCacheSchedulingService$EnablingReceiver }, ordered=true, receiver=com.google.android.music.leanback.AutoCacheSchedulingService$EnablingReceiver@41891060
01-20 10:20:16.289: D/ActivityThread(27776): BDC-RECEIVER handled : 0 / ReceiverData{intent=Intent { act=com.google.android.music.START_DOWNLOAD_SCHEDULING flg=0x10 cmp=com.google.android.music/.leanback.AutoCacheSchedulingService$EnablingReceiver } packageName=com.google.android.music resultCode=-1 resultData=null resultExtras=null}
01-20 10:20:16.294: D/dalvikvm(27776): create interp thread : stack size=32KB
01-20 10:20:16.294: D/dalvikvm(27776): create new thread
01-20 10:20:16.295: D/dalvikvm(27776): update thread list
01-20 10:20:16.295: D/dalvikvm(27776): threadid=16: interp stack at 0x53c28000
01-20 10:20:16.296: D/dalvikvm(27776): threadid=16: created from interp
01-20 10:20:16.296: D/dalvikvm(27776): start new thread
01-20 10:20:16.297: D/dalvikvm(27776): threadid=16: notify debugger
01-20 10:20:16.297: D/dalvikvm(27776): threadid=16 (MusicLeanback): calling run()
01-20 10:20:16.305: D/ActivityThread(27776): SVC-Creating service: CreateServiceData{token=android.os.BinderProxy@41978360 className=com.google.android.music.leanback.AutoCacheSchedulingService packageName=com.google.android.music intent=null}
01-20 10:20:16.316: D/ActivityThread(27776): SVC-CREATE_SERVICE handled : 0 / CreateServiceData{token=android.os.BinderProxy@41978360 className=com.google.android.music.leanback.AutoCacheSchedulingService packageName=com.google.android.music intent=null}
01-20 10:20:16.316: D/ActivityThread(27776): SVC-Calling onStartCommand: com.google.android.music.leanback.AutoCacheSchedulingService@419d6a20, flags=0, startId=1
