01-20 10:20:32.943: D/PHONE/CallTime(529): [CallTime] PeriodicTimerCallback's run() is called
01-20 10:20:32.944: D/PHONE/CallTime(529): [CallTime] receive CALL_TIME_UPDATE message
01-20 10:20:32.944: D/PHONE/CallTime(529): [CallTime] periodicUpdateTimer() @ 91269133
01-20 10:20:33.317: D/SurfaceTexture(110): [StatusBar] onFrameAvailable
01-20 10:20:33.334: D/SurfaceTexture(110): [StatusBar] updateTexImage
01-20 10:20:33.574: V/Provider/Setting(361): from settings cache , name = reboot_interval value = null
01-20 10:20:33.579: D/InputReader(361): InputReader::monitor: lock
01-20 10:20:33.579: D/InputReader(361): InputReader::monitor: wait 
01-20 10:20:33.580: D/InputReader(361): InputReader::monitor: unlock
01-20 10:20:33.580: D/InputReader(361): InputReader::monitor: done
01-20 10:20:33.820: D/SurfaceTexture(110): [StatusBar] onFrameAvailable
01-20 10:20:33.820: I/SurfaceTextureClient(461): [0x538e9340] frames:2, duration:1.004000, fps:1.990262
01-20 10:20:33.837: D/SurfaceTexture(110): [StatusBar] updateTexImage
01-20 10:20:33.837: I/SurfaceFlinger(110): [SurfaceFlinger] frames:2, duration:1.004000, fps:1.990216
01-20 10:20:33.943: D/PHONE/CallTime(529): [CallTime] PeriodicTimerCallback's run() is called
01-20 10:20:33.944: D/PHONE/CallTime(529): [CallTime] receive CALL_TIME_UPDATE message
01-20 10:20:33.944: D/PHONE/CallTime(529): [CallTime] periodicUpdateTimer() @ 91270133
01-20 10:20:34.385: W/ADB_SERVICES(139): create_local_service_socket() name=shell:ls -l /
01-20 10:20:34.385: D/ADB_SERVICES(139): Calling send_ready local=18800, remote=15267
01-20 10:20:34.386: W/ADB_SERVICES(27869): adb: unable to open /proc/27869/oom_adj
01-20 10:20:34.406: D/ADB_SERVICES(139):  closing because is_eof=1 r=1 s->fde.force_eof=0
01-20 10:20:34.420: W/ADB_SERVICES(139): create_local_service_socket() name=shell:ls -l -d /emmc@android/
01-20 10:20:34.421: D/ADB_SERVICES(139): Calling send_ready local=18801, remote=15268
01-20 10:20:34.422: W/ADB_SERVICES(27871): adb: unable to open /proc/27871/oom_adj
01-20 10:20:34.430: D/ADB_SERVICES(139):  closing because is_eof=1 r=1 s->fde.force_eof=0
01-20 10:20:34.457: W/ADB_SERVICES(139): create_local_service_socket() name=shell:ls -l -d /emmc@cache/
01-20 10:20:34.457: D/ADB_SERVICES(139): Calling send_ready local=18802, remote=15269
01-20 10:20:34.458: W/ADB_SERVICES(27873): adb: unable to open /proc/27873/oom_adj
01-20 10:20:34.467: D/ADB_SERVICES(139):  closing because is_eof=1 r=1 s->fde.force_eof=0
01-20 10:20:34.491: W/ADB_SERVICES(139): create_local_service_socket() name=shell:ls -l -d /emmc@custpack/
01-20 10:20:34.492: D/ADB_SERVICES(139): Calling send_ready local=18803, remote=15270
01-20 10:20:34.493: W/ADB_SERVICES(27875): adb: unable to open /proc/27875/oom_adj
01-20 10:20:34.501: D/ADB_SERVICES(139):  closing because is_eof=1 r=-1 s->fde.force_eof=0
01-20 10:20:34.526: W/ADB_SERVICES(139): create_local_service_socket() name=shell:ls -l -d /emmc@ebr1/
01-20 10:20:34.527: D/ADB_SERVICES(139): Calling send_ready local=18804, remote=15271
01-20 10:20:34.528: W/ADB_SERVICES(27877): adb: unable to open /proc/27877/oom_adj
01-20 10:20:34.537: D/ADB_SERVICES(139):  closing because is_eof=1 r=1 s->fde.force_eof=0
01-20 10:20:34.564: W/ADB_SERVICES(139): create_local_service_socket() name=shell:ls -l -d /emmc@mobile_info/
01-20 10:20:34.565: D/ADB_SERVICES(139): Calling send_ready local=18805, remote=15272
01-20 10:20:34.566: W/ADB_SERVICES(27879): adb: unable to open /proc/27879/oom_adj
01-20 10:20:34.571: D/ADB_SERVICES(139): adb socket read list (18) (21) (22) 
01-20 10:20:34.571: D/ADB_SERVICES(139): read_data=29950
01-20 10:20:34.571: D/ADB_SERVICES(139): max_read_time=0.000053 max_send_time=0.000232 
01-20 10:20:34.573: D/ADB_SERVICES(139): adb local_socket_ready list (21) (18) (22) 
01-20 10:20:34.574: D/ADB_SERVICES(139):  closing because is_eof=1 r=1 s->fde.force_eof=0
01-20 10:20:34.605: W/ADB_SERVICES(139): create_local_service_socket() name=shell:ls -l -d /emmc@sec_ro/
01-20 10:20:34.606: D/ADB_SERVICES(139): Calling send_ready local=18806, remote=15273
01-20 10:20:34.607: W/ADB_SERVICES(27881): adb: unable to open /proc/27881/oom_adj
01-20 10:20:34.616: D/ADB_SERVICES(139):  closing because is_eof=1 r=1 s->fde.force_eof=0
01-20 10:20:34.642: W/ADB_SERVICES(139): create_local_service_socket() name=shell:ls -l -d /emmc@usrdata/
01-20 10:20:34.642: D/ADB_SERVICES(139): Calling send_ready local=18807, remote=15274
01-20 10:20:34.643: W/ADB_SERVICES(27883): adb: unable to open /proc/27883/oom_adj
01-20 10:20:34.651: D/ADB_SERVICES(139):  closing because is_eof=1 r=1 s->fde.force_eof=0
01-20 10:20:34.825: D/SurfaceTexture(110): [StatusBar] onFrameAvailable
01-20 10:20:34.825: I/SurfaceTextureClient(461): [0x538e9340] frames:1, duration:1.004000, fps:0.995120
01-20 10:20:34.842: D/SurfaceTexture(110): [StatusBar] updateTexImage
01-20 10:20:34.842: I/SurfaceFlinger(110): [SurfaceFlinger] frames:1, duration:1.004000, fps:0.995158
01-20 10:20:34.861: V/ActivityManager(361): Broadcast sticky: Intent { act=android.intent.action.SIG_STR flg=0x10 (has extras) } ordered=false userid=0
01-20 10:20:34.865: D/Bluetooth HS/HF(529): [BT][HFG] [API] mStateReceiver.onReceive(android.intent.action.SIG_STR)
01-20 10:20:34.865: D/Bluetooth HS/HF(529): [BT][HFG] [API] mHandler.handleMessage(10)
01-20 10:20:34.865: D/NetworkControllerGemini(461): PhoneStateListener:onSignalStrengthsChanged, sim1 before.
01-20 10:20:34.865: D/NetworkControllerGemini(461): PhoneStateListener:onSignalStrengthsChanged, signalStrength=3
01-20 10:20:34.865: D/NetworkControllerGemini(461): updateDataNetType(0), DataNetType=10.
01-20 10:20:34.865: D/NetworkControllerGemini(461): updateDataNetType(0), simColorId=2
01-20 10:20:34.866: D/NetworkControllerGemini(461): updateDataNetType(0), DataNetType3G=Type_3G tempDataTypeIconId= 2130837709.
01-20 10:20:34.866: D/NetworkControllerGemini(461): isSimInserted(0), SimInserted=true
01-20 10:20:34.866: D/NetworkControllerGemini(461): updateTelephonySignalStrength(0), regState=1
01-20 10:20:34.866: D/NetworkControllerGemini(461): updateTelephonySignalStrength(0), hasService=true
01-20 10:20:34.866: D/NetworkControllerGemini(461): updateTelephonySignalStrength(0), isRoaming=false, mInetCondition=1
01-20 10:20:34.867: D/NetworkControllerGemini(461): updateTelephonySignalStrength(0), simColorId=2
01-20 10:20:34.867: D/NetworkControllerGemini(461): updateTelephonySignalStrength(0), tempDataNetType = Type_3G , simColorId=2  tempPhoneSignalIconId[0] = 2130837730  tempPhoneSignalIconId[1] = 0
01-20 10:20:34.867: D/NetworkControllerGemini(461):  updateTelephonySignalStrength(0) tempSIMCUSignVisible= true
01-20 10:20:34.867: D/NetworkControllerGemini(461): updateTelephonySignalStrength(0) mSIMCUSignVisible= true
01-20 10:20:34.867: D/NetworkControllerGemini(461): refreshViews(0), DataConnected=false
01-20 10:20:34.867: D/SignalClusterViewGemini(461): setDataConnected(0), dataConnected=false
01-20 10:20:34.868: D/SignalClusterViewGemini(461): setDataNetType3G(0), dataNetType=Type_3G
01-20 10:20:34.869: D/SignalClusterViewGemini(461): apply, mMobileVisible=true mMobileActivityId=0 mMobileTypeId=2130837709 mMobileStrengthId[0] = 2130837730 mMobileStrengthId[1] = 0
01-20 10:20:34.870: D/SignalClusterViewGemini(461): isSimInserted(0), SimInserted=true
01-20 10:20:34.870: D/SignalClusterViewGemini(461): mDataNetType =Type_3G resId= 0 simColorId = 2
01-20 10:20:34.870: D/SignalClusterViewGemini(461): apply, mMobileVisibleGemini=true mMobileActivityIdGemini=0 mMobileTypeIdGemini=2130837703 mMobileStrengthIdGemini[0] = 2130837735 mMobileStrengthIdGemini[1] = 0
01-20 10:20:34.871: D/SignalClusterViewGemini(461): isSimInserted(1), SimInserted=true
01-20 10:20:34.872: D/SignalClusterViewGemini(461): mDataNetTypeGemini =Type_G resId= 0 simColorId = 1
01-20 10:20:34.872: D/SignalClusterViewGemini(461): apply, mMobileVisible=true, mWifiVisible=true, mIsAirplaneMode=false
01-20 10:20:34.872: D/NetworkControllerGemini(461): PhoneStateListener:onSignalStrengthsChanged, sim1 after.
01-20 10:20:34.884: D/SurfaceTexture(110): [StatusBar] onFrameAvailable
01-20 10:20:34.897: D/SurfaceTexture(110): [StatusBar] updateTexImage
01-20 10:20:34.944: D/PHONE/CallTime(529): [CallTime] PeriodicTimerCallback's run() is called
01-20 10:20:34.944: D/PHONE/CallTime(529): [CallTime] receive CALL_TIME_UPDATE message
01-20 10:20:34.945: D/PHONE/CallTime(529): [CallTime] periodicUpdateTimer() @ 91271133
01-20 10:20:35.328: D/SurfaceTexture(110): [StatusBar] onFrameAvailable
01-20 10:20:35.341: D/StateMachine(361): handleMessage: E msg.what=131155
01-20 10:20:35.341: D/StateMachine(361): processMsg: ConnectedState
01-20 10:20:35.342: D/WifiStateMachine(361): ConnectedState{ what=131155 when=-2ms arg1=498 target=Handler (com.android.internal.util.StateMachine$SmHandler) {41d86090} }
01-20 10:20:35.342: D/StateMachine(361): processMsg: L2ConnectedState
01-20 10:20:35.342: D/WifiStateMachine(361): L2ConnectedState{ what=131155 when=-3ms arg1=498 target=Handler (com.android.internal.util.StateMachine$SmHandler) {41d86090} }
01-20 10:20:35.343: D/WifiNative-wlan0(361): doString: SIGNAL_POLL
01-20 10:20:35.343: D/wpa_supplicant(16884): wpa_s 0x40feb6e8 cmd SIGNAL_POLL
01-20 10:20:35.344: D/SurfaceTexture(110): [StatusBar] updateTexImage
01-20 10:20:35.360: D/wpa_supplicant(16884): nl80211: survey data missing!
01-20 10:20:35.360: D/WifiCommon(361): [wlan0]SET "SIGNAL_POLL"
01-20 10:20:35.361: I/WifiStateMachine(361): fetchRssiAndLinkSpeedNative, newRssi=-61
01-20 10:20:35.362: D/StateMachine(361): handleMessage: X
01-20 10:20:35.489: D/NetworkControllerGemini(461): refreshViews(0), DataConnected=false
01-20 10:20:35.489: D/NetworkControllerGemini(461): refreshViews(0), set parameters to signal cluster view.
01-20 10:20:35.489: D/NetworkControllerGemini(461): refreshViews(0), tempPhoneSignalIconId.0 = 2130837730  tempPhoneSignalIconId.1 = 0  tempMobileActivityIconId= 0  tempDataTypeIconId= 2130837709
01-20 10:20:35.490: D/SignalClusterViewGemini(461): setMobileDataIndicators(0), visible=true, strengthIcon[0] ~ [1] 2130837730 ~ 0
01-20 10:20:35.491: D/SignalClusterViewGemini(461): setDataConnected(0), dataConnected=false
01-20 10:20:35.491: D/SignalClusterViewGemini(461): setDataNetType3G(0), dataNetType=Type_3G
01-20 10:20:35.493: D/SignalClusterViewGemini(461): apply, mMobileVisible=true mMobileActivityId=0 mMobileTypeId=2130837709 mMobileStrengthId[0] = 2130837730 mMobileStrengthId[1] = 0
01-20 10:20:35.495: D/SignalClusterViewGemini(461): isSimInserted(0), SimInserted=true
01-20 10:20:35.496: D/SignalClusterViewGemini(461): mDataNetType =Type_3G resId= 0 simColorId = 2
01-20 10:20:35.496: D/SignalClusterViewGemini(461): apply, mMobileVisibleGemini=true mMobileActivityIdGemini=0 mMobileTypeIdGemini=2130837703 mMobileStrengthIdGemini[0] = 2130837735 mMobileStrengthIdGemini[1] = 0
01-20 10:20:35.498: D/SignalClusterViewGemini(461): isSimInserted(1), SimInserted=true
01-20 10:20:35.499: D/SignalClusterViewGemini(461): mDataNetTypeGemini =Type_G resId= 0 simColorId = 1
01-20 10:20:35.499: D/SignalClusterViewGemini(461): apply, mMobileVisible=true, mWifiVisible=true, mIsAirplaneMode=false
01-20 10:20:35.499: D/NetworkControllerGemini(461): refreshViews(1), DataConnected=false
01-20 10:20:35.500: D/SignalClusterViewGemini(461): setDataConnected(1), dataConnected=false
01-20 10:20:35.501: D/SignalClusterViewGemini(461): setDataNetType3G(1), dataNetType=Type_G
01-20 10:20:35.502: D/SignalClusterViewGemini(461): apply, mMobileVisible=true mMobileActivityId=0 mMobileTypeId=2130837709 mMobileStrengthId[0] = 2130837730 mMobileStrengthId[1] = 0
01-20 10:20:35.504: D/SignalClusterViewGemini(461): isSimInserted(0), SimInserted=true
01-20 10:20:35.504: D/SignalClusterViewGemini(461): mDataNetType =Type_3G resId= 0 simColorId = 2
01-20 10:20:35.505: D/SignalClusterViewGemini(461): apply, mMobileVisibleGemini=true mMobileActivityIdGemini=0 mMobileTypeIdGemini=2130837703 mMobileStrengthIdGemini[0] = 2130837735 mMobileStrengthIdGemini[1] = 0
01-20 10:20:35.507: D/SignalClusterViewGemini(461): isSimInserted(1), SimInserted=true
01-20 10:20:35.508: D/SignalClusterViewGemini(461): mDataNetTypeGemini =Type_G resId= 0 simColorId = 1
01-20 10:20:35.508: D/SignalClusterViewGemini(461): apply, mMobileVisible=true, mWifiVisible=true, mIsAirplaneMode=false
01-20 10:20:35.514: D/SurfaceTexture(110): [StatusBar] onFrameAvailable
01-20 10:20:35.530: D/SurfaceTexture(110): [StatusBar] updateTexImage
01-20 10:20:35.830: D/SurfaceTexture(110): [StatusBar] onFrameAvailable
01-20 10:20:35.831: I/SurfaceTextureClient(461): [0x538e9340] frames:4, duration:1.004000, fps:3.980652
01-20 10:20:35.846: D/SurfaceTexture(110): [StatusBar] updateTexImage
01-20 10:20:35.847: I/SurfaceFlinger(110): [SurfaceFlinger] frames:4, duration:1.004000, fps:3.980548
01-20 10:20:35.944: D/PHONE/CallTime(529): [CallTime] PeriodicTimerCallback's run() is called
01-20 10:20:35.944: D/PHONE/CallTime(529): [CallTime] receive CALL_TIME_UPDATE message
01-20 10:20:35.945: D/PHONE/CallTime(529): [CallTime] periodicUpdateTimer() @ 91272133
01-20 10:20:36.490: D/NetworkControllerGemini(461): refreshViews(0), DataConnected=false
01-20 10:20:36.490: D/NetworkControllerGemini(461): refreshViews(0), set parameters to signal cluster view.
01-20 10:20:36.491: D/NetworkControllerGemini(461): refreshViews(0), tempPhoneSignalIconId.0 = 2130837730  tempPhoneSignalIconId.1 = 0  tempMobileActivityIconId= 0  tempDataTypeIconId= 2130837709
01-20 10:20:36.491: D/SignalClusterViewGemini(461): setMobileDataIndicators(0), visible=true, strengthIcon[0] ~ [1] 2130837730 ~ 0
01-20 10:20:36.491: D/SignalClusterViewGemini(461): setDataConnected(0), dataConnected=false
01-20 10:20:36.492: D/SignalClusterViewGemini(461): setDataNetType3G(0), dataNetType=Type_3G
01-20 10:20:36.494: D/SignalClusterViewGemini(461): apply, mMobileVisible=true mMobileActivityId=0 mMobileTypeId=2130837709 mMobileStrengthId[0] = 2130837730 mMobileStrengthId[1] = 0
01-20 10:20:36.496: D/SignalClusterViewGemini(461): isSimInserted(0), SimInserted=true
01-20 10:20:36.497: D/SignalClusterViewGemini(461): mDataNetType =Type_3G resId= 0 simColorId = 2
01-20 10:20:36.497: D/SignalClusterViewGemini(461): apply, mMobileVisibleGemini=true mMobileActivityIdGemini=0 mMobileTypeIdGemini=2130837703 mMobileStrengthIdGemini[0] = 2130837735 mMobileStrengthIdGemini[1] = 0
01-20 10:20:36.499: D/SignalClusterViewGemini(461): isSimInserted(1), SimInserted=true
01-20 10:20:36.500: D/SignalClusterViewGemini(461): mDataNetTypeGemini =Type_G resId= 0 simColorId = 1
01-20 10:20:36.500: D/SignalClusterViewGemini(461): apply, mMobileVisible=true, mWifiVisible=true, mIsAirplaneMode=false
01-20 10:20:36.501: D/NetworkControllerGemini(461): refreshViews(1), DataConnected=false
01-20 10:20:36.501: D/SignalClusterViewGemini(461): setDataConnected(1), dataConnected=false
01-20 10:20:36.502: D/SignalClusterViewGemini(461): setDataNetType3G(1), dataNetType=Type_G
01-20 10:20:36.503: D/SignalClusterViewGemini(461): apply, mMobileVisible=true mMobileActivityId=0 mMobileTypeId=2130837709 mMobileStrengthId[0] = 2130837730 mMobileStrengthId[1] = 0
01-20 10:20:36.505: D/SignalClusterViewGemini(461): isSimInserted(0), SimInserted=true
01-20 10:20:36.505: D/SignalClusterViewGemini(461): mDataNetType =Type_3G resId= 0 simColorId = 2
01-20 10:20:36.506: D/SignalClusterViewGemini(461): apply, mMobileVisibleGemini=true mMobileActivityIdGemini=0 mMobileTypeIdGemini=2130837703 mMobileStrengthIdGemini[0] = 2130837735 mMobileStrengthIdGemini[1] = 0
01-20 10:20:36.508: D/SignalClusterViewGemini(461): isSimInserted(1), SimInserted=true
01-20 10:20:36.509: D/SignalClusterViewGemini(461): mDataNetTypeGemini =Type_G resId= 0 simColorId = 1
01-20 10:20:36.509: D/SignalClusterViewGemini(461): apply, mMobileVisible=true, mWifiVisible=true, mIsAirplaneMode=false
01-20 10:20:36.514: D/SurfaceTexture(110): [StatusBar] onFrameAvailable
01-20 10:20:36.516: D/SurfaceTexture(110): [StatusBar] updateTexImage
01-20 10:20:36.596: E/GmsUtils(27776): Failed to connect to Google API client: ConnectionResult{statusCode=TIMEOUT, resolution=null}
01-20 10:20:36.597: D/ActivityThread(27776): SVC-Destroying service: com.google.android.music.wear.WearMetadataSyncService@419f8210
01-20 10:20:36.605: D/dalvikvm(27776): threadid=19: exiting
01-20 10:20:36.605: D/dalvikvm(27776): threadid=19: bye!
01-20 10:20:36.607: D/ActivityThread(27776): SVC-STOP_SERVICE handled : 0 / android.os.BinderProxy@41870bf0
01-20 10:20:36.835: D/SurfaceTexture(110): [StatusBar] onFrameAvailable
01-20 10:20:36.835: I/SurfaceTextureClient(461): [0x538e9340] frames:2, duration:1.004000, fps:1.990524
01-20 10:20:36.851: D/SurfaceTexture(110): [StatusBar] updateTexImage
01-20 10:20:36.852: I/SurfaceFlinger(110): [SurfaceFlinger] frames:2, duration:1.004000, fps:1.990277
01-20 10:20:36.944: D/PHONE/CallTime(529): [CallTime] PeriodicTimerCallback's run() is called
01-20 10:20:36.944: D/PHONE/CallTime(529): [CallTime] receive CALL_TIME_UPDATE message
01-20 10:20:36.945: D/PHONE/CallTime(529): [CallTime] periodicUpdateTimer() @ 91273133
01-20 10:20:36.958: V/ActivityManager(361): Broadcast sticky: Intent { act=android.intent.action.SIG_STR flg=0x10 (has extras) } ordered=false userid=0
01-20 10:20:36.959: D/Bluetooth HS/HF(529): [BT][HFG] [API] mStateReceiver.onReceive(android.intent.action.SIG_STR)
01-20 10:20:36.960: D/Bluetooth HS/HF(529): [BT][HFG] [API] mHandler.handleMessage(10)
01-20 10:20:36.960: D/NetworkControllerGemini(461): PhoneStateListener:onSignalStrengthsChanged, sim2 before.
01-20 10:20:36.960: D/NetworkControllerGemini(461): PhoneStateListener:onSignalStrengthsChanged, signalStrength=4
01-20 10:20:36.960: D/NetworkControllerGemini(461): updateDataNetType(1), DataNetType=1.
01-20 10:20:36.960: D/NetworkControllerGemini(461): updateDataNetType(1), simColorId=1
01-20 10:20:36.960: D/NetworkControllerGemini(461): updateDataNetType(1), DataNetType3G=Type_G tempDataTypeIconId= 2130837703.
01-20 10:20:36.961: D/NetworkControllerGemini(461): isSimInserted(1), SimInserted=true
01-20 10:20:36.961: D/NetworkControllerGemini(461): updateTelephonySignalStrength(1), regState=1
01-20 10:20:36.961: D/NetworkControllerGemini(461): updateTelephonySignalStrength(1), hasService=true
01-20 10:20:36.961: D/NetworkControllerGemini(461): updateTelephonySignalStrength(1), isRoaming=false, mInetCondition=1
01-20 10:20:36.961: D/NetworkControllerGemini(461): updateTelephonySignalStrength(1), simColorId=1
01-20 10:20:36.961: D/NetworkControllerGemini(461): updateTelephonySignalStrength(1), tempDataNetType = Type_G , simColorId=1  tempPhoneSignalIconId[0] = 2130837735  tempPhoneSignalIconId[1] = 0
01-20 10:20:36.961: D/NetworkControllerGemini(461):  updateTelephonySignalStrength(1) tempSIMCUSignVisible= true
01-20 10:20:36.962: D/NetworkControllerGemini(461): updateTelephonySignalStrength(1) mSIMCUSignVisible= true
01-20 10:20:36.962: D/NetworkControllerGemini(461): refreshViews(1), DataConnected=false
01-20 10:20:36.962: D/SignalClusterViewGemini(461): setDataConnected(1), dataConnected=false
01-20 10:20:36.962: D/SignalClusterViewGemini(461): setDataNetType3G(1), dataNetType=Type_G
01-20 10:20:36.963: D/SignalClusterViewGemini(461): apply, mMobileVisible=true mMobileActivityId=0 mMobileTypeId=2130837709 mMobileStrengthId[0] = 2130837730 mMobileStrengthId[1] = 0
01-20 10:20:36.964: D/SignalClusterViewGemini(461): isSimInserted(0), SimInserted=true
01-20 10:20:36.964: D/SignalClusterViewGemini(461): mDataNetType =Type_3G resId= 0 simColorId = 2
01-20 10:20:36.964: D/SignalClusterViewGemini(461): apply, mMobileVisibleGemini=true mMobileActivityIdGemini=0 mMobileTypeIdGemini=2130837703 mMobileStrengthIdGemini[0] = 2130837735 mMobileStrengthIdGemini[1] = 0
01-20 10:20:36.965: D/SignalClusterViewGemini(461): isSimInserted(1), SimInserted=true
01-20 10:20:36.965: D/SignalClusterViewGemini(461): mDataNetTypeGemini =Type_G resId= 0 simColorId = 1
01-20 10:20:36.965: D/SignalClusterViewGemini(461): apply, mMobileVisible=true, mWifiVisible=true, mIsAirplaneMode=false
01-20 10:20:36.966: D/NetworkControllerGemini(461): PhoneStateListener:onSignalStrengthsChanged, sim2 after.
01-20 10:20:36.970: D/SurfaceTexture(110): [StatusBar] onFrameAvailable
01-20 10:20:36.982: D/SurfaceTexture(110): [StatusBar] updateTexImage
01-20 10:20:37.337: D/SurfaceTexture(110): [StatusBar] onFrameAvailable
01-20 10:20:37.354: D/SurfaceTexture(110): [StatusBar] updateTexImage
01-20 10:20:37.839: D/SurfaceTexture(110): [StatusBar] onFrameAvailable
01-20 10:20:37.840: I/SurfaceTextureClient(461): [0x538e9340] frames:3, duration:1.005000, fps:2.985033
01-20 10:20:37.840: D/ADB_SERVICES(139): adb fdevent_process list (21) (14) (18) (22) 
01-20 10:20:37.856: D/SurfaceTexture(110): [StatusBar] updateTexImage
01-20 10:20:37.857: I/SurfaceFlinger(110): [SurfaceFlinger] frames:3, duration:1.004000, fps:2.985441
01-20 10:20:37.943: D/PHONE/CallTime(529): [CallTime] PeriodicTimerCallback's run() is called
01-20 10:20:37.943: D/PHONE/CallTime(529): [CallTime] receive CALL_TIME_UPDATE message
01-20 10:20:37.944: D/PHONE/CallTime(529): [CallTime] periodicUpdateTimer() @ 91274133
01-20 10:20:38.365: D/StateMachine(361): handleMessage: E msg.what=131155
01-20 10:20:38.365: D/StateMachine(361): processMsg: ConnectedState
01-20 10:20:38.366: D/WifiStateMachine(361): ConnectedState{ what=131155 when=-4ms arg1=498 target=Handler (com.android.internal.util.StateMachine$SmHandler) {41d86090} }
01-20 10:20:38.366: D/StateMachine(361): processMsg: L2ConnectedState
01-20 10:20:38.367: D/WifiStateMachine(361): L2ConnectedState{ what=131155 when=-5ms arg1=498 target=Handler (com.android.internal.util.StateMachine$SmHandler) {41d86090} }
01-20 10:20:38.368: D/WifiNative-wlan0(361): doString: SIGNAL_POLL
01-20 10:20:38.368: D/wpa_supplicant(16884): wpa_s 0x40feb6e8 cmd SIGNAL_POLL
01-20 10:20:38.369: D/wpa_supplicant(16884): nl80211: survey data missing!
01-20 10:20:38.370: D/WifiCommon(361): [wlan0]SET "SIGNAL_POLL"
01-20 10:20:38.371: I/WifiStateMachine(361): fetchRssiAndLinkSpeedNative, newRssi=-61
01-20 10:20:38.372: D/StateMachine(361): handleMessage: X
01-20 10:20:38.844: D/SurfaceTexture(110): [StatusBar] onFrameAvailable
01-20 10:20:38.844: I/SurfaceTextureClient(461): [0x538e9340] frames:1, duration:1.004000, fps:0.995126
01-20 10:20:38.861: D/SurfaceTexture(110): [StatusBar] updateTexImage
01-20 10:20:38.862: I/SurfaceFlinger(110): [SurfaceFlinger] frames:1, duration:1.004000, fps:0.995129
01-20 10:20:38.943: D/PHONE/CallTime(529): [CallTime] PeriodicTimerCallback's run() is called
01-20 10:20:38.944: D/PHONE/CallTime(529): [CallTime] receive CALL_TIME_UPDATE message
01-20 10:20:38.944: D/PHONE/CallTime(529): [CallTime] periodicUpdateTimer() @ 91275133
01-20 10:20:39.347: D/SurfaceTexture(110): [StatusBar] onFrameAvailable
01-20 10:20:39.363: D/SurfaceTexture(110): [StatusBar] updateTexImage
01-20 10:20:39.444: W/ADB_SERVICES(139): create_local_service_socket() name=shell:ls -l /
01-20 10:20:39.444: D/ADB_SERVICES(139): Calling send_ready local=18808, remote=15275
01-20 10:20:39.445: W/ADB_SERVICES(27885): adb: unable to open /proc/27885/oom_adj
01-20 10:20:39.457: D/ADB_SERVICES(139):  closing because is_eof=1 r=1 s->fde.force_eof=0
01-20 10:20:39.479: W/ADB_SERVICES(139): create_local_service_socket() name=shell:ls -l -d /emmc@android/
01-20 10:20:39.479: D/ADB_SERVICES(139): Calling send_ready local=18809, remote=15276
01-20 10:20:39.480: W/ADB_SERVICES(27887): adb: unable to open /proc/27887/oom_adj
01-20 10:20:39.488: D/ADB_SERVICES(139):  closing because is_eof=1 r=-1 s->fde.force_eof=0
01-20 10:20:39.514: W/ADB_SERVICES(139): create_local_service_socket() name=shell:ls -l -d /emmc@cache/
01-20 10:20:39.515: D/ADB_SERVICES(139): Calling send_ready local=18810, remote=15277
01-20 10:20:39.515: W/ADB_SERVICES(27889): adb: unable to open /proc/27889/oom_adj
01-20 10:20:39.524: D/ADB_SERVICES(139):  closing because is_eof=1 r=1 s->fde.force_eof=0
01-20 10:20:39.549: W/ADB_SERVICES(139): create_local_service_socket() name=shell:ls -l -d /emmc@custpack/
01-20 10:20:39.550: D/ADB_SERVICES(139): Calling send_ready local=18811, remote=15278
01-20 10:20:39.551: W/ADB_SERVICES(27891): adb: unable to open /proc/27891/oom_adj
01-20 10:20:39.559: D/ADB_SERVICES(139):  closing because is_eof=1 r=1 s->fde.force_eof=0
01-20 10:20:39.584: W/ADB_SERVICES(139): create_local_service_socket() name=shell:ls -l -d /emmc@ebr1/
01-20 10:20:39.585: D/ADB_SERVICES(139): Calling send_ready local=18812, remote=15279
01-20 10:20:39.585: D/ADB_SERVICES(139): adb local_socket_ready list (21) (22) (18) 
01-20 10:20:39.585: D/ADB_SERVICES(139): adb socket read list (18) (21) (22) 
01-20 10:20:39.585: D/ADB_SERVICES(139): read_data=51263
01-20 10:20:39.585: D/ADB_SERVICES(139): max_read_time=0.000043 max_send_time=0.000142 
01-20 10:20:39.586: W/ADB_SERVICES(27893): adb: unable to open /proc/27893/oom_adj
01-20 10:20:39.594: D/ADB_SERVICES(139):  closing because is_eof=1 r=1 s->fde.force_eof=0
01-20 10:20:39.619: W/ADB_SERVICES(139): create_local_service_socket() name=shell:ls -l -d /emmc@mobile_info/
01-20 10:20:39.619: D/ADB_SERVICES(139): Calling send_ready local=18813, remote=15280
01-20 10:20:39.621: W/ADB_SERVICES(27895): adb: unable to open /proc/27895/oom_adj
01-20 10:20:39.628: D/ADB_SERVICES(139):  closing because is_eof=1 r=1 s->fde.force_eof=0
01-20 10:20:39.654: W/ADB_SERVICES(139): create_local_service_socket() name=shell:ls -l -d /emmc@sec_ro/
01-20 10:20:39.654: D/ADB_SERVICES(139): Calling send_ready local=18814, remote=15281
01-20 10:20:39.655: W/ADB_SERVICES(27897): adb: unable to open /proc/27897/oom_adj
01-20 10:20:39.664: D/ADB_SERVICES(139):  closing because is_eof=1 r=1 s->fde.force_eof=0
01-20 10:20:39.689: W/ADB_SERVICES(139): create_local_service_socket() name=shell:ls -l -d /emmc@usrdata/
01-20 10:20:39.690: D/ADB_SERVICES(139): Calling send_ready local=18815, remote=15282
01-20 10:20:39.691: W/ADB_SERVICES(27899): adb: unable to open /proc/27899/oom_adj
01-20 10:20:39.699: D/ADB_SERVICES(139):  closing because is_eof=1 r=-1 s->fde.force_eof=0
01-20 10:20:39.849: D/SurfaceTexture(110): [StatusBar] onFrameAvailable
01-20 10:20:39.849: I/SurfaceTextureClient(461): [0x538e9340] frames:2, duration:1.004000, fps:1.990285
01-20 10:20:39.866: D/SurfaceTexture(110): [StatusBar] updateTexImage
01-20 10:20:39.866: I/SurfaceFlinger(110): [SurfaceFlinger] frames:2, duration:1.004000, fps:1.990288
01-20 10:20:39.944: D/PHONE/CallTime(529): [CallTime] PeriodicTimerCallback's run() is called
01-20 10:20:39.944: D/PHONE/CallTime(529): [CallTime] receive CALL_TIME_UPDATE message
01-20 10:20:39.944: D/PHONE/CallTime(529): [CallTime] periodicUpdateTimer() @ 91276133
01-20 10:20:40.854: D/SurfaceTexture(110): [StatusBar] onFrameAvailable
01-20 10:20:40.854: I/SurfaceTextureClient(461): [0x538e9340] frames:1, duration:1.004000, fps:0.995131
01-20 10:20:40.871: D/SurfaceTexture(110): [StatusBar] updateTexImage
01-20 10:20:40.871: I/SurfaceFlinger(110): [SurfaceFlinger] frames:1, duration:1.004000, fps:0.995136
01-20 10:20:40.944: D/PHONE/CallTime(529): [CallTime] PeriodicTimerCallback's run() is called
01-20 10:20:40.944: D/PHONE/CallTime(529): [CallTime] receive CALL_TIME_UPDATE message
01-20 10:20:40.944: D/PHONE/CallTime(529): [CallTime] periodicUpdateTimer() @ 91277133
01-20 10:20:41.356: D/SurfaceTexture(110): [StatusBar] onFrameAvailable
01-20 10:20:41.373: D/SurfaceTexture(110): [StatusBar] updateTexImage
01-20 10:20:41.374: D/StateMachine(361): handleMessage: E msg.what=131155
01-20 10:20:41.375: D/StateMachine(361): processMsg: ConnectedState
01-20 10:20:41.376: D/WifiStateMachine(361): ConnectedState{ what=131155 when=-4ms arg1=498 target=Handler (com.android.internal.util.StateMachine$SmHandler) {41d86090} }
01-20 10:20:41.376: D/StateMachine(361): processMsg: L2ConnectedState
01-20 10:20:41.377: D/WifiStateMachine(361): L2ConnectedState{ what=131155 when=-5ms arg1=498 target=Handler (com.android.internal.util.StateMachine$SmHandler) {41d86090} }
01-20 10:20:41.378: D/WifiNative-wlan0(361): doString: SIGNAL_POLL
01-20 10:20:41.379: D/wpa_supplicant(16884): wpa_s 0x40feb6e8 cmd SIGNAL_POLL
01-20 10:20:41.390: D/wpa_supplicant(16884): nl80211: survey data missing!
01-20 10:20:41.390: D/WifiCommon(361): [wlan0]SET "SIGNAL_POLL"
01-20 10:20:41.391: I/WifiStateMachine(361): fetchRssiAndLinkSpeedNative, newRssi=-61
01-20 10:20:41.391: D/StateMachine(361): handleMessage: X
01-20 10:20:41.691: V/ActivityManager(361): Broadcast sticky: Intent { act=android.intent.action.BATTERY_CHANGED flg=0x60000010 (has extras) } ordered=false userid=0
01-20 10:20:41.695: D/KeyguardUpdateMonitor(361): received broadcast android.intent.action.BATTERY_CHANGED
01-20 10:20:41.697: D/Bluetooth HS/HF(529): [BT][HFG] [API] mStateReceiver.onReceive(android.intent.action.BATTERY_CHANGED)
01-20 10:20:41.698: I/KeyguardUpdateMonitor(361): ACTION_BATTERY_CHANGED, status=2,plugged=2, level=62, health=2
01-20 10:20:41.698: D/Bluetooth HS/HF(529): [BT][HFG] [API] mHandler.handleMessage(9)
01-20 10:20:41.698: D/Bluetooth HS/HF(529): [BT][HFG] [API] updateBatteryState
01-20 10:20:41.699: D/UsbDeviceManager(361): onReceive - ACTION_BATTERY_CHANGED - mPlugType: 2, mSettingUsbCharging: false, mConnected: true, mSettingUsbBicr: false
01-20 10:20:41.700: D/KeyguardUpdateMonitor(361): handleBatteryUpdate
01-20 10:20:41.702: D/WifiService(361): onReceive, action=android.intent.action.BATTERY_CHANGED
01-20 10:20:41.704: V/Provider/Setting(361): from settings cache , name = wifi_idle_ms value = null
01-20 10:20:41.705: V/Provider/Setting(361): from settings cache , name = stay_on_while_plugged_in value = 0
01-20 10:20:41.705: D/WifiService(361): ACTION_BATTERY_CHANGED pluggedType: 2
01-20 10:20:41.707: D/StatusBar.BatteryController(461): BatteryController onReceive action is android.intent.action.BATTERY_CHANGED
01-20 10:20:41.708: D/StatusBar.BatteryController(461):  plugged is true fulled is false mBatteryOverTemperature = false  R.drawable.stat_sys_battery_charge is 2130837626 R.drawable.stat_sys_battery is 2130837617  icon is 2130837626
01-20 10:20:41.709: D/StatusBar.BatteryController(461): mBatteryPercentage is 62% mShouldShowBatteryPercentage is true mLabelViews.size() 1
01-20 10:20:41.712: D/PowerUI(461): action = android.intent.action.BATTERY_CHANGED
01-20 10:20:41.712: D/PowerUI(461): Intent start() ret = false mHideLowBDialog= true
01-20 10:20:41.712: D/PowerUI(461): oldBatteryLevel = 62mBatteryLevel = 62
01-20 10:20:41.712: D/PowerUI(461): dismissLowBatteryWarning***************
01-20 10:20:41.737: D/SurfaceTexture(110): [StatusBar] onFrameAvailable
01-20 10:20:41.745: D/SurfaceTexture(110): [StatusBar] updateTexImage
01-20 10:20:41.859: D/SurfaceTexture(110): [StatusBar] onFrameAvailable
01-20 10:20:41.860: I/SurfaceTextureClient(461): [0x538e9340] frames:3, duration:1.004000, fps:2.985797
01-20 10:20:41.876: D/SurfaceTexture(110): [StatusBar] updateTexImage
01-20 10:20:41.876: I/SurfaceFlinger(110): [SurfaceFlinger] frames:3, duration:1.004000, fps:2.985447
01-20 10:20:41.944: D/PHONE/CallTime(529): [CallTime] PeriodicTimerCallback's run() is called
01-20 10:20:41.944: D/PHONE/CallTime(529): [CallTime] receive CALL_TIME_UPDATE message
01-20 10:20:41.945: D/PHONE/CallTime(529): [CallTime] periodicUpdateTimer() @ 91278133
