01-20 08:44:10.183: V/NotificationService(361): Assigned score=20 to Notification(pri=2 contentView=com.rec.kuciaba.andrzej.officetime/0x109007d vibrate=null sound=null defaults=0x0 flags=0x60 kind=[null])
01-20 08:44:10.190: D/NotificationService(361): pakage=com.rec.kuciaba.andrzej.officetime,In NotificationMangerService, this notification soud, leds and vibrate enable
01-20 08:44:16.611: D/StrictMode(14100): 	at android.os.Parcel.readExceptionCode(Parcel.java:1407)
01-20 08:44:16.611: D/StrictMode(14100): 	at android.database.DatabaseUtils.readExceptionFromParcel(DatabaseUtils.java:137)
01-20 08:44:20.375: V/NotificationService(361): enqueueNotificationInternal: pkg=com.rec.kuciaba.andrzej.officetime id=2 notification=Notification(pri=2 contentView=com.rec.kuciaba.andrzej.officetime/0x109007d vibrate=null sound=null defaults=0x0 flags=0x60 kind=[null])
01-20 08:44:20.375: V/NotificationService(361): notifications are enabled for com.rec.kuciaba.andrzej.officetime
01-20 08:44:20.376: V/NotificationService(361): Assigned score=20 to Notification(pri=2 contentView=com.rec.kuciaba.andrzej.officetime/0x109007d vibrate=null sound=null defaults=0x0 flags=0x60 kind=[null])
01-20 08:44:20.376: D/NotificationService(361): pakage=com.rec.kuciaba.andrzej.officetime,In NotificationMangerService, this notification soud, leds and vibrate enable
01-20 08:44:23.934: V/MediaProvider/DrmHelper(3880): pid=1943, name=com.rec.kuciaba.andrzej.officetime, allow=false
01-20 08:44:28.643: D/FotaDB(14383): Some error occur when create table android.database.sqlite.SQLiteException: table updates already exists (code 1): , while compiling: CREATE TABLE updates (_id integer primary key autoincrement, versionNum text, serverChkSum text, opreateStatus text, downloadResult text, downloadReported integer, downloadReportLog text, upgradeResult text, upgradeReported integer, upgradeReportLog text )
01-20 08:44:29.719: D/StrictMode(14402): 	at android.os.Parcel.readExceptionCode(Parcel.java:1407)
01-20 08:44:29.719: D/StrictMode(14402): 	at android.database.DatabaseUtils.readExceptionFromParcel(DatabaseUtils.java:137)
01-20 08:44:30.647: V/NotificationService(361): enqueueNotificationInternal: pkg=com.rec.kuciaba.andrzej.officetime id=2 notification=Notification(pri=2 contentView=com.rec.kuciaba.andrzej.officetime/0x109007d vibrate=null sound=null defaults=0x0 flags=0x60 kind=[null])
01-20 08:44:30.647: V/NotificationService(361): notifications are enabled for com.rec.kuciaba.andrzej.officetime
01-20 08:44:30.652: V/NotificationService(361): Assigned score=20 to Notification(pri=2 contentView=com.rec.kuciaba.andrzej.officetime/0x109007d vibrate=null sound=null defaults=0x0 flags=0x60 kind=[null])
01-20 08:44:30.653: D/NotificationService(361): pakage=com.rec.kuciaba.andrzej.officetime,In NotificationMangerService, this notification soud, leds and vibrate enable
01-20 08:44:40.768: V/NotificationService(361): enqueueNotificationInternal: pkg=com.rec.kuciaba.andrzej.officetime id=2 notification=Notification(pri=2 contentView=com.rec.kuciaba.andrzej.officetime/0x109007d vibrate=null sound=null defaults=0x0 flags=0x60 kind=[null])
01-20 08:44:40.770: V/NotificationService(361): notifications are enabled for com.rec.kuciaba.andrzej.officetime
01-20 08:44:40.770: V/NotificationService(361): Assigned score=20 to Notification(pri=2 contentView=com.rec.kuciaba.andrzej.officetime/0x109007d vibrate=null sound=null defaults=0x0 flags=0x60 kind=[null])
01-20 08:44:40.771: D/NotificationService(361): pakage=com.rec.kuciaba.andrzej.officetime,In NotificationMangerService, this notification soud, leds and vibrate enable
01-20 08:44:50.776: V/NotificationService(361): enqueueNotificationInternal: pkg=com.rec.kuciaba.andrzej.officetime id=2 notification=Notification(pri=2 contentView=com.rec.kuciaba.andrzej.officetime/0x109007d vibrate=null sound=null defaults=0x0 flags=0x60 kind=[null])
01-20 08:44:50.777: V/NotificationService(361): notifications are enabled for com.rec.kuciaba.andrzej.officetime
01-20 08:44:50.777: V/NotificationService(361): Assigned score=20 to Notification(pri=2 contentView=com.rec.kuciaba.andrzej.officetime/0x109007d vibrate=null sound=null defaults=0x0 flags=0x60 kind=[null])
01-20 08:44:50.783: D/NotificationService(361): pakage=com.rec.kuciaba.andrzej.officetime,In NotificationMangerService, this notification soud, leds and vibrate enable
01-20 08:45:00.789: V/NotificationService(361): enqueueNotificationInternal: pkg=com.rec.kuciaba.andrzej.officetime id=2 notification=Notification(pri=2 contentView=com.rec.kuciaba.andrzej.officetime/0x109007d vibrate=null sound=null defaults=0x0 flags=0x60 kind=[null])
01-20 08:45:00.789: V/NotificationService(361): notifications are enabled for com.rec.kuciaba.andrzej.officetime
01-20 08:45:00.790: V/NotificationService(361): Assigned score=20 to Notification(pri=2 contentView=com.rec.kuciaba.andrzej.officetime/0x109007d vibrate=null sound=null defaults=0x0 flags=0x60 kind=[null])
01-20 08:45:00.791: D/NotificationService(361): pakage=com.rec.kuciaba.andrzej.officetime,In NotificationMangerService, this notification soud, leds and vibrate enable
01-20 08:45:10.802: V/NotificationService(361): enqueueNotificationInternal: pkg=com.rec.kuciaba.andrzej.officetime id=2 notification=Notification(pri=2 contentView=com.rec.kuciaba.andrzej.officetime/0x109007d vibrate=null sound=null defaults=0x0 flags=0x60 kind=[null])
01-20 08:45:10.802: V/NotificationService(361): notifications are enabled for com.rec.kuciaba.andrzej.officetime
01-20 08:45:10.802: V/NotificationService(361): Assigned score=20 to Notification(pri=2 contentView=com.rec.kuciaba.andrzej.officetime/0x109007d vibrate=null sound=null defaults=0x0 flags=0x60 kind=[null])
01-20 08:45:10.808: D/NotificationService(361): pakage=com.rec.kuciaba.andrzej.officetime,In NotificationMangerService, this notification soud, leds and vibrate enable
01-20 08:45:20.817: V/NotificationService(361): enqueueNotificationInternal: pkg=com.rec.kuciaba.andrzej.officetime id=2 notification=Notification(pri=2 contentView=com.rec.kuciaba.andrzej.officetime/0x109007d vibrate=null sound=null defaults=0x0 flags=0x60 kind=[null])
01-20 08:45:20.817: V/NotificationService(361): notifications are enabled for com.rec.kuciaba.andrzej.officetime
01-20 08:45:20.817: V/NotificationService(361): Assigned score=20 to Notification(pri=2 contentView=com.rec.kuciaba.andrzej.officetime/0x109007d vibrate=null sound=null defaults=0x0 flags=0x60 kind=[null])
01-20 08:45:20.818: D/NotificationService(361): pakage=com.rec.kuciaba.andrzej.officetime,In NotificationMangerService, this notification soud, leds and vibrate enable
01-20 08:45:30.826: V/NotificationService(361): enqueueNotificationInternal: pkg=com.rec.kuciaba.andrzej.officetime id=2 notification=Notification(pri=2 contentView=com.rec.kuciaba.andrzej.officetime/0x109007d vibrate=null sound=null defaults=0x0 flags=0x60 kind=[null])
01-20 08:45:30.826: V/NotificationService(361): notifications are enabled for com.rec.kuciaba.andrzej.officetime
01-20 08:45:30.827: V/NotificationService(361): Assigned score=20 to Notification(pri=2 contentView=com.rec.kuciaba.andrzej.officetime/0x109007d vibrate=null sound=null defaults=0x0 flags=0x60 kind=[null])
01-20 08:45:30.827: D/NotificationService(361): pakage=com.rec.kuciaba.andrzej.officetime,In NotificationMangerService, this notification soud, leds and vibrate enable
01-20 08:45:40.838: V/NotificationService(361): enqueueNotificationInternal: pkg=com.rec.kuciaba.andrzej.officetime id=2 notification=Notification(pri=2 contentView=com.rec.kuciaba.andrzej.officetime/0x109007d vibrate=null sound=null defaults=0x0 flags=0x60 kind=[null])
01-20 08:45:40.838: V/NotificationService(361): notifications are enabled for com.rec.kuciaba.andrzej.officetime
01-20 08:45:40.839: V/NotificationService(361): Assigned score=20 to Notification(pri=2 contentView=com.rec.kuciaba.andrzej.officetime/0x109007d vibrate=null sound=null defaults=0x0 flags=0x60 kind=[null])
01-20 08:45:40.844: D/NotificationService(361): pakage=com.rec.kuciaba.andrzej.officetime,In NotificationMangerService, this notification soud, leds and vibrate enable
01-20 08:45:50.850: V/NotificationService(361): enqueueNotificationInternal: pkg=com.rec.kuciaba.andrzej.officetime id=2 notification=Notification(pri=2 contentView=com.rec.kuciaba.andrzej.officetime/0x109007d vibrate=null sound=null defaults=0x0 flags=0x60 kind=[null])
01-20 08:45:50.851: V/NotificationService(361): notifications are enabled for com.rec.kuciaba.andrzej.officetime
01-20 08:45:50.851: V/NotificationService(361): Assigned score=20 to Notification(pri=2 contentView=com.rec.kuciaba.andrzej.officetime/0x109007d vibrate=null sound=null defaults=0x0 flags=0x60 kind=[null])
01-20 08:45:50.853: D/NotificationService(361): pakage=com.rec.kuciaba.andrzej.officetime,In NotificationMangerService, this notification soud, leds and vibrate enable
01-20 08:46:04.094: V/NotificationService(361): enqueueNotificationInternal: pkg=com.rec.kuciaba.andrzej.officetime id=1 notification=Notification(pri=2 contentView=com.rec.kuciaba.andrzej.officetime/0x109007d vibrate=null sound=null defaults=0x0 flags=0x60 kind=[null])
01-20 08:46:04.095: V/NotificationService(361): notifications are enabled for com.rec.kuciaba.andrzej.officetime
01-20 08:46:04.095: V/NotificationService(361): Assigned score=20 to Notification(pri=2 contentView=com.rec.kuciaba.andrzej.officetime/0x109007d vibrate=null sound=null defaults=0x0 flags=0x60 kind=[null])
01-20 08:46:04.096: D/NotificationService(361): pakage=com.rec.kuciaba.andrzej.officetime,In NotificationMangerService, this notification soud, leds and vibrate enable
01-20 08:46:04.193: V/NotificationService(361): enqueueNotificationInternal: pkg=com.rec.kuciaba.andrzej.officetime id=2 notification=Notification(pri=2 contentView=com.rec.kuciaba.andrzej.officetime/0x109007d vibrate=null sound=null defaults=0x0 flags=0x60 kind=[null])
01-20 08:46:04.193: V/NotificationService(361): notifications are enabled for com.rec.kuciaba.andrzej.officetime
01-20 08:46:04.193: V/NotificationService(361): Assigned score=20 to Notification(pri=2 contentView=com.rec.kuciaba.andrzej.officetime/0x109007d vibrate=null sound=null defaults=0x0 flags=0x60 kind=[null])
01-20 08:46:04.194: D/NotificationService(361): pakage=com.rec.kuciaba.andrzej.officetime,In NotificationMangerService, this notification soud, leds and vibrate enable
01-20 08:46:14.205: V/NotificationService(361): enqueueNotificationInternal: pkg=com.rec.kuciaba.andrzej.officetime id=2 notification=Notification(pri=2 contentView=com.rec.kuciaba.andrzej.officetime/0x109007d vibrate=null sound=null defaults=0x0 flags=0x60 kind=[null])
01-20 08:46:14.205: V/NotificationService(361): notifications are enabled for com.rec.kuciaba.andrzej.officetime
01-20 08:46:14.206: V/NotificationService(361): Assigned score=20 to Notification(pri=2 contentView=com.rec.kuciaba.andrzej.officetime/0x109007d vibrate=null sound=null defaults=0x0 flags=0x60 kind=[null])
01-20 08:46:14.206: D/NotificationService(361): pakage=com.rec.kuciaba.andrzej.officetime,In NotificationMangerService, this notification soud, leds and vibrate enable
01-20 08:46:24.217: V/NotificationService(361): enqueueNotificationInternal: pkg=com.rec.kuciaba.andrzej.officetime id=2 notification=Notification(pri=2 contentView=com.rec.kuciaba.andrzej.officetime/0x109007d vibrate=null sound=null defaults=0x0 flags=0x60 kind=[null])
01-20 08:46:24.217: V/NotificationService(361): notifications are enabled for com.rec.kuciaba.andrzej.officetime
01-20 08:46:24.218: V/NotificationService(361): Assigned score=20 to Notification(pri=2 contentView=com.rec.kuciaba.andrzej.officetime/0x109007d vibrate=null sound=null defaults=0x0 flags=0x60 kind=[null])
01-20 08:46:24.218: D/NotificationService(361): pakage=com.rec.kuciaba.andrzej.officetime,In NotificationMangerService, this notification soud, leds and vibrate enable
01-20 08:46:34.229: V/NotificationService(361): enqueueNotificationInternal: pkg=com.rec.kuciaba.andrzej.officetime id=2 notification=Notification(pri=2 contentView=com.rec.kuciaba.andrzej.officetime/0x109007d vibrate=null sound=null defaults=0x0 flags=0x60 kind=[null])
01-20 08:46:34.229: V/NotificationService(361): notifications are enabled for com.rec.kuciaba.andrzej.officetime
01-20 08:46:34.230: V/NotificationService(361): Assigned score=20 to Notification(pri=2 contentView=com.rec.kuciaba.andrzej.officetime/0x109007d vibrate=null sound=null defaults=0x0 flags=0x60 kind=[null])
01-20 08:46:34.230: D/NotificationService(361): pakage=com.rec.kuciaba.andrzej.officetime,In NotificationMangerService, this notification soud, leds and vibrate enable
01-20 08:46:44.241: V/NotificationService(361): enqueueNotificationInternal: pkg=com.rec.kuciaba.andrzej.officetime id=2 notification=Notification(pri=2 contentView=com.rec.kuciaba.andrzej.officetime/0x109007d vibrate=null sound=null defaults=0x0 flags=0x60 kind=[null])
01-20 08:46:44.242: V/NotificationService(361): notifications are enabled for com.rec.kuciaba.andrzej.officetime
01-20 08:46:44.242: V/NotificationService(361): Assigned score=20 to Notification(pri=2 contentView=com.rec.kuciaba.andrzej.officetime/0x109007d vibrate=null sound=null defaults=0x0 flags=0x60 kind=[null])
01-20 08:46:44.243: D/NotificationService(361): pakage=com.rec.kuciaba.andrzej.officetime,In NotificationMangerService, this notification soud, leds and vibrate enable
01-20 08:46:54.261: V/NotificationService(361): enqueueNotificationInternal: pkg=com.rec.kuciaba.andrzej.officetime id=2 notification=Notification(pri=2 contentView=com.rec.kuciaba.andrzej.officetime/0x109007d vibrate=null sound=null defaults=0x0 flags=0x60 kind=[null])
01-20 08:46:54.261: V/NotificationService(361): notifications are enabled for com.rec.kuciaba.andrzej.officetime
01-20 08:46:54.262: V/NotificationService(361): Assigned score=20 to Notification(pri=2 contentView=com.rec.kuciaba.andrzej.officetime/0x109007d vibrate=null sound=null defaults=0x0 flags=0x60 kind=[null])
01-20 08:46:54.262: D/NotificationService(361): pakage=com.rec.kuciaba.andrzej.officetime,In NotificationMangerService, this notification soud, leds and vibrate enable
01-20 08:47:04.273: V/NotificationService(361): enqueueNotificationInternal: pkg=com.rec.kuciaba.andrzej.officetime id=2 notification=Notification(pri=2 contentView=com.rec.kuciaba.andrzej.officetime/0x109007d vibrate=null sound=null defaults=0x0 flags=0x60 kind=[null])
01-20 08:47:04.274: V/NotificationService(361): notifications are enabled for com.rec.kuciaba.andrzej.officetime
01-20 08:47:04.274: V/NotificationService(361): Assigned score=20 to Notification(pri=2 contentView=com.rec.kuciaba.andrzej.officetime/0x109007d vibrate=null sound=null defaults=0x0 flags=0x60 kind=[null])
01-20 08:47:04.275: D/NotificationService(361): pakage=com.rec.kuciaba.andrzej.officetime,In NotificationMangerService, this notification soud, leds and vibrate enable
01-20 08:47:14.286: V/NotificationService(361): enqueueNotificationInternal: pkg=com.rec.kuciaba.andrzej.officetime id=2 notification=Notification(pri=2 contentView=com.rec.kuciaba.andrzej.officetime/0x109007d vibrate=null sound=null defaults=0x0 flags=0x60 kind=[null])
01-20 08:47:14.286: V/NotificationService(361): notifications are enabled for com.rec.kuciaba.andrzej.officetime
01-20 08:47:14.287: V/NotificationService(361): Assigned score=20 to Notification(pri=2 contentView=com.rec.kuciaba.andrzej.officetime/0x109007d vibrate=null sound=null defaults=0x0 flags=0x60 kind=[null])
01-20 08:47:14.287: D/NotificationService(361): pakage=com.rec.kuciaba.andrzej.officetime,In NotificationMangerService, this notification soud, leds and vibrate enable
01-20 08:47:24.298: V/NotificationService(361): enqueueNotificationInternal: pkg=com.rec.kuciaba.andrzej.officetime id=2 notification=Notification(pri=2 contentView=com.rec.kuciaba.andrzej.officetime/0x109007d vibrate=null sound=null defaults=0x0 flags=0x60 kind=[null])
01-20 08:47:24.299: V/NotificationService(361): notifications are enabled for com.rec.kuciaba.andrzej.officetime
01-20 08:47:24.299: V/NotificationService(361): Assigned score=20 to Notification(pri=2 contentView=com.rec.kuciaba.andrzej.officetime/0x109007d vibrate=null sound=null defaults=0x0 flags=0x60 kind=[null])
01-20 08:47:24.300: D/NotificationService(361): pakage=com.rec.kuciaba.andrzej.officetime,In NotificationMangerService, this notification soud, leds and vibrate enable
01-20 08:47:34.311: V/NotificationService(361): enqueueNotificationInternal: pkg=com.rec.kuciaba.andrzej.officetime id=2 notification=Notification(pri=2 contentView=com.rec.kuciaba.andrzej.officetime/0x109007d vibrate=null sound=null defaults=0x0 flags=0x60 kind=[null])
01-20 08:47:34.311: V/NotificationService(361): notifications are enabled for com.rec.kuciaba.andrzej.officetime
01-20 08:47:34.312: V/NotificationService(361): Assigned score=20 to Notification(pri=2 contentView=com.rec.kuciaba.andrzej.officetime/0x109007d vibrate=null sound=null defaults=0x0 flags=0x60 kind=[null])
01-20 08:47:34.313: D/NotificationService(361): pakage=com.rec.kuciaba.andrzej.officetime,In NotificationMangerService, this notification soud, leds and vibrate enable
01-20 08:47:44.324: V/NotificationService(361): enqueueNotificationInternal: pkg=com.rec.kuciaba.andrzej.officetime id=2 notification=Notification(pri=2 contentView=com.rec.kuciaba.andrzej.officetime/0x109007d vibrate=null sound=null defaults=0x0 flags=0x60 kind=[null])
01-20 08:47:44.324: V/NotificationService(361): notifications are enabled for com.rec.kuciaba.andrzej.officetime
01-20 08:47:44.324: V/NotificationService(361): Assigned score=20 to Notification(pri=2 contentView=com.rec.kuciaba.andrzej.officetime/0x109007d vibrate=null sound=null defaults=0x0 flags=0x60 kind=[null])
01-20 08:47:44.325: D/NotificationService(361): pakage=com.rec.kuciaba.andrzej.officetime,In NotificationMangerService, this notification soud, leds and vibrate enable
01-20 08:47:54.336: V/NotificationService(361): enqueueNotificationInternal: pkg=com.rec.kuciaba.andrzej.officetime id=2 notification=Notification(pri=2 contentView=com.rec.kuciaba.andrzej.officetime/0x109007d vibrate=null sound=null defaults=0x0 flags=0x60 kind=[null])
01-20 08:47:54.336: V/NotificationService(361): notifications are enabled for com.rec.kuciaba.andrzej.officetime
01-20 08:47:54.337: V/NotificationService(361): Assigned score=20 to Notification(pri=2 contentView=com.rec.kuciaba.andrzej.officetime/0x109007d vibrate=null sound=null defaults=0x0 flags=0x60 kind=[null])
01-20 08:47:54.337: D/NotificationService(361): pakage=com.rec.kuciaba.andrzej.officetime,In NotificationMangerService, this notification soud, leds and vibrate enable
01-20 08:48:08.499: V/NotificationService(361): enqueueNotificationInternal: pkg=com.rec.kuciaba.andrzej.officetime id=1 notification=Notification(pri=2 contentView=com.rec.kuciaba.andrzej.officetime/0x109007d vibrate=null sound=null defaults=0x0 flags=0x60 kind=[null])
01-20 08:48:08.505: V/NotificationService(361): notifications are enabled for com.rec.kuciaba.andrzej.officetime
01-20 08:48:08.513: V/NotificationService(361): Assigned score=20 to Notification(pri=2 contentView=com.rec.kuciaba.andrzej.officetime/0x109007d vibrate=null sound=null defaults=0x0 flags=0x60 kind=[null])
01-20 08:48:08.522: D/NotificationService(361): pakage=com.rec.kuciaba.andrzej.officetime,In NotificationMangerService, this notification soud, leds and vibrate enable
01-20 08:48:08.884: V/NotificationService(361): enqueueNotificationInternal: pkg=com.rec.kuciaba.andrzej.officetime id=2 notification=Notification(pri=2 contentView=com.rec.kuciaba.andrzej.officetime/0x109007d vibrate=null sound=null defaults=0x0 flags=0x60 kind=[null])
01-20 08:48:08.884: V/NotificationService(361): notifications are enabled for com.rec.kuciaba.andrzej.officetime
01-20 08:48:08.884: V/NotificationService(361): Assigned score=20 to Notification(pri=2 contentView=com.rec.kuciaba.andrzej.officetime/0x109007d vibrate=null sound=null defaults=0x0 flags=0x60 kind=[null])
01-20 08:48:08.885: D/NotificationService(361): pakage=com.rec.kuciaba.andrzej.officetime,In NotificationMangerService, this notification soud, leds and vibrate enable
01-20 08:48:16.142: I/ActivityManager(361): Process com.rec.kuciaba.andrzej.officetime (pid 1943) has died.
01-20 08:48:16.142: V/ActivityManager(361): Dying app: ProcessRecord{426cd488 1943:com.rec.kuciaba.andrzej.officetime/u0a117}, pid: 1943, thread: android.os.BinderProxy@42a57828
01-20 08:48:16.143: W/ActivityManager(361): Scheduling restart of crashed service com.rec.kuciaba.andrzej.officetime/.RECTimeService in 5000ms
01-20 08:48:16.143: V/ActivityManager(361): Removing app ProcessRecord{426cd488 0:com.rec.kuciaba.andrzej.officetime/u0a117} from list [ActivityRecord{41e7cfe8 com.android.phone/.InCallScreen}, ActivityRecord{426eb120 com.mxtech.logcollector/.ActivityCollector}, ActivityRecord{41d26660 com.jrdcom.launcher/.Launcher}] with 3 entries
01-20 08:48:16.145: V/ActivityManager(361): Removing app ProcessRecord{426cd488 0:com.rec.kuciaba.andrzej.officetime/u0a117} from list [] with 0 entries
01-20 08:48:16.145: V/ActivityManager(361): Removing app ProcessRecord{426cd488 0:com.rec.kuciaba.andrzej.officetime/u0a117} from list [] with 0 entries
01-20 08:48:16.145: V/ActivityManager(361): Removing app ProcessRecord{426cd488 0:com.rec.kuciaba.andrzej.officetime/u0a117} from list [] with 0 entries
01-20 08:48:16.145: V/ActivityManager(361): Removing app ProcessRecord{426cd488 0:com.rec.kuciaba.andrzej.officetime/u0a117} from list [] with 0 entries
01-20 08:48:20.011: D/FotaDB(16305): Some error occur when create table android.database.sqlite.SQLiteException: table updates already exists (code 1): , while compiling: CREATE TABLE updates (_id integer primary key autoincrement, versionNum text, serverChkSum text, opreateStatus text, downloadResult text, downloadReported integer, downloadReportLog text, upgradeResult text, upgradeReported integer, upgradeReportLog text )
01-20 08:48:21.193: I/ActivityManager(361): Start proc com.rec.kuciaba.andrzej.officetime for service com.rec.kuciaba.andrzej.officetime/.RECTimeService: pid=16339 uid=10117 gids={1028}
01-20 08:48:21.462: V/ActivityManager(361): Binding process pid 16339 to record ProcessRecord{42f81088 16339:com.rec.kuciaba.andrzej.officetime/u0a117}
01-20 08:48:21.463: V/ActivityManager(361): New app record ProcessRecord{42f81088 16339:com.rec.kuciaba.andrzej.officetime/u0a117} thread=android.os.BinderProxy@42615df8 pid=16339
01-20 08:48:21.616: D/dalvikvm(16339): open_cached_dex_file : /data/app/com.rec.kuciaba.andrzej.officetime-2.apk /data/dalvik-cache/data@app@com.rec.kuciaba.andrzej.officetime-2.apk@classes.dex
01-20 08:48:21.642: D/ActivityThread(16339): BIND_APPLICATION handled : 0 / AppBindData{appInfo=ApplicationInfo{417eb548 com.rec.kuciaba.andrzej.officetime}}
01-20 08:48:21.707: D/ActivityThread(16339): SVC-Creating service: CreateServiceData{token=android.os.BinderProxy@417ec048 className=com.rec.kuciaba.andrzej.officetime.RECTimeService packageName=com.rec.kuciaba.andrzej.officetime intent=null}
01-20 08:48:21.712: D/ActivityThread(16339): SVC-CREATE_SERVICE handled : 0 / CreateServiceData{token=android.os.BinderProxy@417ec048 className=com.rec.kuciaba.andrzej.officetime.RECTimeService packageName=com.rec.kuciaba.andrzej.officetime intent=null}
01-20 08:48:21.713: D/ActivityThread(16339): SVC-Calling onStartCommand: com.rec.kuciaba.andrzej.officetime.RECTimeService@4180af48, flags=0, startId=11
01-20 08:48:21.780: V/NotificationService(361): enqueueNotificationInternal: pkg=com.rec.kuciaba.andrzej.officetime id=3 notification=Notification(pri=2 contentView=com.rec.kuciaba.andrzej.officetime/0x109007d vibrate=null sound=null defaults=0x0 flags=0x60 kind=[null])
01-20 08:48:21.780: V/NotificationService(361): notifications are enabled for com.rec.kuciaba.andrzej.officetime
01-20 08:48:21.781: V/NotificationService(361): Assigned score=20 to Notification(pri=2 contentView=com.rec.kuciaba.andrzej.officetime/0x109007d vibrate=null sound=null defaults=0x0 flags=0x60 kind=[null])
01-20 08:48:21.781: D/NotificationService(361): pakage=com.rec.kuciaba.andrzej.officetime,In NotificationMangerService, this notification soud, leds and vibrate enable
01-20 08:48:22.383: D/StrictMode(16320): 	at android.os.Parcel.readExceptionCode(Parcel.java:1407)
01-20 08:48:22.383: D/StrictMode(16320): 	at android.database.DatabaseUtils.readExceptionFromParcel(DatabaseUtils.java:137)
01-20 08:48:26.636: V/NotificationService(361): enqueueNotificationInternal: pkg=com.rec.kuciaba.andrzej.officetime id=1 notification=Notification(pri=2 contentView=com.rec.kuciaba.andrzej.officetime/0x109007d vibrate=null sound=null defaults=0x0 flags=0x60 kind=[null])
01-20 08:48:26.636: V/NotificationService(361): notifications are enabled for com.rec.kuciaba.andrzej.officetime
01-20 08:48:26.637: V/NotificationService(361): Assigned score=20 to Notification(pri=2 contentView=com.rec.kuciaba.andrzej.officetime/0x109007d vibrate=null sound=null defaults=0x0 flags=0x60 kind=[null])
01-20 08:48:26.638: D/NotificationService(361): pakage=com.rec.kuciaba.andrzej.officetime,In NotificationMangerService, this notification soud, leds and vibrate enable
01-20 08:48:26.757: V/NotificationService(361): enqueueNotificationInternal: pkg=com.rec.kuciaba.andrzej.officetime id=2 notification=Notification(pri=2 contentView=com.rec.kuciaba.andrzej.officetime/0x109007d vibrate=null sound=null defaults=0x0 flags=0x60 kind=[null])
01-20 08:48:26.759: V/NotificationService(361): notifications are enabled for com.rec.kuciaba.andrzej.officetime
01-20 08:48:26.759: V/NotificationService(361): Assigned score=20 to Notification(pri=2 contentView=com.rec.kuciaba.andrzej.officetime/0x109007d vibrate=null sound=null defaults=0x0 flags=0x60 kind=[null])
01-20 08:48:26.760: D/NotificationService(361): pakage=com.rec.kuciaba.andrzej.officetime,In NotificationMangerService, this notification soud, leds and vibrate enable
01-20 08:48:32.882: V/MediaProvider/DrmHelper(3880): pid=16339, name=com.rec.kuciaba.andrzej.officetime, allow=false
01-20 08:48:35.021: D/StrictMode(16712): 	at android.os.Parcel.readExceptionCode(Parcel.java:1407)
01-20 08:48:35.021: D/StrictMode(16712): 	at android.database.DatabaseUtils.readExceptionFromParcel(DatabaseUtils.java:137)
01-20 08:48:36.844: V/NotificationService(361): enqueueNotificationInternal: pkg=com.rec.kuciaba.andrzej.officetime id=2 notification=Notification(pri=2 contentView=com.rec.kuciaba.andrzej.officetime/0x109007d vibrate=null sound=null defaults=0x0 flags=0x60 kind=[null])
01-20 08:48:36.850: V/NotificationService(361): notifications are enabled for com.rec.kuciaba.andrzej.officetime
01-20 08:48:36.850: V/NotificationService(361): Assigned score=20 to Notification(pri=2 contentView=com.rec.kuciaba.andrzej.officetime/0x109007d vibrate=null sound=null defaults=0x0 flags=0x60 kind=[null])
01-20 08:48:36.858: D/NotificationService(361): pakage=com.rec.kuciaba.andrzej.officetime,In NotificationMangerService, this notification soud, leds and vibrate enable
01-20 08:48:40.346: D/StrictMode(16903): 	at android.os.Parcel.readExceptionCode(Parcel.java:1407)
01-20 08:48:40.346: D/StrictMode(16903): 	at android.database.DatabaseUtils.readExceptionFromParcel(DatabaseUtils.java:137)
01-20 08:48:46.978: V/MediaProvider/DrmHelper(3880): pid=16339, name=com.rec.kuciaba.andrzej.officetime, allow=false
01-20 08:48:47.401: V/NotificationService(361): enqueueNotificationInternal: pkg=com.rec.kuciaba.andrzej.officetime id=2 notification=Notification(pri=2 contentView=com.rec.kuciaba.andrzej.officetime/0x109007d vibrate=null sound=null defaults=0x0 flags=0x60 kind=[null])
01-20 08:48:47.402: V/NotificationService(361): notifications are enabled for com.rec.kuciaba.andrzej.officetime
01-20 08:48:47.404: V/NotificationService(361): Assigned score=20 to Notification(pri=2 contentView=com.rec.kuciaba.andrzej.officetime/0x109007d vibrate=null sound=null defaults=0x0 flags=0x60 kind=[null])
01-20 08:48:47.405: D/NotificationService(361): pakage=com.rec.kuciaba.andrzej.officetime,In NotificationMangerService, this notification soud, leds and vibrate enable
01-20 08:48:54.582: I/Utils(3749): Plugin ObjectCreationException
01-20 08:48:57.434: V/NotificationService(361): enqueueNotificationInternal: pkg=com.rec.kuciaba.andrzej.officetime id=2 notification=Notification(pri=2 contentView=com.rec.kuciaba.andrzej.officetime/0x109007d vibrate=null sound=null defaults=0x0 flags=0x60 kind=[null])
01-20 08:48:57.434: V/NotificationService(361): notifications are enabled for com.rec.kuciaba.andrzej.officetime
01-20 08:48:57.435: V/NotificationService(361): Assigned score=20 to Notification(pri=2 contentView=com.rec.kuciaba.andrzej.officetime/0x109007d vibrate=null sound=null defaults=0x0 flags=0x60 kind=[null])
01-20 08:48:57.436: D/NotificationService(361): pakage=com.rec.kuciaba.andrzej.officetime,In NotificationMangerService, this notification soud, leds and vibrate enable
01-20 08:49:07.446: V/NotificationService(361): enqueueNotificationInternal: pkg=com.rec.kuciaba.andrzej.officetime id=2 notification=Notification(pri=2 contentView=com.rec.kuciaba.andrzej.officetime/0x109007d vibrate=null sound=null defaults=0x0 flags=0x60 kind=[null])
01-20 08:49:07.446: V/NotificationService(361): notifications are enabled for com.rec.kuciaba.andrzej.officetime
01-20 08:49:07.447: V/NotificationService(361): Assigned score=20 to Notification(pri=2 contentView=com.rec.kuciaba.andrzej.officetime/0x109007d vibrate=null sound=null defaults=0x0 flags=0x60 kind=[null])
01-20 08:49:07.451: D/NotificationService(361): pakage=com.rec.kuciaba.andrzej.officetime,In NotificationMangerService, this notification soud, leds and vibrate enable
01-20 08:49:17.472: V/NotificationService(361): enqueueNotificationInternal: pkg=com.rec.kuciaba.andrzej.officetime id=2 notification=Notification(pri=2 contentView=com.rec.kuciaba.andrzej.officetime/0x109007d vibrate=null sound=null defaults=0x0 flags=0x60 kind=[null])
01-20 08:49:17.473: V/NotificationService(361): notifications are enabled for com.rec.kuciaba.andrzej.officetime
01-20 08:49:17.473: V/NotificationService(361): Assigned score=20 to Notification(pri=2 contentView=com.rec.kuciaba.andrzej.officetime/0x109007d vibrate=null sound=null defaults=0x0 flags=0x60 kind=[null])
01-20 08:49:17.474: D/NotificationService(361): pakage=com.rec.kuciaba.andrzej.officetime,In NotificationMangerService, this notification soud, leds and vibrate enable
01-20 08:49:27.490: V/NotificationService(361): enqueueNotificationInternal: pkg=com.rec.kuciaba.andrzej.officetime id=2 notification=Notification(pri=2 contentView=com.rec.kuciaba.andrzej.officetime/0x109007d vibrate=null sound=null defaults=0x0 flags=0x60 kind=[null])
01-20 08:49:27.491: V/NotificationService(361): notifications are enabled for com.rec.kuciaba.andrzej.officetime
01-20 08:49:27.491: V/NotificationService(361): Assigned score=20 to Notification(pri=2 contentView=com.rec.kuciaba.andrzej.officetime/0x109007d vibrate=null sound=null defaults=0x0 flags=0x60 kind=[null])
01-20 08:49:27.492: D/NotificationService(361): pakage=com.rec.kuciaba.andrzej.officetime,In NotificationMangerService, this notification soud, leds and vibrate enable
01-20 08:49:37.507: V/NotificationService(361): enqueueNotificationInternal: pkg=com.rec.kuciaba.andrzej.officetime id=2 notification=Notification(pri=2 contentView=com.rec.kuciaba.andrzej.officetime/0x109007d vibrate=null sound=null defaults=0x0 flags=0x60 kind=[null])
01-20 08:49:37.508: V/NotificationService(361): notifications are enabled for com.rec.kuciaba.andrzej.officetime
01-20 08:49:37.508: V/NotificationService(361): Assigned score=20 to Notification(pri=2 contentView=com.rec.kuciaba.andrzej.officetime/0x109007d vibrate=null sound=null defaults=0x0 flags=0x60 kind=[null])
01-20 08:49:37.516: D/NotificationService(361): pakage=com.rec.kuciaba.andrzej.officetime,In NotificationMangerService, this notification soud, leds and vibrate enable
01-20 08:49:47.531: V/NotificationService(361): enqueueNotificationInternal: pkg=com.rec.kuciaba.andrzej.officetime id=2 notification=Notification(pri=2 contentView=com.rec.kuciaba.andrzej.officetime/0x109007d vibrate=null sound=null defaults=0x0 flags=0x60 kind=[null])
01-20 08:49:47.532: V/NotificationService(361): notifications are enabled for com.rec.kuciaba.andrzej.officetime
01-20 08:49:47.532: V/NotificationService(361): Assigned score=20 to Notification(pri=2 contentView=com.rec.kuciaba.andrzej.officetime/0x109007d vibrate=null sound=null defaults=0x0 flags=0x60 kind=[null])
01-20 08:49:47.533: D/NotificationService(361): pakage=com.rec.kuciaba.andrzej.officetime,In NotificationMangerService, this notification soud, leds and vibrate enable
01-20 08:49:57.549: V/NotificationService(361): enqueueNotificationInternal: pkg=com.rec.kuciaba.andrzej.officetime id=2 notification=Notification(pri=2 contentView=com.rec.kuciaba.andrzej.officetime/0x109007d vibrate=null sound=null defaults=0x0 flags=0x60 kind=[null])
01-20 08:49:57.549: V/NotificationService(361): notifications are enabled for com.rec.kuciaba.andrzej.officetime
01-20 08:49:57.550: V/NotificationService(361): Assigned score=20 to Notification(pri=2 contentView=com.rec.kuciaba.andrzej.officetime/0x109007d vibrate=null sound=null defaults=0x0 flags=0x60 kind=[null])
01-20 08:49:57.551: D/NotificationService(361): pakage=com.rec.kuciaba.andrzej.officetime,In NotificationMangerService, this notification soud, leds and vibrate enable
01-20 08:50:11.852: V/NotificationService(361): enqueueNotificationInternal: pkg=com.rec.kuciaba.andrzej.officetime id=1 notification=Notification(pri=2 contentView=com.rec.kuciaba.andrzej.officetime/0x109007d vibrate=null sound=null defaults=0x0 flags=0x60 kind=[null])
01-20 08:50:11.854: V/NotificationService(361): notifications are enabled for com.rec.kuciaba.andrzej.officetime
01-20 08:50:11.856: V/NotificationService(361): Assigned score=20 to Notification(pri=2 contentView=com.rec.kuciaba.andrzej.officetime/0x109007d vibrate=null sound=null defaults=0x0 flags=0x60 kind=[null])
01-20 08:50:11.860: D/NotificationService(361): pakage=com.rec.kuciaba.andrzej.officetime,In NotificationMangerService, this notification soud, leds and vibrate enable
01-20 08:50:12.899: V/NotificationService(361): enqueueNotificationInternal: pkg=com.rec.kuciaba.andrzej.officetime id=2 notification=Notification(pri=2 contentView=com.rec.kuciaba.andrzej.officetime/0x109007d vibrate=null sound=null defaults=0x0 flags=0x60 kind=[null])
01-20 08:50:12.899: V/NotificationService(361): notifications are enabled for com.rec.kuciaba.andrzej.officetime
01-20 08:50:12.900: V/NotificationService(361): Assigned score=20 to Notification(pri=2 contentView=com.rec.kuciaba.andrzej.officetime/0x109007d vibrate=null sound=null defaults=0x0 flags=0x60 kind=[null])
01-20 08:50:12.902: D/NotificationService(361): pakage=com.rec.kuciaba.andrzej.officetime,In NotificationMangerService, this notification soud, leds and vibrate enable
01-20 08:50:16.941: D/StrictMode(17866): 	at android.os.Parcel.readExceptionCode(Parcel.java:1407)
01-20 08:50:16.941: D/StrictMode(17866): 	at android.database.DatabaseUtils.readExceptionFromParcel(DatabaseUtils.java:137)
01-20 08:50:23.100: V/NotificationService(361): enqueueNotificationInternal: pkg=com.rec.kuciaba.andrzej.officetime id=2 notification=Notification(pri=2 contentView=com.rec.kuciaba.andrzej.officetime/0x109007d vibrate=null sound=null defaults=0x0 flags=0x60 kind=[null])
01-20 08:50:23.103: V/NotificationService(361): notifications are enabled for com.rec.kuciaba.andrzej.officetime
01-20 08:50:23.104: V/NotificationService(361): Assigned score=20 to Notification(pri=2 contentView=com.rec.kuciaba.andrzej.officetime/0x109007d vibrate=null sound=null defaults=0x0 flags=0x60 kind=[null])
01-20 08:50:23.211: D/NotificationService(361): pakage=com.rec.kuciaba.andrzej.officetime,In NotificationMangerService, this notification soud, leds and vibrate enable
01-20 08:50:24.600: V/MediaProvider/DrmHelper(3880): pid=16339, name=com.rec.kuciaba.andrzej.officetime, allow=false
01-20 08:50:26.018: D/FotaDB(18120): Some error occur when create table android.database.sqlite.SQLiteException: table updates already exists (code 1): , while compiling: CREATE TABLE updates (_id integer primary key autoincrement, versionNum text, serverChkSum text, opreateStatus text, downloadResult text, downloadReported integer, downloadReportLog text, upgradeResult text, upgradeReported integer, upgradeReportLog text )
01-20 08:50:28.531: D/StrictMode(18140): 	at android.os.Parcel.readExceptionCode(Parcel.java:1407)
01-20 08:50:28.531: D/StrictMode(18140): 	at android.database.DatabaseUtils.readExceptionFromParcel(DatabaseUtils.java:137)
01-20 08:50:33.416: V/NotificationService(361): enqueueNotificationInternal: pkg=com.rec.kuciaba.andrzej.officetime id=2 notification=Notification(pri=2 contentView=com.rec.kuciaba.andrzej.officetime/0x109007d vibrate=null sound=null defaults=0x0 flags=0x60 kind=[null])
01-20 08:50:33.419: V/NotificationService(361): notifications are enabled for com.rec.kuciaba.andrzej.officetime
01-20 08:50:33.419: V/NotificationService(361): Assigned score=20 to Notification(pri=2 contentView=com.rec.kuciaba.andrzej.officetime/0x109007d vibrate=null sound=null defaults=0x0 flags=0x60 kind=[null])
01-20 08:50:33.420: D/NotificationService(361): pakage=com.rec.kuciaba.andrzej.officetime,In NotificationMangerService, this notification soud, leds and vibrate enable
01-20 08:50:35.639: V/MediaProvider/DrmHelper(3880): pid=16339, name=com.rec.kuciaba.andrzej.officetime, allow=false
01-20 08:50:43.444: V/NotificationService(361): enqueueNotificationInternal: pkg=com.rec.kuciaba.andrzej.officetime id=2 notification=Notification(pri=2 contentView=com.rec.kuciaba.andrzej.officetime/0x109007d vibrate=null sound=null defaults=0x0 flags=0x60 kind=[null])
01-20 08:50:43.444: V/NotificationService(361): notifications are enabled for com.rec.kuciaba.andrzej.officetime
01-20 08:50:43.445: V/NotificationService(361): Assigned score=20 to Notification(pri=2 contentView=com.rec.kuciaba.andrzej.officetime/0x109007d vibrate=null sound=null defaults=0x0 flags=0x60 kind=[null])
01-20 08:50:43.448: D/NotificationService(361): pakage=com.rec.kuciaba.andrzej.officetime,In NotificationMangerService, this notification soud, leds and vibrate enable
01-20 08:50:53.462: V/NotificationService(361): enqueueNotificationInternal: pkg=com.rec.kuciaba.andrzej.officetime id=2 notification=Notification(pri=2 contentView=com.rec.kuciaba.andrzej.officetime/0x109007d vibrate=null sound=null defaults=0x0 flags=0x60 kind=[null])
01-20 08:50:53.463: V/NotificationService(361): notifications are enabled for com.rec.kuciaba.andrzej.officetime
01-20 08:50:53.463: V/NotificationService(361): Assigned score=20 to Notification(pri=2 contentView=com.rec.kuciaba.andrzej.officetime/0x109007d vibrate=null sound=null defaults=0x0 flags=0x60 kind=[null])
01-20 08:50:53.468: D/NotificationService(361): pakage=com.rec.kuciaba.andrzej.officetime,In NotificationMangerService, this notification soud, leds and vibrate enable
01-20 08:51:03.475: V/NotificationService(361): enqueueNotificationInternal: pkg=com.rec.kuciaba.andrzej.officetime id=2 notification=Notification(pri=2 contentView=com.rec.kuciaba.andrzej.officetime/0x109007d vibrate=null sound=null defaults=0x0 flags=0x60 kind=[null])
01-20 08:51:03.476: V/NotificationService(361): notifications are enabled for com.rec.kuciaba.andrzej.officetime
01-20 08:51:03.476: V/NotificationService(361): Assigned score=20 to Notification(pri=2 contentView=com.rec.kuciaba.andrzej.officetime/0x109007d vibrate=null sound=null defaults=0x0 flags=0x60 kind=[null])
01-20 08:51:03.477: D/NotificationService(361): pakage=com.rec.kuciaba.andrzej.officetime,In NotificationMangerService, this notification soud, leds and vibrate enable
01-20 08:51:13.488: V/NotificationService(361): enqueueNotificationInternal: pkg=com.rec.kuciaba.andrzej.officetime id=2 notification=Notification(pri=2 contentView=com.rec.kuciaba.andrzej.officetime/0x109007d vibrate=null sound=null defaults=0x0 flags=0x60 kind=[null])
01-20 08:51:13.489: V/NotificationService(361): notifications are enabled for com.rec.kuciaba.andrzej.officetime
01-20 08:51:13.489: V/NotificationService(361): Assigned score=20 to Notification(pri=2 contentView=com.rec.kuciaba.andrzej.officetime/0x109007d vibrate=null sound=null defaults=0x0 flags=0x60 kind=[null])
01-20 08:51:13.490: D/NotificationService(361): pakage=com.rec.kuciaba.andrzej.officetime,In NotificationMangerService, this notification soud, leds and vibrate enable
01-20 08:51:23.502: V/NotificationService(361): enqueueNotificationInternal: pkg=com.rec.kuciaba.andrzej.officetime id=2 notification=Notification(pri=2 contentView=com.rec.kuciaba.andrzej.officetime/0x109007d vibrate=null sound=null defaults=0x0 flags=0x60 kind=[null])
01-20 08:51:23.502: V/NotificationService(361): notifications are enabled for com.rec.kuciaba.andrzej.officetime
01-20 08:51:23.503: V/NotificationService(361): Assigned score=20 to Notification(pri=2 contentView=com.rec.kuciaba.andrzej.officetime/0x109007d vibrate=null sound=null defaults=0x0 flags=0x60 kind=[null])
01-20 08:51:23.505: D/NotificationService(361): pakage=com.rec.kuciaba.andrzej.officetime,In NotificationMangerService, this notification soud, leds and vibrate enable
01-20 08:51:33.515: V/NotificationService(361): enqueueNotificationInternal: pkg=com.rec.kuciaba.andrzej.officetime id=2 notification=Notification(pri=2 contentView=com.rec.kuciaba.andrzej.officetime/0x109007d vibrate=null sound=null defaults=0x0 flags=0x60 kind=[null])
01-20 08:51:33.515: V/NotificationService(361): notifications are enabled for com.rec.kuciaba.andrzej.officetime
01-20 08:51:33.516: V/NotificationService(361): Assigned score=20 to Notification(pri=2 contentView=com.rec.kuciaba.andrzej.officetime/0x109007d vibrate=null sound=null defaults=0x0 flags=0x60 kind=[null])
01-20 08:51:33.517: D/NotificationService(361): pakage=com.rec.kuciaba.andrzej.officetime,In NotificationMangerService, this notification soud, leds and vibrate enable
01-20 08:51:43.528: V/NotificationService(361): enqueueNotificationInternal: pkg=com.rec.kuciaba.andrzej.officetime id=2 notification=Notification(pri=2 contentView=com.rec.kuciaba.andrzej.officetime/0x109007d vibrate=null sound=null defaults=0x0 flags=0x60 kind=[null])
01-20 08:51:43.528: V/NotificationService(361): notifications are enabled for com.rec.kuciaba.andrzej.officetime
01-20 08:51:43.529: V/NotificationService(361): Assigned score=20 to Notification(pri=2 contentView=com.rec.kuciaba.andrzej.officetime/0x109007d vibrate=null sound=null defaults=0x0 flags=0x60 kind=[null])
01-20 08:51:43.529: D/NotificationService(361): pakage=com.rec.kuciaba.andrzej.officetime,In NotificationMangerService, this notification soud, leds and vibrate enable
01-20 08:51:53.541: V/NotificationService(361): enqueueNotificationInternal: pkg=com.rec.kuciaba.andrzej.officetime id=2 notification=Notification(pri=2 contentView=com.rec.kuciaba.andrzej.officetime/0x109007d vibrate=null sound=null defaults=0x0 flags=0x60 kind=[null])
01-20 08:51:53.541: V/NotificationService(361): notifications are enabled for com.rec.kuciaba.andrzej.officetime
01-20 08:51:53.542: V/NotificationService(361): Assigned score=20 to Notification(pri=2 contentView=com.rec.kuciaba.andrzej.officetime/0x109007d vibrate=null sound=null defaults=0x0 flags=0x60 kind=[null])
01-20 08:51:53.548: D/NotificationService(361): pakage=com.rec.kuciaba.andrzej.officetime,In NotificationMangerService, this notification soud, leds and vibrate enable
01-20 08:52:03.699: D/FotaDB(18964): Some error occur when create table android.database.sqlite.SQLiteException: table updates already exists (code 1): , while compiling: CREATE TABLE updates (_id integer primary key autoincrement, versionNum text, serverChkSum text, opreateStatus text, downloadResult text, downloadReported integer, downloadReportLog text, upgradeResult text, upgradeReported integer, upgradeReportLog text )
01-20 08:52:07.875: V/NotificationService(361): enqueueNotificationInternal: pkg=com.rec.kuciaba.andrzej.officetime id=1 notification=Notification(pri=2 contentView=com.rec.kuciaba.andrzej.officetime/0x109007d vibrate=null sound=null defaults=0x0 flags=0x60 kind=[null])
01-20 08:52:07.876: V/NotificationService(361): notifications are enabled for com.rec.kuciaba.andrzej.officetime
01-20 08:52:07.876: V/NotificationService(361): Assigned score=20 to Notification(pri=2 contentView=com.rec.kuciaba.andrzej.officetime/0x109007d vibrate=null sound=null defaults=0x0 flags=0x60 kind=[null])
01-20 08:52:07.877: D/NotificationService(361): pakage=com.rec.kuciaba.andrzej.officetime,In NotificationMangerService, this notification soud, leds and vibrate enable
01-20 08:52:08.054: V/NotificationService(361): enqueueNotificationInternal: pkg=com.rec.kuciaba.andrzej.officetime id=2 notification=Notification(pri=2 contentView=com.rec.kuciaba.andrzej.officetime/0x109007d vibrate=null sound=null defaults=0x0 flags=0x60 kind=[null])
01-20 08:52:08.058: V/NotificationService(361): notifications are enabled for com.rec.kuciaba.andrzej.officetime
01-20 08:52:08.059: V/NotificationService(361): Assigned score=20 to Notification(pri=2 contentView=com.rec.kuciaba.andrzej.officetime/0x109007d vibrate=null sound=null defaults=0x0 flags=0x60 kind=[null])
01-20 08:52:08.061: D/NotificationService(361): pakage=com.rec.kuciaba.andrzej.officetime,In NotificationMangerService, this notification soud, leds and vibrate enable
01-20 08:52:12.355: D/StrictMode(19165): 	at android.os.Parcel.readExceptionCode(Parcel.java:1407)
01-20 08:52:12.355: D/StrictMode(19165): 	at android.database.DatabaseUtils.readExceptionFromParcel(DatabaseUtils.java:137)
01-20 08:52:17.797: D/StrictMode(19342): 	at android.os.Parcel.readExceptionCode(Parcel.java:1407)
01-20 08:52:17.797: D/StrictMode(19342): 	at android.database.DatabaseUtils.readExceptionFromParcel(DatabaseUtils.java:137)
01-20 08:52:18.119: V/NotificationService(361): enqueueNotificationInternal: pkg=com.rec.kuciaba.andrzej.officetime id=2 notification=Notification(pri=2 contentView=com.rec.kuciaba.andrzej.officetime/0x109007d vibrate=null sound=null defaults=0x0 flags=0x60 kind=[null])
01-20 08:52:18.120: V/NotificationService(361): notifications are enabled for com.rec.kuciaba.andrzej.officetime
01-20 08:52:18.120: V/NotificationService(361): Assigned score=20 to Notification(pri=2 contentView=com.rec.kuciaba.andrzej.officetime/0x109007d vibrate=null sound=null defaults=0x0 flags=0x60 kind=[null])
01-20 08:52:18.133: D/NotificationService(361): pakage=com.rec.kuciaba.andrzej.officetime,In NotificationMangerService, this notification soud, leds and vibrate enable
01-20 08:52:23.713: V/MediaProvider/DrmHelper(3880): pid=16339, name=com.rec.kuciaba.andrzej.officetime, allow=false
01-20 08:52:28.181: V/NotificationService(361): enqueueNotificationInternal: pkg=com.rec.kuciaba.andrzej.officetime id=2 notification=Notification(pri=2 contentView=com.rec.kuciaba.andrzej.officetime/0x109007d vibrate=null sound=null defaults=0x0 flags=0x60 kind=[null])
01-20 08:52:28.181: V/NotificationService(361): notifications are enabled for com.rec.kuciaba.andrzej.officetime
01-20 08:52:28.181: V/NotificationService(361): Assigned score=20 to Notification(pri=2 contentView=com.rec.kuciaba.andrzej.officetime/0x109007d vibrate=null sound=null defaults=0x0 flags=0x60 kind=[null])
01-20 08:52:28.287: D/NotificationService(361): pakage=com.rec.kuciaba.andrzej.officetime,In NotificationMangerService, this notification soud, leds and vibrate enable
01-20 08:52:38.296: V/NotificationService(361): enqueueNotificationInternal: pkg=com.rec.kuciaba.andrzej.officetime id=2 notification=Notification(pri=2 contentView=com.rec.kuciaba.andrzej.officetime/0x109007d vibrate=null sound=null defaults=0x0 flags=0x60 kind=[null])
01-20 08:52:38.297: V/NotificationService(361): notifications are enabled for com.rec.kuciaba.andrzej.officetime
01-20 08:52:38.297: V/NotificationService(361): Assigned score=20 to Notification(pri=2 contentView=com.rec.kuciaba.andrzej.officetime/0x109007d vibrate=null sound=null defaults=0x0 flags=0x60 kind=[null])
01-20 08:52:38.298: D/NotificationService(361): pakage=com.rec.kuciaba.andrzej.officetime,In NotificationMangerService, this notification soud, leds and vibrate enable
01-20 08:52:48.309: V/NotificationService(361): enqueueNotificationInternal: pkg=com.rec.kuciaba.andrzej.officetime id=2 notification=Notification(pri=2 contentView=com.rec.kuciaba.andrzej.officetime/0x109007d vibrate=null sound=null defaults=0x0 flags=0x60 kind=[null])
01-20 08:52:48.310: V/NotificationService(361): notifications are enabled for com.rec.kuciaba.andrzej.officetime
01-20 08:52:48.310: V/NotificationService(361): Assigned score=20 to Notification(pri=2 contentView=com.rec.kuciaba.andrzej.officetime/0x109007d vibrate=null sound=null defaults=0x0 flags=0x60 kind=[null])
01-20 08:52:48.311: D/NotificationService(361): pakage=com.rec.kuciaba.andrzej.officetime,In NotificationMangerService, this notification soud, leds and vibrate enable
01-20 08:52:58.434: V/NotificationService(361): enqueueNotificationInternal: pkg=com.rec.kuciaba.andrzej.officetime id=2 notification=Notification(pri=2 contentView=com.rec.kuciaba.andrzej.officetime/0x109007d vibrate=null sound=null defaults=0x0 flags=0x60 kind=[null])
01-20 08:52:58.435: V/NotificationService(361): notifications are enabled for com.rec.kuciaba.andrzej.officetime
